{
    "sarscov2 single-end [fastqc] [multiple configs]": {
        "content": [
            [
                "versions.yml:md5,8968b114a3e20756d8af2b80713bcc4f"
            ]
        ],
        "timestamp": "2026-03-17T16:15:42.577775492",
        "meta": {
            "nf-test": "0.9.2",
            "nextflow": "25.04.6"
        },
        "timestamp": "2025-09-08T20:57:36.139055243"
    },
    "sarscov2 single-end [fastqc]": {
        "content": [
            [
                "multiqc_report.html",
                "multiqc_data",
                "multiqc_plots",
                "versions.yml:md5,8968b114a3e20756d8af2b80713bcc4f"
            ]
        ],
        "timestamp": "2026-03-17T16:21:17.072841555",
        "meta": {
            "nf-test": "0.9.2",
            "nextflow": "25.04.6"
        },
        "timestamp": "2025-09-08T20:59:15.142230631"
    },
    "sarscov2 single-end [fastqc] - stub": {
        "content": [
            [
                "versions.yml:md5,8968b114a3e20756d8af2b80713bcc4f"
            ]
        ],
        "timestamp": "2026-02-26T15:14:39.789193051",
        "meta": {
            "nf-test": "0.9.2",
            "nextflow": "25.04.6"
        },
        "timestamp": "2025-09-08T20:58:29.629087066"
    }
}