{
    "-profile test": {
        "content": [
            {
                "ADJUST_MAXBIN2_EXT": {
                    "coreutils": 9.5
                },
                "BOWTIE2_ASSEMBLY_ALIGN": {
                    "bowtie2": "2.4.2",
                    "pigz": "2.3.4",
                    "samtools": 1.11
                },
                "BOWTIE2_ASSEMBLY_BUILD": {
                    "bowtie2": "2.4.2"
                },
                "BOWTIE2_PHIX_REMOVAL_ALIGN": {
                    "bowtie2": "2.4.2"
                },
                "BOWTIE2_PHIX_REMOVAL_BUILD": {
                    "bowtie2": "2.4.2"
                },
                "BUSCO_UNTAR": {
                    "untar": 1.34
                },
                "CAT_DB_UNTAR": {
                    "untar": 1.34
                },
                "CAT_FASTQ": {
                    "cat": 9.5
                },
                "CONVERT_DEPTHS": {
                    "bioawk": 20110810
                },
                "FASTP": {
                    "fastp": "1.0.1"
                },
                "FASTQC_RAW": {
                    "fastqc": "0.12.1"
                },
                "FASTQC_TRIMMED": {
                    "fastqc": "0.12.1"
                },
                "GTDBTK_DB_PREPARATION": {
                    "tar": 1.34
                },
                "GUNZIP_SHORTREAD_ASSEMBLIES": {
                    "gunzip": 1.13
                },
                "GUNZIP_UNBINS": {
                    "gunzip": 1.13
                },
                "MAXBIN2": {
                    "maxbin2": "2.2.7"
                },
                "MEGAHIT": {
                    "megahit": "1.2.9"
                },
                "METABAT2_JGISUMMARIZEBAMCONTIGDEPTHS_SHORTREAD": {
                    "metabat2": 2.15
                },
                "METASPADES": {
                    "spades": "4.1.0"
                },
                "PRODIGAL": {
                    "pigz": 2.6,
                    "prodigal": "2.6.3"
                },
                "PROKKA": {
                    "prokka": "1.14.6"
                },
                "QUAST": {
                    "metaquast": "5.0.2",
                    "python": "3.7.6"
                },
                "SEMIBIN_SINGLEEASYBIN": {
                    "SemiBin": "2.2.0"
                },
                "SPLIT_FASTA": {
                    "biopython": "1.74",
                    "pandas": "1.1.5",
                    "python": "3.6.7"
                },
                "Workflow": {
                    "nf-core/mag": "v5.5.0dev"
                }
            }
        ],
        "timestamp": "2026-04-09T08:46:07.068667365",
        "meta": {
            "nf-test": "0.9.5",
            "nextflow": "25.10.4"
        }
    },
    "multiqc": {
        "content": [
            [
                
            ],
            [
                
            ]
        ],
        "timestamp": "2026-04-09T08:46:07.094894014",
        "meta": {
            "nf-test": "0.9.5",
            "nextflow": "25.10.4"
        }
    }
}