{
    "QC_shortreads": {
        "content": [
            [
                "fastqc/test_minigut_run0_raw_1_fastqc.html",
                "fastqc/test_minigut_run0_raw_2_fastqc.html",
                "fastqc/test_minigut_run0_trimmed_1_fastqc.html",
                "fastqc/test_minigut_run0_trimmed_2_fastqc.html",
                "fastqc/test_minigut_sample2_run0_raw_1_fastqc.html",
                "fastqc/test_minigut_sample2_run0_raw_2_fastqc.html",
                "fastqc/test_minigut_sample2_run0_trimmed_1_fastqc.html",
                "fastqc/test_minigut_sample2_run0_trimmed_2_fastqc.html",
                "remove_phix/test_minigut_run0_phix_removed.bowtie2.log",
                "remove_phix/test_minigut_sample2_run0_phix_removed.bowtie2.log"
            ],
            [
                "test_minigut_run0_phix_removed.bowtie2.log:md5,4f10d4bc2b3f0be722807bbf16659621",
                "test_minigut_sample2_run0_phix_removed.bowtie2.log:md5,f1530d72fd5626bb98c60400b294dc18"
            ]
        ],
        "meta": {
            "nf-test": "0.9.2",
            "nextflow": "25.04.3"
        },
        "timestamp": "2025-06-21T08:21:35.551549408"
    },
    "-profile test_minimal": {
        "content": [
            8,
            {
                "BOWTIE2_PHIX_REMOVAL_ALIGN": {
                    "bowtie2": "2.4.2"
                },
                "BOWTIE2_PHIX_REMOVAL_BUILD": {
                    "bowtie2": "2.4.2"
                },
                "FASTQC_RAW": {
                    "fastqc": "0.12.1"
                },
                "FASTQC_TRIMMED": {
                    "fastqc": "0.12.1"
                },
                "Workflow": {
                    "nf-core/mag": "v5.3.0dev"
                }
            }
        ],
        "meta": {
            "nf-test": "0.9.3",
            "nextflow": "25.10.0"
        },
        "timestamp": "2025-11-07T11:44:39.568035358"
    },
    "multiqc": {
        "content": [
            [
                "multiqc/multiqc_data/bowtie2_pe_plot.yaml",
                "multiqc/multiqc_data/fastqc-1-status-check-heatmap.yaml",
                "multiqc/multiqc_data/fastqc-1_per_base_n_content_plot.yaml",
                "multiqc/multiqc_data/fastqc-1_per_base_sequence_quality_plot.yaml",
                "multiqc/multiqc_data/fastqc-1_per_sequence_gc_content_plot_Counts.yaml",
                "multiqc/multiqc_data/fastqc-1_per_sequence_gc_content_plot_Percentages.yaml",
                "multiqc/multiqc_data/fastqc-1_per_sequence_quality_scores_plot.yaml",
                "multiqc/multiqc_data/fastqc-1_sequence_counts_plot.yaml",
                "multiqc/multiqc_data/fastqc-1_sequence_duplication_levels_plot.yaml",
                "multiqc/multiqc_data/fastqc-status-check-heatmap.yaml",
                "multiqc/multiqc_data/fastqc_per_base_n_content_plot.yaml",
                "multiqc/multiqc_data/fastqc_per_base_sequence_quality_plot.yaml",
                "multiqc/multiqc_data/fastqc_per_sequence_gc_content_plot_Counts.yaml",
                "multiqc/multiqc_data/fastqc_per_sequence_gc_content_plot_Percentages.yaml",
                "multiqc/multiqc_data/fastqc_per_sequence_quality_scores_plot.yaml",
                "multiqc/multiqc_data/fastqc_sequence_counts_plot.yaml",
                "multiqc/multiqc_data/fastqc_sequence_duplication_levels_plot.yaml",
                "multiqc/multiqc_data/llms-full.txt",
                "multiqc/multiqc_data/multiqc.log",
                "multiqc/multiqc_data/multiqc.parquet",
                "multiqc/multiqc_data/multiqc_bowtie2.yaml",
                "multiqc/multiqc_data/multiqc_citations.yaml",
                "multiqc/multiqc_data/multiqc_data.json",
                "multiqc/multiqc_data/multiqc_fastqc.yaml",
                "multiqc/multiqc_data/multiqc_fastqc_fastqc-1.yaml",
                "multiqc/multiqc_data/multiqc_general_stats.yaml",
                "multiqc/multiqc_data/multiqc_software_versions.yaml",
                "multiqc/multiqc_data/multiqc_sources.yaml",
                "multiqc/multiqc_plots/pdf/bowtie2_pe_plot-cnt.pdf",
                "multiqc/multiqc_plots/pdf/bowtie2_pe_plot-pct.pdf",
                "multiqc/multiqc_plots/pdf/fastqc-1_per_base_n_content_plot.pdf",
                "multiqc/multiqc_plots/pdf/fastqc-1_per_base_sequence_quality_plot.pdf",
                "multiqc/multiqc_plots/pdf/fastqc-1_per_sequence_gc_content_plot_Counts.pdf",
                "multiqc/multiqc_plots/pdf/fastqc-1_per_sequence_gc_content_plot_Percentages.pdf",
                "multiqc/multiqc_plots/pdf/fastqc-1_per_sequence_quality_scores_plot.pdf",
                "multiqc/multiqc_plots/pdf/fastqc-1_sequence_counts_plot-cnt.pdf",
                "multiqc/multiqc_plots/pdf/fastqc-1_sequence_counts_plot-pct.pdf",
                "multiqc/multiqc_plots/pdf/fastqc-1_sequence_duplication_levels_plot.pdf",
                "multiqc/multiqc_plots/pdf/fastqc_per_base_n_content_plot.pdf",
                "multiqc/multiqc_plots/pdf/fastqc_per_base_sequence_quality_plot.pdf",
                "multiqc/multiqc_plots/pdf/fastqc_per_sequence_gc_content_plot_Counts.pdf",
                "multiqc/multiqc_plots/pdf/fastqc_per_sequence_gc_content_plot_Percentages.pdf",
                "multiqc/multiqc_plots/pdf/fastqc_per_sequence_quality_scores_plot.pdf",
                "multiqc/multiqc_plots/pdf/fastqc_sequence_counts_plot-cnt.pdf",
                "multiqc/multiqc_plots/pdf/fastqc_sequence_counts_plot-pct.pdf",
                "multiqc/multiqc_plots/pdf/fastqc_sequence_duplication_levels_plot.pdf",
                "multiqc/multiqc_plots/png/bowtie2_pe_plot-cnt.png",
                "multiqc/multiqc_plots/png/bowtie2_pe_plot-pct.png",
                "multiqc/multiqc_plots/png/fastqc-1_per_base_n_content_plot.png",
                "multiqc/multiqc_plots/png/fastqc-1_per_base_sequence_quality_plot.png",
                "multiqc/multiqc_plots/png/fastqc-1_per_sequence_gc_content_plot_Counts.png",
                "multiqc/multiqc_plots/png/fastqc-1_per_sequence_gc_content_plot_Percentages.png",
                "multiqc/multiqc_plots/png/fastqc-1_per_sequence_quality_scores_plot.png",
                "multiqc/multiqc_plots/png/fastqc-1_sequence_counts_plot-cnt.png",
                "multiqc/multiqc_plots/png/fastqc-1_sequence_counts_plot-pct.png",
                "multiqc/multiqc_plots/png/fastqc-1_sequence_duplication_levels_plot.png",
                "multiqc/multiqc_plots/png/fastqc_per_base_n_content_plot.png",
                "multiqc/multiqc_plots/png/fastqc_per_base_sequence_quality_plot.png",
                "multiqc/multiqc_plots/png/fastqc_per_sequence_gc_content_plot_Counts.png",
                "multiqc/multiqc_plots/png/fastqc_per_sequence_gc_content_plot_Percentages.png",
                "multiqc/multiqc_plots/png/fastqc_per_sequence_quality_scores_plot.png",
                "multiqc/multiqc_plots/png/fastqc_sequence_counts_plot-cnt.png",
                "multiqc/multiqc_plots/png/fastqc_sequence_counts_plot-pct.png",
                "multiqc/multiqc_plots/png/fastqc_sequence_duplication_levels_plot.png",
                "multiqc/multiqc_plots/svg/bowtie2_pe_plot-cnt.svg",
                "multiqc/multiqc_plots/svg/bowtie2_pe_plot-pct.svg",
                "multiqc/multiqc_plots/svg/fastqc-1_per_base_n_content_plot.svg",
                "multiqc/multiqc_plots/svg/fastqc-1_per_base_sequence_quality_plot.svg",
                "multiqc/multiqc_plots/svg/fastqc-1_per_sequence_gc_content_plot_Counts.svg",
                "multiqc/multiqc_plots/svg/fastqc-1_per_sequence_gc_content_plot_Percentages.svg",
                "multiqc/multiqc_plots/svg/fastqc-1_per_sequence_quality_scores_plot.svg",
                "multiqc/multiqc_plots/svg/fastqc-1_sequence_counts_plot-cnt.svg",
                "multiqc/multiqc_plots/svg/fastqc-1_sequence_counts_plot-pct.svg",
                "multiqc/multiqc_plots/svg/fastqc-1_sequence_duplication_levels_plot.svg",
                "multiqc/multiqc_plots/svg/fastqc_per_base_n_content_plot.svg",
                "multiqc/multiqc_plots/svg/fastqc_per_base_sequence_quality_plot.svg",
                "multiqc/multiqc_plots/svg/fastqc_per_sequence_gc_content_plot_Counts.svg",
                "multiqc/multiqc_plots/svg/fastqc_per_sequence_gc_content_plot_Percentages.svg",
                "multiqc/multiqc_plots/svg/fastqc_per_sequence_quality_scores_plot.svg",
                "multiqc/multiqc_plots/svg/fastqc_sequence_counts_plot-cnt.svg",
                "multiqc/multiqc_plots/svg/fastqc_sequence_counts_plot-pct.svg",
                "multiqc/multiqc_plots/svg/fastqc_sequence_duplication_levels_plot.svg",
                "multiqc/multiqc_report.html"
            ],
            [
                "bowtie2_pe_plot.yaml:md5,2d7ab6533274a65092fca46026274f4d",
                "fastqc-1-status-check-heatmap.yaml:md5,d12f9971085a7f5d75ce27b0f39d9634",
                "fastqc-1_per_base_n_content_plot.yaml:md5,26ce498e1e954cf5abb64eb6a2ac21c9",
                "fastqc-1_per_base_sequence_quality_plot.yaml:md5,4f6d6bfa43ffca593045203774d798e0",
                "fastqc-1_per_sequence_gc_content_plot_Counts.yaml:md5,46ef2d8474c0ad1614512a148215cfbc",
                "fastqc-1_per_sequence_gc_content_plot_Percentages.yaml:md5,463a8ee72ef5e7be6397e7a7b546b6ed",
                "fastqc-1_per_sequence_quality_scores_plot.yaml:md5,055849ce72423c26bdb0daaffe523523",
                "fastqc-1_sequence_counts_plot.yaml:md5,59acbe311b14c6fdff8889a5dc0be188",
                "fastqc-1_sequence_duplication_levels_plot.yaml:md5,943e6c1dd6d2e3dab955ccd9f8a4fa32",
                "fastqc-status-check-heatmap.yaml:md5,45096eff6b0531cbe7ba0771e272d65d",
                "fastqc_per_base_n_content_plot.yaml:md5,ea488ff73d10d4a84b551020409db087",
                "fastqc_per_base_sequence_quality_plot.yaml:md5,73a043ea7f124e6474ac11270533de03",
                "fastqc_per_sequence_gc_content_plot_Counts.yaml:md5,c900477e0cd3a369f269bc65857377ed",
                "fastqc_per_sequence_gc_content_plot_Percentages.yaml:md5,84477f6801dcadfe0d759c2c50799b6e",
                "fastqc_per_sequence_quality_scores_plot.yaml:md5,c04ad6e6a6d61f2bbc238c61e1883317",
                "fastqc_sequence_counts_plot.yaml:md5,d9fd3b9d7b190aba26702cf73a50bd20",
                "fastqc_sequence_duplication_levels_plot.yaml:md5,73719c3f3fa610204a42cd7155d73db1",
                "multiqc_bowtie2.yaml:md5,ec545a7f2fb2063843656189a8f230d3",
                "multiqc_citations.yaml:md5,05dac77128eb2753da32070f6f51b242",
                "multiqc_fastqc.yaml:md5,f50da8bfd062b9399911ba19b34831db",
                "multiqc_fastqc_fastqc-1.yaml:md5,fb8bb23de40d40e481288c8b8f56fb53",
                "multiqc_general_stats.yaml:md5,7af44ea787e0cd5aa679fb7e7e7370f8"
            ]
        ],
        "meta": {
            "nf-test": "0.9.3",
            "nextflow": "25.10.0"
        },
        "timestamp": "2025-11-20T08:03:02.523896412"
    }
}