{
    "all": {
        "content": [
            51,
            {
                "ADJUST_MAXBIN2_EXT": {
                    "coreutils": 9.5
                },
                "BIN_SUMMARY": {
                    "python": "3.10.6",
                    "pandas": "1.4.3"
                },
                "BOWTIE2_ASSEMBLY_ALIGN": {
                    "bowtie2": "2.4.2",
                    "samtools": 1.11,
                    "pigz": "2.3.4"
                },
                "BOWTIE2_ASSEMBLY_BUILD": {
                    "bowtie2": "2.4.2"
                },
                "BOWTIE2_HOST_REMOVAL_ALIGN": {
                    "bowtie2": "2.4.2"
                },
                "BOWTIE2_HOST_REMOVAL_BUILD": {
                    "bowtie2": "2.4.2"
                },
                "BOWTIE2_PHIX_REMOVAL_ALIGN": {
                    "bowtie2": "2.4.2"
                },
                "BOWTIE2_PHIX_REMOVAL_BUILD": {
                    "bowtie2": "2.4.2"
                },
                "BUSCO_BUSCO": {
                    "busco": "6.0.0"
                },
                "BUSCO_UNTAR": {
                    "untar": 1.34
                },
                "CHOPPER": {
                    "chopper": "0.8.0"
                },
                "CONCAT_BINQC_TSV": {
                    "csvtk": "0.31.0"
                },
                "CONVERT_DEPTHS": {
                    "bioawk": 20110810
                },
                "FASTP": {
                    "fastp": "0.24.0"
                },
                "FASTQC_RAW": {
                    "fastqc": "0.12.1"
                },
                "FASTQC_TRIMMED": {
                    "fastqc": "0.12.1"
                },
                "GUNZIP_BINS": {
                    "gunzip": 1.13
                },
                "GUNZIP_SHORTREAD_ASSEMBLIES": {
                    "gunzip": 1.13
                },
                "MAG_DEPTHS": {
                    "python": "3.6.7",
                    "pandas": "1.1.5"
                },
                "MAG_DEPTHS_SUMMARY": {
                    "python": "3.10.6",
                    "pandas": "1.4.3"
                },
                "MAXBIN2": {
                    "maxbin2": "2.2.7"
                },
                "METABAT2_JGISUMMARIZEBAMCONTIGDEPTHS_SHORTREAD": {
                    "metabat2": 2.15
                },
                "METABAT2_METABAT2": {
                    "metabat2": 2.17
                },
                "METASPADESHYBRID": {
                    "spades": "4.1.0"
                },
                "MINIMAP2_HOST_ALIGN": {
                    "minimap2": "2.29-r1283",
                    "samtools": 1.21
                },
                "MINIMAP2_HOST_INDEX": {
                    "minimap2": "2.29-r1283"
                },
                "NANOPLOT_FILTERED": {
                    "nanoplot": "1.46.1"
                },
                "NANOPLOT_RAW": {
                    "nanoplot": "1.46.1"
                },
                "POOL_LONG_READS": {
                    "cat": 9.5
                },
                "PORECHOP_PORECHOP": {
                    "porechop": "0.2.4"
                },
                "PRODIGAL": {
                    "prodigal": "2.6.3",
                    "pigz": 2.6
                },
                "PROKKA": {
                    "prokka": "1.14.6"
                },
                "QUAST": {
                    "python": "3.7.6",
                    "metaquast": "5.0.2"
                },
                "QUAST_BINS": {
                    "python": "3.7.6",
                    "metaquast": "5.0.2"
                },
                "QUAST_BINS_SUMMARY": {
                    "cp": 9.5
                },
                "SAMTOOLS_HOSTREMOVED_INDEX": {
                    "samtools": 1.21
                },
                "SAMTOOLS_HOSTREMOVED_STATS": {
                    "samtools": 1.21
                },
                "SAMTOOLS_HOSTREMOVED_UNMAPPED": {
                    "samtools": 1.21
                },
                "SEQKIT_STATS": {
                    "seqkit": "2.9.0"
                },
                "SPLIT_FASTA": {
                    "python": "3.6.7",
                    "biopython": "1.7.4",
                    "pandas": "1.1.5"
                },
                "Workflow": {
                    "nf-core/mag": "v5.1.0"
                }
            },
            [
                "multiqc/multiqc_data/bowtie2_pe_plot.yaml",
                "multiqc/multiqc_data/busco_plot_bacteria_odb10.yaml",
                "multiqc/multiqc_data/fastp-insert-size-plot.yaml",
                "multiqc/multiqc_data/fastp-seq-content-gc-plot_Read_1_After_filtering.yaml",
                "multiqc/multiqc_data/fastp-seq-content-gc-plot_Read_1_Before_filtering.yaml",
                "multiqc/multiqc_data/fastp-seq-content-gc-plot_Read_2_After_filtering.yaml",
                "multiqc/multiqc_data/fastp-seq-content-gc-plot_Read_2_Before_filtering.yaml",
                "multiqc/multiqc_data/fastp-seq-content-n-plot_Read_1_After_filtering.yaml",
                "multiqc/multiqc_data/fastp-seq-content-n-plot_Read_1_Before_filtering.yaml",
                "multiqc/multiqc_data/fastp-seq-content-n-plot_Read_2_After_filtering.yaml",
                "multiqc/multiqc_data/fastp-seq-content-n-plot_Read_2_Before_filtering.yaml",
                "multiqc/multiqc_data/fastp-seq-quality-plot_Read_1_After_filtering.yaml",
                "multiqc/multiqc_data/fastp-seq-quality-plot_Read_1_Before_filtering.yaml",
                "multiqc/multiqc_data/fastp-seq-quality-plot_Read_2_After_filtering.yaml",
                "multiqc/multiqc_data/fastp-seq-quality-plot_Read_2_Before_filtering.yaml",
                "multiqc/multiqc_data/fastp_filtered_reads_plot.yaml",
                "multiqc/multiqc_data/fastqc-1-status-check-heatmap.yaml",
                "multiqc/multiqc_data/fastqc-1_per_base_n_content_plot.yaml",
                "multiqc/multiqc_data/fastqc-1_per_base_sequence_quality_plot.yaml",
                "multiqc/multiqc_data/fastqc-1_per_sequence_gc_content_plot_Counts.yaml",
                "multiqc/multiqc_data/fastqc-1_per_sequence_gc_content_plot_Percentages.yaml",
                "multiqc/multiqc_data/fastqc-1_per_sequence_quality_scores_plot.yaml",
                "multiqc/multiqc_data/fastqc-1_sequence_counts_plot.yaml",
                "multiqc/multiqc_data/fastqc-1_sequence_duplication_levels_plot.yaml",
                "multiqc/multiqc_data/fastqc-status-check-heatmap.yaml",
                "multiqc/multiqc_data/fastqc_per_base_n_content_plot.yaml",
                "multiqc/multiqc_data/fastqc_per_base_sequence_quality_plot.yaml",
                "multiqc/multiqc_data/fastqc_per_sequence_gc_content_plot_Counts.yaml",
                "multiqc/multiqc_data/fastqc_per_sequence_gc_content_plot_Percentages.yaml",
                "multiqc/multiqc_data/fastqc_per_sequence_quality_scores_plot.yaml",
                "multiqc/multiqc_data/fastqc_sequence_counts_plot.yaml",
                "multiqc/multiqc_data/fastqc_sequence_duplication_levels_plot.yaml",
                "multiqc/multiqc_data/fastqc_sequence_length_distribution_plot.yaml",
                "multiqc/multiqc_data/llms-full.txt",
                "multiqc/multiqc_data/multiqc.log",
                "multiqc/multiqc_data/multiqc.parquet",
                "multiqc/multiqc_data/multiqc_bowtie2.yaml",
                "multiqc/multiqc_data/multiqc_bowtie2_bowtie2-1.yaml",
                "multiqc/multiqc_data/multiqc_bowtie2_bowtie2-2.yaml",
                "multiqc/multiqc_data/multiqc_busco.yaml",
                "multiqc/multiqc_data/multiqc_citations.yaml",
                "multiqc/multiqc_data/multiqc_data.json",
                "multiqc/multiqc_data/multiqc_fastp.yaml",
                "multiqc/multiqc_data/multiqc_fastqc.yaml",
                "multiqc/multiqc_data/multiqc_fastqc_fastqc-1.yaml",
                "multiqc/multiqc_data/multiqc_general_stats.yaml",
                "multiqc/multiqc_data/multiqc_prokka.yaml",
                "multiqc/multiqc_data/multiqc_quast.yaml",
                "multiqc/multiqc_data/multiqc_quast_quast-1.yaml",
                "multiqc/multiqc_data/multiqc_software_versions.yaml",
                "multiqc/multiqc_data/multiqc_sources.yaml",
                "multiqc/multiqc_data/porechop.yaml",
                "multiqc/multiqc_data/prokka_plot.yaml",
                "multiqc/multiqc_data/quast_num_contigs.yaml",
                "multiqc/multiqc_data/quast_table.yaml",
                "multiqc/multiqc_plots/pdf/bowtie2_pe_plot-cnt.pdf",
                "multiqc/multiqc_plots/pdf/bowtie2_pe_plot-pct.pdf",
                "multiqc/multiqc_plots/pdf/busco_plot_bacteria_odb10-cnt.pdf",
                "multiqc/multiqc_plots/pdf/busco_plot_bacteria_odb10-pct.pdf",
                "multiqc/multiqc_plots/pdf/fastp-insert-size-plot.pdf",
                "multiqc/multiqc_plots/pdf/fastp-seq-content-gc-plot_Read_1_After_filtering.pdf",
                "multiqc/multiqc_plots/pdf/fastp-seq-content-gc-plot_Read_1_Before_filtering.pdf",
                "multiqc/multiqc_plots/pdf/fastp-seq-content-gc-plot_Read_2_After_filtering.pdf",
                "multiqc/multiqc_plots/pdf/fastp-seq-content-gc-plot_Read_2_Before_filtering.pdf",
                "multiqc/multiqc_plots/pdf/fastp-seq-content-n-plot_Read_1_After_filtering.pdf",
                "multiqc/multiqc_plots/pdf/fastp-seq-content-n-plot_Read_1_Before_filtering.pdf",
                "multiqc/multiqc_plots/pdf/fastp-seq-content-n-plot_Read_2_After_filtering.pdf",
                "multiqc/multiqc_plots/pdf/fastp-seq-content-n-plot_Read_2_Before_filtering.pdf",
                "multiqc/multiqc_plots/pdf/fastp-seq-quality-plot_Read_1_After_filtering.pdf",
                "multiqc/multiqc_plots/pdf/fastp-seq-quality-plot_Read_1_Before_filtering.pdf",
                "multiqc/multiqc_plots/pdf/fastp-seq-quality-plot_Read_2_After_filtering.pdf",
                "multiqc/multiqc_plots/pdf/fastp-seq-quality-plot_Read_2_Before_filtering.pdf",
                "multiqc/multiqc_plots/pdf/fastp_filtered_reads_plot-cnt.pdf",
                "multiqc/multiqc_plots/pdf/fastp_filtered_reads_plot-pct.pdf",
                "multiqc/multiqc_plots/pdf/fastqc-1-status-check-heatmap.pdf",
                "multiqc/multiqc_plots/pdf/fastqc-1_per_base_n_content_plot.pdf",
                "multiqc/multiqc_plots/pdf/fastqc-1_per_base_sequence_quality_plot.pdf",
                "multiqc/multiqc_plots/pdf/fastqc-1_per_sequence_gc_content_plot_Counts.pdf",
                "multiqc/multiqc_plots/pdf/fastqc-1_per_sequence_gc_content_plot_Percentages.pdf",
                "multiqc/multiqc_plots/pdf/fastqc-1_per_sequence_quality_scores_plot.pdf",
                "multiqc/multiqc_plots/pdf/fastqc-1_sequence_counts_plot-cnt.pdf",
                "multiqc/multiqc_plots/pdf/fastqc-1_sequence_counts_plot-pct.pdf",
                "multiqc/multiqc_plots/pdf/fastqc-1_sequence_duplication_levels_plot.pdf",
                "multiqc/multiqc_plots/pdf/fastqc-status-check-heatmap.pdf",
                "multiqc/multiqc_plots/pdf/fastqc_per_base_n_content_plot.pdf",
                "multiqc/multiqc_plots/pdf/fastqc_per_base_sequence_quality_plot.pdf",
                "multiqc/multiqc_plots/pdf/fastqc_per_sequence_gc_content_plot_Counts.pdf",
                "multiqc/multiqc_plots/pdf/fastqc_per_sequence_gc_content_plot_Percentages.pdf",
                "multiqc/multiqc_plots/pdf/fastqc_per_sequence_quality_scores_plot.pdf",
                "multiqc/multiqc_plots/pdf/fastqc_sequence_counts_plot-cnt.pdf",
                "multiqc/multiqc_plots/pdf/fastqc_sequence_counts_plot-pct.pdf",
                "multiqc/multiqc_plots/pdf/fastqc_sequence_duplication_levels_plot.pdf",
                "multiqc/multiqc_plots/pdf/fastqc_sequence_length_distribution_plot.pdf",
                "multiqc/multiqc_plots/pdf/prokka_plot-cnt.pdf",
                "multiqc/multiqc_plots/pdf/prokka_plot-pct.pdf",
                "multiqc/multiqc_plots/pdf/quast_num_contigs-cnt.pdf",
                "multiqc/multiqc_plots/pdf/quast_num_contigs-pct.pdf",
                "multiqc/multiqc_plots/pdf/quast_table.pdf",
                "multiqc/multiqc_plots/png/bowtie2_pe_plot-cnt.png",
                "multiqc/multiqc_plots/png/bowtie2_pe_plot-pct.png",
                "multiqc/multiqc_plots/png/busco_plot_bacteria_odb10-cnt.png",
                "multiqc/multiqc_plots/png/busco_plot_bacteria_odb10-pct.png",
                "multiqc/multiqc_plots/png/fastp-insert-size-plot.png",
                "multiqc/multiqc_plots/png/fastp-seq-content-gc-plot_Read_1_After_filtering.png",
                "multiqc/multiqc_plots/png/fastp-seq-content-gc-plot_Read_1_Before_filtering.png",
                "multiqc/multiqc_plots/png/fastp-seq-content-gc-plot_Read_2_After_filtering.png",
                "multiqc/multiqc_plots/png/fastp-seq-content-gc-plot_Read_2_Before_filtering.png",
                "multiqc/multiqc_plots/png/fastp-seq-content-n-plot_Read_1_After_filtering.png",
                "multiqc/multiqc_plots/png/fastp-seq-content-n-plot_Read_1_Before_filtering.png",
                "multiqc/multiqc_plots/png/fastp-seq-content-n-plot_Read_2_After_filtering.png",
                "multiqc/multiqc_plots/png/fastp-seq-content-n-plot_Read_2_Before_filtering.png",
                "multiqc/multiqc_plots/png/fastp-seq-quality-plot_Read_1_After_filtering.png",
                "multiqc/multiqc_plots/png/fastp-seq-quality-plot_Read_1_Before_filtering.png",
                "multiqc/multiqc_plots/png/fastp-seq-quality-plot_Read_2_After_filtering.png",
                "multiqc/multiqc_plots/png/fastp-seq-quality-plot_Read_2_Before_filtering.png",
                "multiqc/multiqc_plots/png/fastp_filtered_reads_plot-cnt.png",
                "multiqc/multiqc_plots/png/fastp_filtered_reads_plot-pct.png",
                "multiqc/multiqc_plots/png/fastqc-1-status-check-heatmap.png",
                "multiqc/multiqc_plots/png/fastqc-1_per_base_n_content_plot.png",
                "multiqc/multiqc_plots/png/fastqc-1_per_base_sequence_quality_plot.png",
                "multiqc/multiqc_plots/png/fastqc-1_per_sequence_gc_content_plot_Counts.png",
                "multiqc/multiqc_plots/png/fastqc-1_per_sequence_gc_content_plot_Percentages.png",
                "multiqc/multiqc_plots/png/fastqc-1_per_sequence_quality_scores_plot.png",
                "multiqc/multiqc_plots/png/fastqc-1_sequence_counts_plot-cnt.png",
                "multiqc/multiqc_plots/png/fastqc-1_sequence_counts_plot-pct.png",
                "multiqc/multiqc_plots/png/fastqc-1_sequence_duplication_levels_plot.png",
                "multiqc/multiqc_plots/png/fastqc-status-check-heatmap.png",
                "multiqc/multiqc_plots/png/fastqc_per_base_n_content_plot.png",
                "multiqc/multiqc_plots/png/fastqc_per_base_sequence_quality_plot.png",
                "multiqc/multiqc_plots/png/fastqc_per_sequence_gc_content_plot_Counts.png",
                "multiqc/multiqc_plots/png/fastqc_per_sequence_gc_content_plot_Percentages.png",
                "multiqc/multiqc_plots/png/fastqc_per_sequence_quality_scores_plot.png",
                "multiqc/multiqc_plots/png/fastqc_sequence_counts_plot-cnt.png",
                "multiqc/multiqc_plots/png/fastqc_sequence_counts_plot-pct.png",
                "multiqc/multiqc_plots/png/fastqc_sequence_duplication_levels_plot.png",
                "multiqc/multiqc_plots/png/fastqc_sequence_length_distribution_plot.png",
                "multiqc/multiqc_plots/png/prokka_plot-cnt.png",
                "multiqc/multiqc_plots/png/prokka_plot-pct.png",
                "multiqc/multiqc_plots/png/quast_num_contigs-cnt.png",
                "multiqc/multiqc_plots/png/quast_num_contigs-pct.png",
                "multiqc/multiqc_plots/png/quast_table.png",
                "multiqc/multiqc_plots/svg/bowtie2_pe_plot-cnt.svg",
                "multiqc/multiqc_plots/svg/bowtie2_pe_plot-pct.svg",
                "multiqc/multiqc_plots/svg/busco_plot_bacteria_odb10-cnt.svg",
                "multiqc/multiqc_plots/svg/busco_plot_bacteria_odb10-pct.svg",
                "multiqc/multiqc_plots/svg/fastp-insert-size-plot.svg",
                "multiqc/multiqc_plots/svg/fastp-seq-content-gc-plot_Read_1_After_filtering.svg",
                "multiqc/multiqc_plots/svg/fastp-seq-content-gc-plot_Read_1_Before_filtering.svg",
                "multiqc/multiqc_plots/svg/fastp-seq-content-gc-plot_Read_2_After_filtering.svg",
                "multiqc/multiqc_plots/svg/fastp-seq-content-gc-plot_Read_2_Before_filtering.svg",
                "multiqc/multiqc_plots/svg/fastp-seq-content-n-plot_Read_1_After_filtering.svg",
                "multiqc/multiqc_plots/svg/fastp-seq-content-n-plot_Read_1_Before_filtering.svg",
                "multiqc/multiqc_plots/svg/fastp-seq-content-n-plot_Read_2_After_filtering.svg",
                "multiqc/multiqc_plots/svg/fastp-seq-content-n-plot_Read_2_Before_filtering.svg",
                "multiqc/multiqc_plots/svg/fastp-seq-quality-plot_Read_1_After_filtering.svg",
                "multiqc/multiqc_plots/svg/fastp-seq-quality-plot_Read_1_Before_filtering.svg",
                "multiqc/multiqc_plots/svg/fastp-seq-quality-plot_Read_2_After_filtering.svg",
                "multiqc/multiqc_plots/svg/fastp-seq-quality-plot_Read_2_Before_filtering.svg",
                "multiqc/multiqc_plots/svg/fastp_filtered_reads_plot-cnt.svg",
                "multiqc/multiqc_plots/svg/fastp_filtered_reads_plot-pct.svg",
                "multiqc/multiqc_plots/svg/fastqc-1-status-check-heatmap.svg",
                "multiqc/multiqc_plots/svg/fastqc-1_per_base_n_content_plot.svg",
                "multiqc/multiqc_plots/svg/fastqc-1_per_base_sequence_quality_plot.svg",
                "multiqc/multiqc_plots/svg/fastqc-1_per_sequence_gc_content_plot_Counts.svg",
                "multiqc/multiqc_plots/svg/fastqc-1_per_sequence_gc_content_plot_Percentages.svg",
                "multiqc/multiqc_plots/svg/fastqc-1_per_sequence_quality_scores_plot.svg",
                "multiqc/multiqc_plots/svg/fastqc-1_sequence_counts_plot-cnt.svg",
                "multiqc/multiqc_plots/svg/fastqc-1_sequence_counts_plot-pct.svg",
                "multiqc/multiqc_plots/svg/fastqc-1_sequence_duplication_levels_plot.svg",
                "multiqc/multiqc_plots/svg/fastqc-status-check-heatmap.svg",
                "multiqc/multiqc_plots/svg/fastqc_per_base_n_content_plot.svg",
                "multiqc/multiqc_plots/svg/fastqc_per_base_sequence_quality_plot.svg",
                "multiqc/multiqc_plots/svg/fastqc_per_sequence_gc_content_plot_Counts.svg",
                "multiqc/multiqc_plots/svg/fastqc_per_sequence_gc_content_plot_Percentages.svg",
                "multiqc/multiqc_plots/svg/fastqc_per_sequence_quality_scores_plot.svg",
                "multiqc/multiqc_plots/svg/fastqc_sequence_counts_plot-cnt.svg",
                "multiqc/multiqc_plots/svg/fastqc_sequence_counts_plot-pct.svg",
                "multiqc/multiqc_plots/svg/fastqc_sequence_duplication_levels_plot.svg",
                "multiqc/multiqc_plots/svg/fastqc_sequence_length_distribution_plot.svg",
                "multiqc/multiqc_plots/svg/prokka_plot-cnt.svg",
                "multiqc/multiqc_plots/svg/prokka_plot-pct.svg",
                "multiqc/multiqc_plots/svg/quast_num_contigs-cnt.svg",
                "multiqc/multiqc_plots/svg/quast_num_contigs-pct.svg",
                "multiqc/multiqc_plots/svg/quast_table.svg",
                "multiqc/multiqc_report.html"
            ]
        ],
        "meta": {
            "nf-test": "0.9.2",
            "nextflow": "25.04.7"
        },
        "timestamp": "2025-10-29T12:19:38.17515207"
    },
    "QC_shortreads": {
        "content": [
            [
                "minigut_run0_fastp.fastp.html:md5,1abadb73ed838c0182b2f53a13d8196d",
                "minigut_run0_fastp.fastp.json:md5,7e87f68c83792bca7ab679fcb5c31fea",
                "minigut_run0_host_removed.bowtie2.log:md5,7f8750bca9c172f14c13703bfaa9aaa5"
            ]
        ],
        "meta": {
            "nf-test": "0.9.2",
            "nextflow": "25.04.7"
        },
        "timestamp": "2025-10-29T15:43:17.720242159"
    },
    "GenomeBinning": {
        "content": [
            [
                "SPAdesHybrid-MaxBin2-minigut.summary:md5,8281bbf1dc75188fe91523c17319a54e",
                "SPAdesHybrid-MaxBin2-minigut.001.fa.gz:md5,6c5e710b9a2be9680ddbb6354c4d7ce7",
                "SPAdesHybrid-MaxBin2-minigut.002.fa.gz:md5,8f73eea6e49d9420854bc52feceb6d37",
                "SPAdesHybrid-MaxBin2-minigut.tooshort.gz:md5,ac54794397ecdc398e3bb60601a61dd8",
                "SPAdesHybrid-MaxBin2-minigut.noclass.pooled.fa.gz:md5,d41d8cd98f00b204e9800998ecf8427e",
                "SPAdesHybrid-MaxBin2-minigut.noclass.remaining.fa.gz:md5,d41d8cd98f00b204e9800998ecf8427e",
                "SPAdesHybrid-MetaBAT2-minigut.1.fa.gz:md5,a570b16c778edf595562a061ce8f756a",
                "SPAdesHybrid-MetaBAT2-minigut.2.fa.gz:md5,0082dc6b578f7a9872300e0c4b4e7d1d",
                "SPAdesHybrid-MetaBAT2-minigut.lowDepth.fa.gz:md5,d41d8cd98f00b204e9800998ecf8427e",
                "SPAdesHybrid-MetaBAT2-minigut.tooShort.fa.gz:md5,b7f328f2c5f75a62b9e283886103b938",
                "SPAdesHybrid-MetaBAT2-minigut.unbinned.remaining.fa.gz:md5,d41d8cd98f00b204e9800998ecf8427e",
                "minigut-bacteria_odb10-busco.batch_summary.txt:md5,1e73a7cdfbf040b4106e7578565e3d68",
                ".checkpoint:md5,e7b07a2d14bf7cc280fc6458b8653c7a",
                "full_table.tsv:md5,08f21a22ec548bf0135f50b9a082a85f",
                ".checkpoint:md5,379d066a8d00698f4ae7ba6b3d3a194b",
                "1009041at2.out:md5,15bf7e1e6b6ec123df95a89b51b12196",
                "1024388at2.out:md5,20dd2138276400e4d4538837876b44b6",
                "1036075at2.out:md5,39520afcf886e0cf7e152694db20a103",
                "1043239at2.out:md5,4d0be5810282335f1082f702695010ba",
                "1049662at2.out:md5,53c03752b91997d82a8fe005c8c77c0d",
                "1054741at2.out:md5,edb1ff2a7ab1b0d4c11fa496e64d40ee",
                "1069591at2.out:md5,fe81b0d8202906e6ca826b4790e05575",
                "1074831at2.out:md5,f8526333a7f019071683844ae51c0638",
                "1080436at2.out:md5,d55f390c6bad5351d120457df3e0b855",
                "1093223at2.out:md5,bcbdd8537446079eb0f9a47157dc5842",
                "1132353at2.out:md5,4735ad911020b07a950469afc345898c",
                "1151822at2.out:md5,bf2a9e46be6e7a6bfe2f737cca039e62",
                "1166299at2.out:md5,4f1042c4455a466163ea08ae8f4b7289",
                "1211060at2.out:md5,e30168fe6d7e92e1c9ae66caf98802bb",
                "1257362at2.out:md5,eb786204bde847a6af34c641b83bd4d6",
                "1266295at2.out:md5,51b33a5ffcb55b2aebe6e8e4611794b6",
                "1270636at2.out:md5,c4312cbd2acaa4bfaeb3a6aa8ee9d7ad",
                "1272633at2.out:md5,cc353d4553814afda5bdd793ef812b67",
                "1346419at2.out:md5,f67c05d68c0f8cc76af83596f15b2374",
                "1395197at2.out:md5,cbc1ff1bbea94c1b07cdb57e8d9edac4",
                "1398618at2.out:md5,2a63a067d93781ee8a4c40be1ee3dbae",
                "1419877at2.out:md5,3ed77cfa271720877ea6dd0783c77894",
                "143460at2.out:md5,5f8fe79396d6e876a448f99e9a75ac37",
                "1456375at2.out:md5,73070c60dbcc342ba63b907750124e1f",
                "1470978at2.out:md5,9817a60e12c07be925e36ca6049ed8ed",
                "1490892at2.out:md5,70474f513bdbdc451f4b5b45620c2848",
                "1491686at2.out:md5,1d0e57499f8d8532548cbb1a9ff57f3f",
                "1497415at2.out:md5,550bb61cdcc06fc4d1a2b680cca62cb0",
                "1502854at2.out:md5,8761a3f41ba3bd044796cbcfb9e0e3b8",
                "1504821at2.out:md5,a6dbaba6a762eee15f08be23f63746ec",
                "1505038at2.out:md5,5c67f17197cf91a81598e345bfe4527e",
                "1540940at2.out:md5,e849b41874ddc56bd08600207d1f362b",
                "1567535at2.out:md5,aed01a353d20d0e5a06a58a2892fb207",
                "1572673at2.out:md5,b51f8cfdfeff29d4781cda2a824280f3",
                "1574817at2.out:md5,e725a87f5fd4fd54546fe8610e096ee2",
                "1590629at2.out:md5,c3b78d79903bd7a42929db6575dc03ba",
                "1592033at2.out:md5,2b5fe9cf141ec7557768ab47e8d76e1a",
                "1595498at2.out:md5,8a88c820cf990144bc798c22929bc735",
                "1623045at2.out:md5,8a9d2bc1f292fab637dc08f04a274296",
                "1661836at2.out:md5,a728affffaacccaebf7f85dfab960049",
                "1666043at2.out:md5,bc83053ce2aed7e5b1afe837764f390a",
                "1671455at2.out:md5,19b3279e2cdfb25946ba362d7d34266e",
                "1674344at2.out:md5,742dbc85acce3227ee2d8d31f5a5c110",
                "1676462at2.out:md5,8b9db4d53f200bb00daee41158672958",
                "1692188at2.out:md5,e7b90153a73579fb96fcd46cb0de8a02",
                "1698718at2.out:md5,c5424e6be4c9c7f120c2e3f780d6ddda",
                "1701531at2.out:md5,ef94f9d137df39dc1b5ec859508b3f78",
                "1702697at2.out:md5,d695f4da6daf16c487b77ae5b81c4bfd",
                "1707228at2.out:md5,feb4d43c56cd120b925270dea52467fb",
                "1713391at2.out:md5,cb6ceaf28e52bae5b13979c33147f72a",
                "1720952at2.out:md5,b41a5f447d449fec33e729b136d0efef",
                "1758685at2.out:md5,025fe2a52cc1de70d96325bfc5a270d8",
                "1760144at2.out:md5,14626719863fa0f38ca39c91dab04478",
                "1766414at2.out:md5,1abd61138fd73ab24d16bbc027d1be49",
                "1772647at2.out:md5,f74f953f633ec47211419d1b6e011e68",
                "1776954at2.out:md5,6af6cf7f83091d56713a5c34080cc15f",
                "1786618at2.out:md5,153a23c358b8360dacb57ab85f0b0763",
                "1799923at2.out:md5,b61cfc35bded71f253ff0dd7ce275c1c",
                "182107at2.out:md5,25eb070624bd0f0ee7478585d7662cb3",
                "1822215at2.out:md5,d26968f0204c7b3e55f56dbde40f5ac4",
                "1822695at2.out:md5,20d61159221414dfdee19d2d53173661",
                "1827295at2.out:md5,fa3632cf5e930fd36c15fe6070e56a85",
                "1827334at2.out:md5,7fa36775647a960c26948e3edcbbde0f",
                "1830156at2.out:md5,1acf1a714bb183f85be81630e286c420",
                "1838961at2.out:md5,346122cb6fd51d471070a243fb0cd56a",
                "1842956at2.out:md5,ff06b415baa03f16d929ad629a258e48",
                "1844275at2.out:md5,6504f3966b5b4cd6eb814b526f20b31d",
                "1846503at2.out:md5,e3ea9cbd9123f722c958fd0ffcc30135",
                "1874945at2.out:md5,d657dada9b6e5dfceb53eba03c668ebc",
                "1890943at2.out:md5,5c06a3e74f47ff5e2500ff78373505bf",
                "1893906at2.out:md5,c21369875f498c5c2474d42c317c1980",
                "1904463at2.out:md5,b836cf0589b5251a0d0fe98d50445a04",
                "1906715at2.out:md5,f0ffbf682576674bfff82ada675a1cce",
                "1932144at2.out:md5,d27a82e44292291f5fdd3795dba1bd7a",
                "1937072at2.out:md5,240ffc8ef23fe7db84e935c4dce93b87",
                "1937493at2.out:md5,817fa07279a903ffa8c04086cdbf47a7",
                "1940575at2.out:md5,bb614063fb7c237270c5ccd9bbf5f9ee",
                "1949059at2.out:md5,fd1a33e07f5a690a08955b74cca0d722",
                "1959318at2.out:md5,20ed616f5fdeb44b39a182b5445140f4",
                "1963491at2.out:md5,2dfcb49cd9491e78e42b872236f7f3c2",
                "1971380at2.out:md5,dd72917600d848c26be97f2be7c73b84",
                "1978865at2.out:md5,3ca3009fa0f1e47dd39f67c3a64410a3",
                "1990141at2.out:md5,00ae80a4d29064b1e7845181313547fb",
                "1990650at2.out:md5,7183754674df5c2e1e46b6fa9cb0feb2",
                "2005443at2.out:md5,7399fdd3b9e6b368c4ef80458fb63a19",
                "2012682at2.out:md5,c59a6acda15f4db188c271af73b305fd",
                "2035880at2.out:md5,e9bd119a2c9f679aa7899b6cb378f1d5",
                "2040741at2.out:md5,8421cc2b428cb20b7a05d0372d6d3aee",
                "2046660at2.out:md5,5fbb19c0ee0910c5739589a6bfd59944",
                "2063644at2.out:md5,7bc93b4a23cb69f241a5424bd69fefd2",
                "2066663at2.out:md5,9a307bf2e02dfc5cd899edbffb84b7d6",
                "2075502at2.out:md5,0d4bafdc7c49cad2c7ee0830df63796f",
                "219876at2.out:md5,cf9f420d73f7326938f68f7b95f38454",
                "223233at2.out:md5,96a5a1f748fd6c4d1c175ec7525ef7e2",
                "226836at2.out:md5,b53d1d0955a5141a8ee99414041d306e",
                "232152at2.out:md5,942b53868d1191c2bb9ff804a8ffe2eb",
                "26038at2.out:md5,b3f3d35281e55a500da8fb0b60116f4d",
                "267682at2.out:md5,4152e9fb67d568d11c4a4bad8d99186b",
                "353391at2.out:md5,2a36894b8169da96e5e3f061a09a11ae",
                "384865at2.out:md5,4bbfadf20af3743f7087eef2cf4468a6",
                "402899at2.out:md5,930b84dfcaaa58ceb781214da7e2726f",
                "430176at2.out:md5,03a8950bc99a7686eba93cf1f1fc5d53",
                "4421at2.out:md5,39e83df12485b4621a0b7dcaa29ac059",
                "462069at2.out:md5,f8c856bb9f002feae325c92ee17de708",
                "469058at2.out:md5,3855f94354f155834c8fc1f39ee76a90",
                "504464at2.out:md5,f5c2ef9c59f6729ac516f307aa0dfeec",
                "505485at2.out:md5,9f963c50abcdca13acd6e429319b1b93",
                "533698at2.out:md5,c9971b0dcb7a13d24385c55b5d1ff552",
                "662686at2.out:md5,8d8d5985b4b8ac0351a0b779b4639334",
                "665824at2.out:md5,2dc2c12f747f9dcec1864a8765532948",
                "761140at2.out:md5,1419aae13008308534b1ce403f96bc46",
                "776861at2.out:md5,e0c3ceb023887f32a47cdfa5e3dabb78",
                "837522at2.out:md5,9bbe0fc984a3e6495cce8acaae679d6d",
                "841869at2.out:md5,560ab28646ea6285a009e55950ade753",
                "874197at2.out:md5,73d88f8f386908a52f7408250e7c8af3",
                "91428at2.out:md5,97affed302030de34eab0f691a4b2211",
                "923547at2.out:md5,637c7e7f857007416f8501a7663ae421",
                "932854at2.out:md5,06c3f1e644bfdd25f1440310261c0c97",
                "932993at2.out:md5,2a460f91583fa6b200adca873cc8d005",
                "95696at2.out:md5,e77f39954463967bfdc5f8844274bf4b",
                "9601at2.out:md5,552b36b1b2c9a263a40ae0f220e23dc3",
                "961486at2.out:md5,163cfb492d8643ffd2f22b0f7ad35997",
                "981870at2.out:md5,f564a6a607b736f4b026b69b95a3e3b4",
                "984717at2.out:md5,9dc22e8331546032369179b13245b00f",
                "missing_busco_list.tsv:md5,a010a934bd0873df2f9ce56b0ea656ec",
                ".checkpoint:md5,aa86385524b846caf95a182f8bc62dfb",
                "full_table.tsv:md5,b0802f8e2956b6282a2274091f34beb9",
                ".checkpoint:md5,b082f92f90de09fbd3d22e7e5fdbecbb",
                "1009041at2.out:md5,75806dd06e0c9eda8ac415c087e8c425",
                "1024388at2.out:md5,5a145031f2f292415c68e5bcd6022bb4",
                "1036075at2.out:md5,ba9e75ff8fc241b78f242cdff7fcb8ea",
                "1043239at2.out:md5,4b0dbafafd016acebbf89ae7541ef27f",
                "1049662at2.out:md5,58dd225a5bbaa7b487abbf5ad66d0793",
                "1054741at2.out:md5,bf0cd61f149af749ccbb1e5b44bbd3f2",
                "1069591at2.out:md5,c0653f57cfee36cd7cd6a38c00098014",
                "1074831at2.out:md5,af8f5ce928b6ca6195e2dfb31997406b",
                "1080436at2.out:md5,d2f04ca970af45baed767fd547ef2a6d",
                "1093223at2.out:md5,4224dd4ddaf62934c5453710f786cff1",
                "1132353at2.out:md5,f273f02be7b72516ab04c239b5db41f2",
                "1151822at2.out:md5,070b2ed676bf402e2320f7123c40cdc7",
                "1166299at2.out:md5,399914f6e45f99667340113097a6d4e1",
                "1211060at2.out:md5,0238d05e4644bba42d114194e77ae39b",
                "1257362at2.out:md5,7bf65e69b65a3ca382b12250084070ce",
                "1266295at2.out:md5,dc62cf316484ed1a1242462fd63dfc0c",
                "1270636at2.out:md5,a0a04d5f97db33ec173d40100ecbe514",
                "1272633at2.out:md5,80bc51447b31f2bfff5fc4bf9cac2099",
                "1346419at2.out:md5,2e08b599aac0482244f27e454fca30bf",
                "1395197at2.out:md5,f13822704f96268381c716fba13e7c22",
                "1398618at2.out:md5,51093b1697274626e3e53667daeadc7f",
                "1419877at2.out:md5,b2f86b0aa12f0fd307b6a875879b4adf",
                "143460at2.out:md5,6a6cb8e9ddae07225cca8e5c8d71f4ea",
                "1456375at2.out:md5,42c1b70740dba7340142fe9257bbf9f3",
                "1470978at2.out:md5,8115760f05a6c74f80557d46d4cdbb5a",
                "1490892at2.out:md5,a72f3c1a8a709c06fff5246bd7f0baca",
                "1491686at2.out:md5,3893f8f28820474f6d334b2f7f25adb7",
                "1497415at2.out:md5,807dbeaff6b5a55d3a48683281100dec",
                "1502854at2.out:md5,1d43dcfd4871190a60296b570a5d18e6",
                "1504821at2.out:md5,2950b9c5579c4057ff28c800f88980cd",
                "1505038at2.out:md5,3fcd2fcc228c373e7faa36485b31ecf9",
                "1540940at2.out:md5,1d8f734ffc8264b3e40a309c73bdc0cd",
                "1567535at2.out:md5,7f5de96669081d5cbe9fada33734c605",
                "1572673at2.out:md5,28f1184a530e4ca048f3f20a0104f5e0",
                "1574817at2.out:md5,707c89ffcfdafff7122a82629fc03bed",
                "1590629at2.out:md5,5269f6529f3f0124bb63539dec19a541",
                "1592033at2.out:md5,19037c2b8baf5a6d0ec960af0b6bdeb4",
                "1595498at2.out:md5,662160d67d6a0e16447fe0e5a643dff2",
                "1623045at2.out:md5,5a9364e9c77d87c6e692ba83e8b967e1",
                "1661836at2.out:md5,c17f04b42718adc6c1c22241e1cc5e16",
                "1666043at2.out:md5,6173410409744fe1e6afb1878de400a5",
                "1671455at2.out:md5,63857d361081777501338e9a78948a52",
                "1674344at2.out:md5,37aaffb1295f3d297a3e13965ca31f13",
                "1676462at2.out:md5,e2e07c2ac874905435ebc409e1b469a2",
                "1692188at2.out:md5,bb948c27175e49efc04f885c22dbf30f",
                "1698718at2.out:md5,2728d2d4f67822eac4879b01acd141f9",
                "1701531at2.out:md5,d0561842e7585747a02ef745f633203a",
                "1702697at2.out:md5,5b25a0360b4a10b84fff3277b141b187",
                "1707228at2.out:md5,6498a6988e5686813c050974615f668f",
                "1713391at2.out:md5,8a5e7efab2ca3c324f205e5558cf2998",
                "1720952at2.out:md5,dd34d3def146403eb6eb7cf6251c30f2",
                "1758685at2.out:md5,a4c1cc901f6e4376929a68e8a40da59c",
                "1760144at2.out:md5,924a04e0fbae9260786ed06ada379bef",
                "1766414at2.out:md5,5c4f1f29a128b3e85065a616e1f3277e",
                "1772647at2.out:md5,4f22d37fddd5d6af7de165c69bafff99",
                "1776954at2.out:md5,26c0cd27c8694128fe95a82004b79520",
                "1786618at2.out:md5,6aaf488fdcd092b67d1ce27b744e371b",
                "1799923at2.out:md5,c9bfa90b72bc22638eee7c4785166566",
                "182107at2.out:md5,97aac8f5596456fc6b4b8f88000bbfdc",
                "1822215at2.out:md5,78ee06c40e7afb8b6f43b38ef7d2b00c",
                "1822695at2.out:md5,e34004d435b9214e1a444da15feddfe0",
                "1827295at2.out:md5,153183a37720f62a33a3b5776c0aa3d0",
                "1827334at2.out:md5,020133e21b0f3a7ea4ef6cc7c50e8aa0",
                "1830156at2.out:md5,ae9ea941c5196a337aeae7361b731b26",
                "1838961at2.out:md5,2ebecaf1cac2f2e88f6b2b76505bc8e7",
                "1842956at2.out:md5,edeace08e5ec8ffc9cad2cfec40c6c2f",
                "1844275at2.out:md5,233ee1e4dbc0a76b58e3fdb858803841",
                "1846503at2.out:md5,f678175be001f55c186e977356c2fbcb",
                "1874945at2.out:md5,50fe34bce5a3263fbf1cabbc0a2cb799",
                "1890943at2.out:md5,f2ea35a6904611e9ec30b6cd3ceb01ee",
                "1893906at2.out:md5,b39342544ba613e222e267d35c21ae83",
                "1904463at2.out:md5,86828487d5f916ad936e9304df557a68",
                "1906715at2.out:md5,0e8a2e27d334fdf99f5dad7ff5925495",
                "1932144at2.out:md5,d8a1826a15e0c10565d0d8bbaa1204b0",
                "1937072at2.out:md5,085b0ee6a00f6aee4d14d9a583ef0669",
                "1937493at2.out:md5,e3c4d48bad145923a8e7b9224b293667",
                "1940575at2.out:md5,b19966797c86af2e547c45ca56b820ef",
                "1949059at2.out:md5,fbec88398bfe926cd54dc1e4cc845042",
                "1959318at2.out:md5,6cefee3b8dc608a73893b9c258e4aad2",
                "1963491at2.out:md5,98af55b6478d640f4cd1e26f2d23507d",
                "1971380at2.out:md5,6c8a1b7b58603bc7c59922cc9f6b9de2",
                "1978865at2.out:md5,d48b1f0aa1a24a139486115acf2428a2",
                "1990141at2.out:md5,13d133042ba8d350480112e8b388dc6b",
                "1990650at2.out:md5,3fca19cc20dd7ebdbdd58031d09ea97e",
                "2005443at2.out:md5,8428400c6f2108fbefbfda84915cfe5c",
                "2012682at2.out:md5,4f5c14cc755a374173e91c819727032a",
                "2035880at2.out:md5,0213b837ab9198b40854083671310534",
                "2040741at2.out:md5,02ee60886cae064ce5691dd50f4275d5",
                "2046660at2.out:md5,d02a45b3e4627001d008cf8e115100a7",
                "2063644at2.out:md5,4deb43325776eb4473981057104b14c2",
                "2066663at2.out:md5,3284c8b7064084cde159827de601a2d1",
                "2075502at2.out:md5,7ac4c3157e58737fb0667cede22ad3df",
                "219876at2.out:md5,e99e561bf4e5e536dd7c07519bee7c41",
                "223233at2.out:md5,b648d81916911f646015cb4191ea536b",
                "226836at2.out:md5,ba29bc30885ec902dc845707eefbf4b2",
                "232152at2.out:md5,a125f21348cc78af1dd31001b2f4a6f4",
                "26038at2.out:md5,02c627fcf49e9a47e53f890bb1ba292b",
                "267682at2.out:md5,8af022c5350fe9ccaa7b9d5fe579329e",
                "353391at2.out:md5,14a2c74f7fb24b504f80202e3d37240b",
                "384865at2.out:md5,2da74b11c94c1423355e19f8dce4a329",
                "402899at2.out:md5,c94cd56df27c67d7727d0ce183d9d94b",
                "430176at2.out:md5,f079d4629b6f600f6b5456759efdaa8a",
                "4421at2.out:md5,dc1f3271d69d638d2cab64df7b0ff4f7",
                "462069at2.out:md5,b993456039955b37ba77b55f5d2cdfe5",
                "469058at2.out:md5,a2e12ad888c47a492728328660ecfa4f",
                "504464at2.out:md5,118defea8abe5093f2bfc6e2a5352a8a",
                "505485at2.out:md5,b03c55dbe0d89fa6308183289fe16696",
                "533698at2.out:md5,58b92dbd21c72b523e3d17d28f8264b7",
                "662686at2.out:md5,b7e757b7144fb81ebf0e2aecf4599a51",
                "665824at2.out:md5,b884344a85bba5a1080bf99361a043e5",
                "761140at2.out:md5,3ed3aa5e16f87f133245366d75199abc",
                "776861at2.out:md5,082e613677d73cd127430eb16cd916ac",
                "837522at2.out:md5,8f81ac4af83df843c33237b0b59f3d96",
                "841869at2.out:md5,81f88a0f5281e8165ad882ec706d3cc4",
                "874197at2.out:md5,c7920d1e22c8d3fc1e16629b96db1ec3",
                "91428at2.out:md5,f52f62fe5a593f9d3228ad01c2270e7d",
                "923547at2.out:md5,c48c629b9aedcc7bdd77edf1a214703a",
                "932854at2.out:md5,15f44424251777969eeb4eacee43d3e9",
                "932993at2.out:md5,f9d319f025476ad9f9332abd666aee02",
                "95696at2.out:md5,24d0de49e712b560d431ec9f852a0f60",
                "9601at2.out:md5,169a3978d51fbd3bf1ac150ac8d45ff3",
                "961486at2.out:md5,30d4796967e5c02198679018ac89598c",
                "981870at2.out:md5,2b47e1d26478eb225f53f4787e8d581d",
                "984717at2.out:md5,6ef8333817cfc794d7a891c1b23e19ec",
                "missing_busco_list.tsv:md5,e23067e29e590c11349ca5bd313d8a8a",
                "GC_content_plot.pdf:md5,5966fc4dcd09dc125d6a1264798650f2",
                "Nx_plot.pdf:md5,763fc74fd288940c9bd946d0acc2d341",
                "SPAdesHybrid-MaxBin2-minigut-001-fa_coverage_histogram.pdf:md5,5ce21b46ba11001e5df3eb505a229ddc",
                "SPAdesHybrid-MaxBin2-minigut.001.fa_GC_content_plot.pdf:md5,2c16d1412fbf1b7c6d22218b1de5cb73",
                "coverage_histogram.pdf:md5,ce802f2652f4e13de55f8e30d713a075",
                "cumulative_plot.pdf:md5,d8b132322a4f268d8c05a9a3398f12a3",
                "icarus.html:md5,df648c9e93d4eb0a88c94c58cc8a7d0d",
                "contig_size_viewer.html:md5,5d1845d27b27ac1e44a4432ebcb13e87",
                "metaquast.log:md5,29a5cfe588fe971a6363c0762f25c1a9",
                "SPAdesHybrid-MaxBin2-minigut-001-fa.rna.gff:md5,df19e1b84ba6f691d20c72b397c88abf",
                "barrnap.log:md5,d41d8cd98f00b204e9800998ecf8427e",
                "quast.log:md5,f4c43ca2b9c50dd6aa622da1c07bc6ef",
                "report.html:md5,1c1fe0efe35cf436f278af0d6734a1af",
                "report.pdf:md5,8b04d57c68b62f212d61147408ccddcc",
                "report.tex:md5,22ee9ff3927dfe5c8cd3d558beaf9cfc",
                "report.tsv:md5,1a2982f7006be6f01e56647a108ed9b0",
                "report.txt:md5,0b72a06005fbd374175e4304372b9d55",
                "transposed_report.tex:md5,1b55392c808b1ac9f0e1ef327a60bc5c",
                "transposed_report.tsv:md5,e5bebfb04f5d78e4b8de71a9354b66c0",
                "transposed_report.txt:md5,25ae3a90089a5244d7bc4f114c212ea6",
                "GC_content_plot.pdf:md5,92c96143cf1ef5c4861342d042ae99b6",
                "Nx_plot.pdf:md5,a56df0d7da9f7dfa6542ccc0e7c0fbfe",
                "SPAdesHybrid-MaxBin2-minigut-002-fa_coverage_histogram.pdf:md5,d4da9927b4966fe4b5c63a3823b77f8e",
                "SPAdesHybrid-MaxBin2-minigut.002.fa_GC_content_plot.pdf:md5,7db4ca5fbabf396c0238ed51b856698c",
                "coverage_histogram.pdf:md5,5d34254ca6400f60c6dc4be6c0712650",
                "cumulative_plot.pdf:md5,7c65974323e8325248a13d7edcb81a53",
                "icarus.html:md5,e7d40f80a067f952746d19274f9689b2",
                "contig_size_viewer.html:md5,337891237a5a8fa4aa47037d0c8addb2",
                "metaquast.log:md5,6802753bc10aa11955a590239d77a476",
                "SPAdesHybrid-MaxBin2-minigut-002-fa.rna.gff:md5,4cb73a11e22f5944c059cdbf846c3dc0",
                "barrnap.log:md5,d41d8cd98f00b204e9800998ecf8427e",
                "quast.log:md5,ce0329edb0a6743c37a0c7d3fef13788",
                "report.html:md5,76553b276aa4aaa00ce4023768f500b2",
                "report.pdf:md5,08e01675c9ed2bfebe2c9c229d83fda5",
                "report.tex:md5,b376c9aeda91937eea27f561ef3eee3d",
                "report.tsv:md5,64a8190c8050b04bc4c4e587580771e0",
                "report.txt:md5,628adb4af14c1db1017cd9bcecb116d3",
                "transposed_report.tex:md5,20cfe9743ad163dd2656f85291bf90aa",
                "transposed_report.tsv:md5,3fedb014859cf9d01dd8398a8c7dcaa7",
                "transposed_report.txt:md5,5197efa18763b8d451f878df38d1ca51",
                "SPAdesHybrid-MaxBin2-unclassified-unrefined-minigut-quast_summary.tsv:md5,718a06f919b88c3fb2dfbc9fc6adbc99",
                "GC_content_plot.pdf:md5,dd151f34498e877ce4f602b950a2fbf0",
                "Nx_plot.pdf:md5,7e3d7fca6601127b9ec470c541ff855b",
                "SPAdesHybrid-MetaBAT2-minigut-1-fa_coverage_histogram.pdf:md5,5b56b33af6e91474c50eba9408193677",
                "SPAdesHybrid-MetaBAT2-minigut.1.fa_GC_content_plot.pdf:md5,0dfd79c7c623f14cdca621a66671c7de",
                "coverage_histogram.pdf:md5,fbf3a8f3d93539eb2a83b01593db6fa7",
                "cumulative_plot.pdf:md5,a59ade0e4a6bf7f7c060e1663030be28",
                "icarus.html:md5,d73f5396795bd95aee74c226a1a8fcaa",
                "contig_size_viewer.html:md5,1460a729703658e071857efea3ebf79d",
                "metaquast.log:md5,4c87ce9adb07db63c17fc035612cec69",
                "SPAdesHybrid-MetaBAT2-minigut-1-fa.rna.gff:md5,4cb73a11e22f5944c059cdbf846c3dc0",
                "barrnap.log:md5,d41d8cd98f00b204e9800998ecf8427e",
                "quast.log:md5,4f3f7d3218d92dccd2c2169bb7bbb2b6",
                "report.html:md5,700e2a9ded74bd89fccae142612144b3",
                "report.pdf:md5,aa00bc1ab024131104a5f03266ec9bd5",
                "report.tex:md5,15da7fd5bd6489fd9a26d47e304e80e0",
                "report.tsv:md5,bd7a956f8f09cfc77c08a7f2347b8532",
                "report.txt:md5,e4055862885decb51d4cbd07f1d054a0",
                "transposed_report.tex:md5,f62bfe0e82c0683427415e5009a70e0c",
                "transposed_report.tsv:md5,25440a0352af8fe93c0154a8e38b489c",
                "transposed_report.txt:md5,0604fe365f1bf99ee43520f2f40c56ca",
                "GC_content_plot.pdf:md5,265fcc3c79525b02221fa11e692942af",
                "Nx_plot.pdf:md5,2f74da933091dcba2753253caf14825b",
                "SPAdesHybrid-MetaBAT2-minigut-2-fa_coverage_histogram.pdf:md5,8c3337a29232e3048a97870168a3b185",
                "SPAdesHybrid-MetaBAT2-minigut.2.fa_GC_content_plot.pdf:md5,6c146d33c33fe07bc762a25a96d0890d",
                "coverage_histogram.pdf:md5,d8d7c2db93d96a0a93d38ca49a63e602",
                "cumulative_plot.pdf:md5,bd87d9bffa40aa23f4c2297a8eb3ab8a",
                "icarus.html:md5,f4f1efe6e0cf30f006ab99f3bdfaf4f7",
                "contig_size_viewer.html:md5,83c0c15b95d7dfe5a57eb5d5de61fcb6",
                "metaquast.log:md5,444cb0e61798dd29f1eddf40a8ea5288",
                "SPAdesHybrid-MetaBAT2-minigut-2-fa.rna.gff:md5,df19e1b84ba6f691d20c72b397c88abf",
                "barrnap.log:md5,d41d8cd98f00b204e9800998ecf8427e",
                "quast.log:md5,79bc2550579b9c421bacf7fbe061b55c",
                "report.html:md5,3161aa2863915670713ad8150cdbda02",
                "report.pdf:md5,22cb5d23d6be1cd43620586452acf83e",
                "report.tex:md5,5ca80b386605c7e00e11a1bc27ded9dd",
                "report.tsv:md5,a8061c2a9c5dc8435af36d28d49a716f",
                "report.txt:md5,23dad812e789a8e6a7905b4c26b4fc16",
                "transposed_report.tex:md5,48c912a2809e54d7338e7d3c8f8cef5b",
                "transposed_report.tsv:md5,99cf870540012f55dcaa56ad97be8d93",
                "transposed_report.txt:md5,d6822d8273071162e60cbb5f17f0c19e",
                "SPAdesHybrid-MetaBAT2-unclassified-unrefined-minigut-quast_summary.tsv:md5,fdbbf20276126618e8eea347ffba948f",
                "busco_summary.tsv:md5,1e6e3b88e6782f102252f1a8652bbf5a",
                "quast_summary.tsv:md5,013818a30173b43ee15bdd11053f825f",
                "bin_summary.tsv:md5,cf9cb13dd4a2fdf6f853950c314230a2",
                "bin_depths_summary.tsv:md5,ca3161dd31bfb968e7e0dc0b64d0e1e7"
            ]
        ],
        "meta": {
            "nf-test": "0.9.2",
            "nextflow": "25.04.7"
        },
        "timestamp": "2025-10-29T15:43:15.272933355"
    },
    "QC_longreads": {
        "content": [
            [
                "filtered_NanoPlot-report.html:md5,9f06d3fd8a4daae8236a73afca8f0742",
                "filtered_NanoStats.txt:md5,7ca30aa3c80c60e2bf80cf7988527cc3",
                "filtered_Non_weightedHistogramReadlength.html:md5,6f65e94b77995d398deb14ed6f860bc9",
                "filtered_Non_weightedLogTransformed_HistogramReadlength.html:md5,ab0c9b137dbce3525903f67153f2cf98",
                "filtered_WeightedHistogramReadlength.html:md5,7ec92e1d33eff0da4caa25edfb42d0c2",
                "filtered_WeightedLogTransformed_HistogramReadlength.html:md5,a4f1026b599eead1a65bbc5fc258a50e",
                "filtered_Yield_By_Length.html:md5,7df74aeb4a665d992d565b5bfee142d1",
                "raw_NanoPlot-report.html:md5,553dc8d32cdae33b727b7aac5d75f146",
                "raw_NanoStats.txt:md5,12f26e909ca384e5b71a391c39f1e287",
                "raw_Non_weightedHistogramReadlength.html:md5,be57d73f0be3e523a8e5084f51b443ba",
                "raw_Non_weightedLogTransformed_HistogramReadlength.html:md5,5d1b6450ec49cb347b7ca1a85933c3a6",
                "raw_WeightedHistogramReadlength.html:md5,5d2992a40b43305c4e2cad24bcc9b733",
                "raw_WeightedLogTransformed_HistogramReadlength.html:md5,2240f9ed32ac29dc9e5d1699ff11976e",
                "raw_Yield_By_Length.html:md5,721c1bf17a8de17c2aadf26f41e03be1",
                "genome.hg38.chr21_10000bp_region.mmi:md5,41d7183050e07736691ae550f3a736e5",
                "minigut_null.stats:md5,fb8663054f1e0a976bca18fd39543d69"
            ]
        ],
        "meta": {
            "nf-test": "0.9.2",
            "nextflow": "25.04.7"
        },
        "timestamp": "2025-10-29T15:43:16.486869307"
    },
    "multiqc": {
        "content": [
            [
                "bowtie2_pe_plot.yaml:md5,331d49d9aa0a0ce1a3a8b407b8a49801",
                "busco_plot_bacteria_odb10.yaml:md5,891eb4ee4391f6f36c18c5b82a7d2473",
                "fastp-insert-size-plot.yaml:md5,55f97b7830c1395c10c06bf3f4431186",
                "fastp-seq-content-gc-plot_Read_1_After_filtering.yaml:md5,fb178f8c18fde4ad16d79afe333d481b",
                "fastp-seq-content-gc-plot_Read_1_Before_filtering.yaml:md5,2f3f9726d97d4f22be3f4ad30ee14173",
                "fastp-seq-content-gc-plot_Read_2_After_filtering.yaml:md5,9e0cf9755e26ac69fa76753137b69ed0",
                "fastp-seq-content-gc-plot_Read_2_Before_filtering.yaml:md5,9bce88d288517439d4b7d263e96dec40",
                "fastp-seq-content-n-plot_Read_1_After_filtering.yaml:md5,972e679cfbb39152a39216dd0c17070d",
                "fastp-seq-content-n-plot_Read_1_Before_filtering.yaml:md5,972e679cfbb39152a39216dd0c17070d",
                "fastp-seq-content-n-plot_Read_2_After_filtering.yaml:md5,972e679cfbb39152a39216dd0c17070d",
                "fastp-seq-content-n-plot_Read_2_Before_filtering.yaml:md5,972e679cfbb39152a39216dd0c17070d",
                "fastp-seq-quality-plot_Read_1_After_filtering.yaml:md5,eb064944225683afb953e68ac241c4cd",
                "fastp-seq-quality-plot_Read_1_Before_filtering.yaml:md5,d398e6c77c790e63a266efc0a5569007",
                "fastp-seq-quality-plot_Read_2_After_filtering.yaml:md5,f1f9bd9b2adb1be42654f5f4ec8de619",
                "fastp-seq-quality-plot_Read_2_Before_filtering.yaml:md5,c86d90f038fd107d95caa118a7fed4d1",
                "fastp_filtered_reads_plot.yaml:md5,ef1888ea78cbe95c474e2248da2469ec",
                "fastqc-1-status-check-heatmap.yaml:md5,1300edec360b1ba75c7f454bdd734aee",
                "fastqc-1_per_base_n_content_plot.yaml:md5,0e74e961d060e677c85bc0963c2a22cd",
                "fastqc-1_per_base_sequence_quality_plot.yaml:md5,f03db993986d537a2d75b923259b1b4d",
                "fastqc-1_per_sequence_gc_content_plot_Counts.yaml:md5,03f3fab53bb263f4f01f1a7653b44e59",
                "fastqc-1_per_sequence_gc_content_plot_Percentages.yaml:md5,bc76a48e0ec1d9878a4420fe0854aa7e",
                "fastqc-1_per_sequence_quality_scores_plot.yaml:md5,70e857785001ac547ad0c41efe40df44",
                "fastqc-1_sequence_counts_plot.yaml:md5,919116e2364bc98486240ff29d1a0867",
                "fastqc-1_sequence_duplication_levels_plot.yaml:md5,6b127287a3077610e4ef19965c00e91b",
                "fastqc-status-check-heatmap.yaml:md5,995feb18817c87be186d0e3ec27d826d",
                "fastqc_per_base_n_content_plot.yaml:md5,b0a60ab64b17b73ce2000f5d5facfd5c",
                "fastqc_per_base_sequence_quality_plot.yaml:md5,72619016315ba2c71ba7c96e670e0190",
                "fastqc_per_sequence_gc_content_plot_Counts.yaml:md5,f33c4fc162816aa3657472d51d547c67",
                "fastqc_per_sequence_gc_content_plot_Percentages.yaml:md5,6e797e0817c813313f481fce823fe567",
                "fastqc_per_sequence_quality_scores_plot.yaml:md5,e0ac4f1b3b6e82ae3d8e4191055b67d1",
                "fastqc_sequence_counts_plot.yaml:md5,65750c5392670ff6a7237dc7f097e077",
                "fastqc_sequence_duplication_levels_plot.yaml:md5,8d31278516c68ee70086d2ac0880b394",
                "fastqc_sequence_length_distribution_plot.yaml:md5,24576ce885728df6abaa003cca40b9cb",
                "multiqc_bowtie2.yaml:md5,d6a4f1f2e6952801eda62c414c1685cb",
                "multiqc_bowtie2_bowtie2-1.yaml:md5,d6a4f1f2e6952801eda62c414c1685cb",
                "multiqc_bowtie2_bowtie2-2.yaml:md5,b5a185109453a80131d7da2cf4d3f2ec",
                "multiqc_busco.yaml:md5,76cda2e3678fbdf6a592da3bb7fcdc37",
                "multiqc_citations.yaml:md5,49f79471c1620b06da08b1acb97a1e56",
                "multiqc_fastp.yaml:md5,5d2c6eefa228bc0210be0d017eeb8eda",
                "multiqc_fastqc.yaml:md5,0d11a6d30d0d1a430e58d44b57ac6e87",
                "multiqc_fastqc_fastqc-1.yaml:md5,0b8c8b4edb4f3e70409f30bcdda54397",
                "multiqc_general_stats.yaml:md5,b973d94a42bdc5d0fb4afa5e04ab6f48",
                "multiqc_prokka.yaml:md5,f7ee4045a273845b501ba15e5fd4d38f",
                "multiqc_quast.yaml:md5,e5940a0ce6af05da51fe94bc6d7d3901",
                "multiqc_quast_quast-1.yaml:md5,4fcb2008af9fc15990854d76e6a72ada",
                "porechop.yaml:md5,828d96e2822bb4b4108ab706c00c4450",
                "prokka_plot.yaml:md5,229d29dafbf6bde37d8f245dfb535b2e",
                "quast_num_contigs.yaml:md5,241f678b1df1c1dd0dd58246a073d7dc",
                "quast_table.yaml:md5,c1c9b5770b5defb3595b7b46af6a746c"
            ]
        ],
        "meta": {
            "nf-test": "0.9.2",
            "nextflow": "25.04.7"
        },
        "timestamp": "2025-10-29T14:43:40.201231135"
    },
    "Annotation": {
        "content": [
            [
                "SPAdesHybrid-minigut_prodigal.faa.gz:md5,e9760e563ebe45ff27266044a4604a6f",
                "SPAdesHybrid-minigut_prodigal.fna.gz:md5,3e0be611bab526270a8b32edd5ba098a",
                "SPAdesHybrid-minigut_prodigal.gff.gz:md5,a7d951fb1e3978e4cf829429f545aa5e",
                "SPAdesHybrid-minigut_prodigal_all.txt.gz:md5,19cde5034dd51872df9dda2dacaa43b7",
                "SPAdesHybrid-MaxBin2-minigut.001.err:md5,ab6b2d112c918e64064863d47ea25886",
                "SPAdesHybrid-MaxBin2-minigut.001.faa:md5,c972412954f347d32982b0fd3994eb74",
                "SPAdesHybrid-MaxBin2-minigut.001.ffn:md5,162b89133a469cfed24e19002d174806",
                "SPAdesHybrid-MaxBin2-minigut.001.fna:md5,898d684b566086d240104fc9e6e4d934",
                "SPAdesHybrid-MaxBin2-minigut.001.fsa:md5,f373643716ea4ed91eb7b3a7baba8c41",
                "SPAdesHybrid-MaxBin2-minigut.001.gbk:md5,52dd29eac082a07eed6fcfa38c9b9375",
                "SPAdesHybrid-MaxBin2-minigut.001.gff:md5,858e78b21d272204396969728c5ddb4f",
                "SPAdesHybrid-MaxBin2-minigut.001.log:md5,c77c2c64a9f2b512f9ca2095b04958eb",
                "SPAdesHybrid-MaxBin2-minigut.001.sqn:md5,f187d768d9aa9df30b4f8253d7945f41",
                "SPAdesHybrid-MaxBin2-minigut.001.tbl:md5,4fb2e10c21969df1415c538c31c17dc0",
                "SPAdesHybrid-MaxBin2-minigut.001.tsv:md5,5f694f27c47752dcb21b5def54858e56",
                "SPAdesHybrid-MaxBin2-minigut.001.txt:md5,bb26e66f15db43022c384e0c303b128b",
                "SPAdesHybrid-MaxBin2-minigut.002.err:md5,b8e9bf359816308e4ac59fd0140e955c",
                "SPAdesHybrid-MaxBin2-minigut.002.faa:md5,0d56931199adee60e4670a47fff3c2d6",
                "SPAdesHybrid-MaxBin2-minigut.002.ffn:md5,a3083de7185ce32b73b32da390f5c5bb",
                "SPAdesHybrid-MaxBin2-minigut.002.fna:md5,9f2dfdd50e4864d846685d3f191b8b71",
                "SPAdesHybrid-MaxBin2-minigut.002.fsa:md5,6721077705be6a9524694941c7ef1b0f",
                "SPAdesHybrid-MaxBin2-minigut.002.gbk:md5,a9c3749dfa861edb734dc985a2e90f13",
                "SPAdesHybrid-MaxBin2-minigut.002.gff:md5,c9a8fe2d55307126b97c72ae4e78d780",
                "SPAdesHybrid-MaxBin2-minigut.002.log:md5,b6eccd9ca4e1fe40dd1aabf1ee701461",
                "SPAdesHybrid-MaxBin2-minigut.002.sqn:md5,614de1676093aa6eaf99a8526b902801",
                "SPAdesHybrid-MaxBin2-minigut.002.tbl:md5,c4d4185ed556db3e91a7e0b44b9d54de",
                "SPAdesHybrid-MaxBin2-minigut.002.tsv:md5,98d4fded724dd89d5cf82029e126823d",
                "SPAdesHybrid-MaxBin2-minigut.002.txt:md5,3b2e9d3f63d76a16b9dbd9e90078972d",
                "SPAdesHybrid-MetaBAT2-minigut.1.err:md5,e69f20bd5220028ab6f7968e7c2432e1",
                "SPAdesHybrid-MetaBAT2-minigut.1.faa:md5,967a2c36cd2df2afd600570fa89e0cbd",
                "SPAdesHybrid-MetaBAT2-minigut.1.ffn:md5,b390ce546d069a895e818e2e089360d6",
                "SPAdesHybrid-MetaBAT2-minigut.1.fna:md5,a570b16c778edf595562a061ce8f756a",
                "SPAdesHybrid-MetaBAT2-minigut.1.fsa:md5,0b8b7ddccf73bbb1d70c21917db0543e",
                "SPAdesHybrid-MetaBAT2-minigut.1.gbk:md5,8711276653df41f72ca430a590cca4b7",
                "SPAdesHybrid-MetaBAT2-minigut.1.gff:md5,745cdef611f6735d9cb5a3d830aff51e",
                "SPAdesHybrid-MetaBAT2-minigut.1.log:md5,5fc1564709e12031882e0b985e8f913e",
                "SPAdesHybrid-MetaBAT2-minigut.1.sqn:md5,22d209fd52779a832b2a3174413b58fb",
                "SPAdesHybrid-MetaBAT2-minigut.1.tbl:md5,3d03fff2ad9a8bb2409905b17dcf1583",
                "SPAdesHybrid-MetaBAT2-minigut.1.tsv:md5,32b41ff38f137e0b84ca026f3d424ad7",
                "SPAdesHybrid-MetaBAT2-minigut.1.txt:md5,7eb579ebb9e3adb6db958974d2fce7b7",
                "SPAdesHybrid-MetaBAT2-minigut.2.err:md5,5e68addb917ced4cfc4123fd24d5ee7b",
                "SPAdesHybrid-MetaBAT2-minigut.2.faa:md5,a68232c75886c3b5cf626b4074c700a7",
                "SPAdesHybrid-MetaBAT2-minigut.2.ffn:md5,7239b08cd8a8b18982208f3a007623ea",
                "SPAdesHybrid-MetaBAT2-minigut.2.fna:md5,0082dc6b578f7a9872300e0c4b4e7d1d",
                "SPAdesHybrid-MetaBAT2-minigut.2.fsa:md5,bb2293d686fe3d812b43b027320d9964",
                "SPAdesHybrid-MetaBAT2-minigut.2.gbk:md5,4e28b3d6224aa75df3dd8678155b762f",
                "SPAdesHybrid-MetaBAT2-minigut.2.gff:md5,4397096235b9c0fd899c2aa16cc129d0",
                "SPAdesHybrid-MetaBAT2-minigut.2.log:md5,f984a80e2e12bb0702aa24d9180b4cf4",
                "SPAdesHybrid-MetaBAT2-minigut.2.sqn:md5,4e456f894b40fa8feede165da43864b0",
                "SPAdesHybrid-MetaBAT2-minigut.2.tbl:md5,77ef4c66be591544f373ddb63b3c6319",
                "SPAdesHybrid-MetaBAT2-minigut.2.tsv:md5,e426edecb002fe7e16166f8b087ca217",
                "SPAdesHybrid-MetaBAT2-minigut.2.txt:md5,4e816e8ece9df68f04e211b5a1bdafaf"
            ]
        ],
        "meta": {
            "nf-test": "0.9.2",
            "nextflow": "25.04.7"
        },
        "timestamp": "2025-10-29T15:43:12.670209049"
    },
    "Assembly": {
        "content": [
            [
                "GC_content_plot.pdf:md5,81382e0e0d43b4544e472a6ccea87266",
                "Nx_plot.pdf:md5,71759caea7bc1626903eca41a347aae6",
                "SPAdesHybrid-minigut_GC_content_plot.pdf:md5,b5735b57d399345df96779c4a31603aa",
                "SPAdesHybrid-minigut_coverage_histogram.pdf:md5,30693f85aebbfa529bb8b2fa1e7039b1",
                "coverage_histogram.pdf:md5,c837453e659f6b08904ece7a4f5f3aae",
                "cumulative_plot.pdf:md5,5ba9f55fe485f7ab07d128231ebb7505",
                "icarus.html:md5,0f644b3eaa3044e7fc30def7e5e81f9b",
                "contig_size_viewer.html:md5,d13037d9f388440f6b0e4a7385988ae4",
                "metaquast.log:md5,43b890bda268bd312769219931c569f8",
                "SPAdesHybrid-minigut.rna.gff:md5,44e08b86e770aa371e3847433b251662",
                "barrnap.log:md5,d41d8cd98f00b204e9800998ecf8427e",
                "quast.log:md5,1e92b2cd1553e8fd3e7692c67a843d3e",
                "report.html:md5,881ab440d81553ba149652b21f8356b8",
                "report.pdf:md5,a76e84c742d63a120dcfbb3a029cf048",
                "report.tex:md5,d5e537821159620e0f217e47df24a887",
                "report.tsv:md5,8e442ea2c2f6cd9f8d22e0446d4da8a9",
                "report.txt:md5,861fbcd46d2511f86c015e349a854b32",
                "report_rawassemblies.tsv:md5,8e442ea2c2f6cd9f8d22e0446d4da8a9",
                "transposed_report.tex:md5,c01b4d6e5ba8c9d1ab0308ec3ad64b91",
                "transposed_report.tsv:md5,68eeafdbd7ea4429317cb32325f26647",
                "transposed_report.txt:md5,5414c3a4ea9f22dd8e8b2313ad3526ce",
                "SPAdesHybrid-minigut.bowtie2.log:md5,f5fbd785d3960835b68c459732d2bbb1",
                "SPAdesHybrid-minigut.assembly.gfa.gz:md5,ddf5d4fcfdf40021d80dbdd83bc92d94",
                "SPAdesHybrid-minigut.contigs.fa.gz:md5,56168e7f6da8b94fc2f7f51cdb96c758",
                "SPAdesHybrid-minigut.scaffolds.fa.gz:md5,9f8379b4e650bc0377b87d589cb4e274",
                "SPAdesHybrid-minigut.spades.log:md5,224adaab9fdd82d93c7045e332d5bb56"
            ]
        ],
        "meta": {
            "nf-test": "0.9.2",
            "nextflow": "25.04.7"
        },
        "timestamp": "2025-10-29T15:43:13.120125824"
    }
}