{
    "checkm2_diamond_results": {
        "content": [
            [
                803
            ]
        ],
        "meta": {
            "nf-test": "0.9.3",
            "nextflow": "25.10.0"
        },
        "timestamp": "2025-11-06T10:43:55.704960819"
    },
    "-profile test_alternatives": {
        "content": [
            35,
            {
                "BIN_SUMMARY": {
                    "pandas": "1.4.3",
                    "python": "3.10.6"
                },
                "BOWTIE2_ASSEMBLY_ALIGN": {
                    "bowtie2": "2.4.2",
                    "pigz": "2.3.4",
                    "samtools": 1.11
                },
                "BOWTIE2_ASSEMBLY_BUILD": {
                    "bowtie2": "2.4.2"
                },
                "BOWTIE2_PHIX_REMOVAL_ALIGN": {
                    "bowtie2": "2.4.2"
                },
                "BOWTIE2_PHIX_REMOVAL_BUILD": {
                    "bowtie2": "2.4.2"
                },
                "BUSCO_BUSCO": {
                    "busco": "6.0.0"
                },
                "CHECKM2_DATABASEDOWNLOAD": {
                    "aria2": "1.37.0"
                },
                "CHECKM2_PREDICT": {
                    "checkm2": "1.1.0"
                },
                "CONCAT_BUSCO_TSV": {
                    "csvtk": "0.31.0"
                },
                "CONCAT_CHECKM2_TSV": {
                    "csvtk": "0.31.0"
                },
                "DASTOOL_FASTATOCONTIG2BIN_TIARA": {
                    "dastool": "1.1.7"
                },
                "FASTQC_RAW": {
                    "fastqc": "0.12.1"
                },
                "FASTQC_TRIMMED": {
                    "fastqc": "0.12.1"
                },
                "GUNZIP_BINS": {
                    "gunzip": 1.13
                },
                "GUNZIP_SHORTREAD_ASSEMBLIES": {
                    "gunzip": 1.13
                },
                "MAG_DEPTHS": {
                    "pandas": "1.1.5",
                    "python": "3.6.7"
                },
                "MAG_DEPTHS_PLOT": {
                    "pandas": "1.3.0",
                    "python": "3.9.6",
                    "seaborn": "0.11.0"
                },
                "MAG_DEPTHS_SUMMARY": {
                    "pandas": "1.4.3",
                    "python": "3.10.6"
                },
                "MEGAHIT": {
                    "megahit": "1.2.9"
                },
                "METABAT2_JGISUMMARIZEBAMCONTIGDEPTHS_SHORTREAD": {
                    "metabat2": 2.15
                },
                "METABAT2_METABAT2": {
                    "metabat2": 2.17
                },
                "POOL_SHORT_READS": {
                    "cat": 9.5
                },
                "SEQKIT_STATS": {
                    "seqkit": "2.9.0"
                },
                "SPLIT_FASTA": {
                    "biopython": "1.7.4",
                    "pandas": "1.1.5",
                    "python": "3.6.7"
                },
                "TIARA_CLASSIFY": {
                    "r-base": "4.1.3",
                    "r-tidyverse": "1.3.1"
                },
                "TIARA_SUMMARY": {
                    "csvtk": "0.31.0"
                },
                "TIARA_TIARA": {
                    "tiara": "1.0.3"
                },
                "TRIMMOMATIC": {
                    "trimmomatic": 0.39
                },
                "Workflow": {
                    "nf-core/mag": "v5.3.0dev"
                }
            }
        ],
        "meta": {
            "nf-test": "0.9.3",
            "nextflow": "25.10.0"
        },
        "timestamp": "2025-11-16T01:37:18.25332109"
    },
    "qc": {
        "content": [
            [
                "QC_shortreads/fastqc/test_minigut_run0_raw_1_fastqc.html",
                "QC_shortreads/fastqc/test_minigut_run0_raw_2_fastqc.html",
                "QC_shortreads/fastqc/test_minigut_run0_trimmed_1_fastqc.html",
                "QC_shortreads/fastqc/test_minigut_run0_trimmed_2_fastqc.html",
                "QC_shortreads/fastqc/test_minigut_sample2_run0_raw_1_fastqc.html",
                "QC_shortreads/fastqc/test_minigut_sample2_run0_raw_2_fastqc.html",
                "QC_shortreads/fastqc/test_minigut_sample2_run0_trimmed_1_fastqc.html",
                "QC_shortreads/fastqc/test_minigut_sample2_run0_trimmed_2_fastqc.html",
                "QC_shortreads/remove_phix/test_minigut_run0_phix_removed.bowtie2.log",
                "QC_shortreads/remove_phix/test_minigut_sample2_run0_phix_removed.bowtie2.log",
                "QC_shortreads/trimmomatic/test_minigut/test_minigut_run0_trimmomatic_trim.log",
                "QC_shortreads/trimmomatic/test_minigut_sample2/test_minigut_sample2_run0_trimmomatic_trim.log"
            ],
            [
                "test_minigut_run0_trimmomatic_trim.log:md5,1d755bf9117ce0af4c47b4ad0b358f53",
                "test_minigut_sample2_run0_trimmomatic_trim.log:md5,ea9f15adce3091c96ef7ba6285957676"
            ]
        ],
        "meta": {
            "nf-test": "0.9.3",
            "nextflow": "25.10.0"
        },
        "timestamp": "2025-11-06T10:43:54.445183941"
    },
    "assembly": {
        "content": [
            [
                "Assembly/MEGAHIT/MEGAHIT-group-0.contigs.fa.gz",
                "Assembly/MEGAHIT/MEGAHIT-group-0.log",
                "Assembly/MEGAHIT/QC/group-0/MEGAHIT-group-0-test_minigut.bowtie2.log",
                "Assembly/MEGAHIT/QC/group-0/MEGAHIT-group-0-test_minigut_sample2.bowtie2.log"
            ],
            [
                "MEGAHIT-group-0.contigs.fa.gz:md5,4b1c9360be95e596b87194b12a5db645"
            ]
        ],
        "meta": {
            "nf-test": "0.9.3",
            "nextflow": "25.10.0"
        },
        "timestamp": "2025-11-06T10:43:54.492525519"
    },
    "binning": {
        "content": [
            [
                "GenomeBinning/MetaBAT2/bins/MEGAHIT-MetaBAT2-group-0.1.fa.gz",
                "GenomeBinning/MetaBAT2/bins/MEGAHIT-MetaBAT2-group-0.2.fa.gz",
                "GenomeBinning/MetaBAT2/discarded/MEGAHIT-MetaBAT2-group-0.lowDepth.fa.gz",
                "GenomeBinning/MetaBAT2/discarded/MEGAHIT-MetaBAT2-group-0.tooShort.fa.gz",
                "GenomeBinning/MetaBAT2/unbinned/discarded/MEGAHIT-MetaBAT2-group-0.unbinned.pooled.fa.gz",
                "GenomeBinning/MetaBAT2/unbinned/discarded/MEGAHIT-MetaBAT2-group-0.unbinned.remaining.fa.gz",
                "GenomeBinning/QC/BUSCO/MEGAHIT-MetaBAT2-group-0/group-0-auto-busco.batch_summary.txt",
                "GenomeBinning/QC/BUSCO/MEGAHIT-MetaBAT2-group-0/group-0-auto-busco.log",
                "GenomeBinning/QC/BUSCO/MEGAHIT-MetaBAT2-group-0/group-0-auto-busco/MEGAHIT-MetaBAT2-group-0.1.fa/logs/bbtools_err.log",
                "GenomeBinning/QC/BUSCO/MEGAHIT-MetaBAT2-group-0/group-0-auto-busco/MEGAHIT-MetaBAT2-group-0.1.fa/logs/bbtools_out.log",
                "GenomeBinning/QC/BUSCO/MEGAHIT-MetaBAT2-group-0/group-0-auto-busco/MEGAHIT-MetaBAT2-group-0.1.fa/logs/hmmsearch_err.log",
                "GenomeBinning/QC/BUSCO/MEGAHIT-MetaBAT2-group-0/group-0-auto-busco/MEGAHIT-MetaBAT2-group-0.1.fa/logs/hmmsearch_out.log",
                "GenomeBinning/QC/BUSCO/MEGAHIT-MetaBAT2-group-0/group-0-auto-busco/MEGAHIT-MetaBAT2-group-0.1.fa/logs/miniprot_align_eukaryota_odb12_err.log",
                "GenomeBinning/QC/BUSCO/MEGAHIT-MetaBAT2-group-0/group-0-auto-busco/MEGAHIT-MetaBAT2-group-0.1.fa/logs/miniprot_align_eukaryota_odb12_out.log",
                "GenomeBinning/QC/BUSCO/MEGAHIT-MetaBAT2-group-0/group-0-auto-busco/MEGAHIT-MetaBAT2-group-0.1.fa/logs/miniprot_index_err.log",
                "GenomeBinning/QC/BUSCO/MEGAHIT-MetaBAT2-group-0/group-0-auto-busco/MEGAHIT-MetaBAT2-group-0.1.fa/logs/miniprot_index_out.log",
                "GenomeBinning/QC/BUSCO/MEGAHIT-MetaBAT2-group-0/group-0-auto-busco/MEGAHIT-MetaBAT2-group-0.1.fa/logs/prodigal_err.log",
                "GenomeBinning/QC/BUSCO/MEGAHIT-MetaBAT2-group-0/group-0-auto-busco/MEGAHIT-MetaBAT2-group-0.1.fa/logs/prodigal_out.log",
                "GenomeBinning/QC/BUSCO/MEGAHIT-MetaBAT2-group-0/group-0-auto-busco/MEGAHIT-MetaBAT2-group-0.1.fa/logs/sepp_err.log",
                "GenomeBinning/QC/BUSCO/MEGAHIT-MetaBAT2-group-0/group-0-auto-busco/MEGAHIT-MetaBAT2-group-0.1.fa/logs/sepp_out.log",
                "GenomeBinning/QC/BUSCO/MEGAHIT-MetaBAT2-group-0/group-0-auto-busco/MEGAHIT-MetaBAT2-group-0.1.fa/prodigal_output/.checkpoint",
                "GenomeBinning/QC/BUSCO/MEGAHIT-MetaBAT2-group-0/group-0-auto-busco/MEGAHIT-MetaBAT2-group-0.1.fa/prodigal_output/predicted_genes/predicted.faa",
                "GenomeBinning/QC/BUSCO/MEGAHIT-MetaBAT2-group-0/group-0-auto-busco/MEGAHIT-MetaBAT2-group-0.1.fa/prodigal_output/predicted_genes/predicted.fna",
                "GenomeBinning/QC/BUSCO/MEGAHIT-MetaBAT2-group-0/group-0-auto-busco/MEGAHIT-MetaBAT2-group-0.1.fa/tmp/refseq_db.faa",
                "GenomeBinning/QC/BUSCO/MEGAHIT-MetaBAT2-group-0/group-0-auto-busco/MEGAHIT-MetaBAT2-group-0.2.fa/logs/bbtools_err.log",
                "GenomeBinning/QC/BUSCO/MEGAHIT-MetaBAT2-group-0/group-0-auto-busco/MEGAHIT-MetaBAT2-group-0.2.fa/logs/bbtools_out.log",
                "GenomeBinning/QC/BUSCO/MEGAHIT-MetaBAT2-group-0/group-0-auto-busco/MEGAHIT-MetaBAT2-group-0.2.fa/logs/hmmsearch_err.log",
                "GenomeBinning/QC/BUSCO/MEGAHIT-MetaBAT2-group-0/group-0-auto-busco/MEGAHIT-MetaBAT2-group-0.2.fa/logs/hmmsearch_out.log",
                "GenomeBinning/QC/BUSCO/MEGAHIT-MetaBAT2-group-0/group-0-auto-busco/MEGAHIT-MetaBAT2-group-0.2.fa/logs/miniprot_align_eukaryota_odb12_err.log",
                "GenomeBinning/QC/BUSCO/MEGAHIT-MetaBAT2-group-0/group-0-auto-busco/MEGAHIT-MetaBAT2-group-0.2.fa/logs/miniprot_align_eukaryota_odb12_out.log",
                "GenomeBinning/QC/BUSCO/MEGAHIT-MetaBAT2-group-0/group-0-auto-busco/MEGAHIT-MetaBAT2-group-0.2.fa/logs/miniprot_index_err.log",
                "GenomeBinning/QC/BUSCO/MEGAHIT-MetaBAT2-group-0/group-0-auto-busco/MEGAHIT-MetaBAT2-group-0.2.fa/logs/miniprot_index_out.log",
                "GenomeBinning/QC/BUSCO/MEGAHIT-MetaBAT2-group-0/group-0-auto-busco/MEGAHIT-MetaBAT2-group-0.2.fa/logs/prodigal_err.log",
                "GenomeBinning/QC/BUSCO/MEGAHIT-MetaBAT2-group-0/group-0-auto-busco/MEGAHIT-MetaBAT2-group-0.2.fa/logs/prodigal_out.log",
                "GenomeBinning/QC/BUSCO/MEGAHIT-MetaBAT2-group-0/group-0-auto-busco/MEGAHIT-MetaBAT2-group-0.2.fa/logs/sepp_err.log",
                "GenomeBinning/QC/BUSCO/MEGAHIT-MetaBAT2-group-0/group-0-auto-busco/MEGAHIT-MetaBAT2-group-0.2.fa/logs/sepp_out.log",
                "GenomeBinning/QC/BUSCO/MEGAHIT-MetaBAT2-group-0/group-0-auto-busco/MEGAHIT-MetaBAT2-group-0.2.fa/prodigal_output/.checkpoint",
                "GenomeBinning/QC/BUSCO/MEGAHIT-MetaBAT2-group-0/group-0-auto-busco/MEGAHIT-MetaBAT2-group-0.2.fa/prodigal_output/predicted_genes/predicted.faa",
                "GenomeBinning/QC/BUSCO/MEGAHIT-MetaBAT2-group-0/group-0-auto-busco/MEGAHIT-MetaBAT2-group-0.2.fa/prodigal_output/predicted_genes/predicted.fna",
                "GenomeBinning/QC/BUSCO/MEGAHIT-MetaBAT2-group-0/group-0-auto-busco/MEGAHIT-MetaBAT2-group-0.2.fa/tmp/refseq_db.faa",
                "GenomeBinning/QC/BUSCO/MEGAHIT-MetaBAT2-group-0/short_summary.specific.bacteria_odb12.MEGAHIT-MetaBAT2-group-0.1.fa.json",
                "GenomeBinning/QC/BUSCO/MEGAHIT-MetaBAT2-group-0/short_summary.specific.bacteria_odb12.MEGAHIT-MetaBAT2-group-0.1.fa.txt",
                "GenomeBinning/QC/BUSCO/MEGAHIT-MetaBAT2-group-0/short_summary.specific.bacteria_odb12.MEGAHIT-MetaBAT2-group-0.2.fa.json",
                "GenomeBinning/QC/BUSCO/MEGAHIT-MetaBAT2-group-0/short_summary.specific.bacteria_odb12.MEGAHIT-MetaBAT2-group-0.2.fa.txt",
                "GenomeBinning/QC/CheckM2/MEGAHIT-MetaBAT2-prokarya-unrefined-group-0/checkm2.log",
                "GenomeBinning/QC/CheckM2/MEGAHIT-MetaBAT2-prokarya-unrefined-group-0/diamond_output/DIAMOND_RESULTS.tsv",
                "GenomeBinning/QC/CheckM2/MEGAHIT-MetaBAT2-prokarya-unrefined-group-0/protein_files/MEGAHIT-MetaBAT2-group-0.1.faa",
                "GenomeBinning/QC/CheckM2/MEGAHIT-MetaBAT2-prokarya-unrefined-group-0/protein_files/MEGAHIT-MetaBAT2-group-0.2.faa",
                "GenomeBinning/QC/CheckM2/MEGAHIT-MetaBAT2-prokarya-unrefined-group-0/quality_report.tsv",
                "GenomeBinning/QC/CheckM2/MEGAHIT-MetaBAT2-prokarya-unrefined-group-0_checkm2_report.tsv",
                "GenomeBinning/QC/busco_summary.tsv",
                "GenomeBinning/QC/checkm2_summary.tsv",
                "GenomeBinning/Tiara/tiara_summary.tsv",
                "GenomeBinning/bin_summary.tsv",
                "GenomeBinning/depths/bins/MEGAHIT-MetaBAT2-group-0-binDepths.heatmap.png",
                "GenomeBinning/depths/bins/bin_depths_summary.tsv",
                "GenomeBinning/depths/contigs/MEGAHIT-group-0-depth.txt.gz"
            ],
            [
                "MEGAHIT-MetaBAT2-group-0.1.fa.gz:md5,03980cd3f96ecbd947bec62aee97d507",
                "MEGAHIT-MetaBAT2-group-0.2.fa.gz:md5,a5479825817e5ebe4735bbcd428345eb",
                "MEGAHIT-MetaBAT2-group-0.lowDepth.fa.gz:md5,d41d8cd98f00b204e9800998ecf8427e",
                "MEGAHIT-MetaBAT2-group-0.tooShort.fa.gz:md5,90667cb1a77c0bc39e7e8441bfdf2305",
                "MEGAHIT-MetaBAT2-group-0.unbinned.remaining.fa.gz:md5,e694b456ad5d1b3bc1b7af499090d0e6",
                "refseq_db.faa:md5,0d53f0a1964cc202e99f4851839273a3",
                "refseq_db.faa:md5,0d53f0a1964cc202e99f4851839273a3",
                "MEGAHIT-MetaBAT2-group-0.1.faa:md5,70451fa3e39837f5d25b8116e5d03500",
                "MEGAHIT-MetaBAT2-group-0.2.faa:md5,903b0e2ed9a0ff98c1c9af09b16ae527",
                "quality_report.tsv:md5,ec01903b7f8a7203856a35a7bd2d4c34",
                "MEGAHIT-MetaBAT2-prokarya-unrefined-group-0_checkm2_report.tsv:md5,ec01903b7f8a7203856a35a7bd2d4c34",
                "checkm2_summary.tsv:md5,ec01903b7f8a7203856a35a7bd2d4c34",
                "tiara_summary.tsv:md5,4cbfb0fd90ba48dc33d75d10c1eddb17",
                "bin_summary.tsv:md5,e6a07c3280c6db0f7822688559afb053",
                "bin_depths_summary.tsv:md5,a73f2fc180a2c52038c88fbbfa6a95c3"
            ]
        ],
        "meta": {
            "nf-test": "0.9.3",
            "nextflow": "25.10.0"
        },
        "timestamp": "2025-11-16T01:37:18.534799185"
    },
    "multiqc": {
        "content": [
            [
                "multiqc/multiqc_data/bowtie2_pe_plot.yaml",
                "multiqc/multiqc_data/busco_plot_bacteria_odb12.yaml",
                "multiqc/multiqc_data/checkm2-first-table.yaml",
                "multiqc/multiqc_data/fastqc-1-status-check-heatmap.yaml",
                "multiqc/multiqc_data/fastqc-1_per_base_n_content_plot.yaml",
                "multiqc/multiqc_data/fastqc-1_per_base_sequence_quality_plot.yaml",
                "multiqc/multiqc_data/fastqc-1_per_sequence_gc_content_plot_Counts.yaml",
                "multiqc/multiqc_data/fastqc-1_per_sequence_gc_content_plot_Percentages.yaml",
                "multiqc/multiqc_data/fastqc-1_per_sequence_quality_scores_plot.yaml",
                "multiqc/multiqc_data/fastqc-1_sequence_counts_plot.yaml",
                "multiqc/multiqc_data/fastqc-1_sequence_duplication_levels_plot.yaml",
                "multiqc/multiqc_data/fastqc-status-check-heatmap.yaml",
                "multiqc/multiqc_data/fastqc_per_base_n_content_plot.yaml",
                "multiqc/multiqc_data/fastqc_per_base_sequence_quality_plot.yaml",
                "multiqc/multiqc_data/fastqc_per_sequence_gc_content_plot_Counts.yaml",
                "multiqc/multiqc_data/fastqc_per_sequence_gc_content_plot_Percentages.yaml",
                "multiqc/multiqc_data/fastqc_per_sequence_quality_scores_plot.yaml",
                "multiqc/multiqc_data/fastqc_sequence_counts_plot.yaml",
                "multiqc/multiqc_data/fastqc_sequence_duplication_levels_plot.yaml",
                "multiqc/multiqc_data/fastqc_sequence_length_distribution_plot.yaml",
                "multiqc/multiqc_data/llms-full.txt",
                "multiqc/multiqc_data/multiqc.log",
                "multiqc/multiqc_data/multiqc.parquet",
                "multiqc/multiqc_data/multiqc_bowtie2.yaml",
                "multiqc/multiqc_data/multiqc_bowtie2_bowtie2-2.yaml",
                "multiqc/multiqc_data/multiqc_busco.yaml",
                "multiqc/multiqc_data/multiqc_checkm2.yaml",
                "multiqc/multiqc_data/multiqc_citations.yaml",
                "multiqc/multiqc_data/multiqc_data.json",
                "multiqc/multiqc_data/multiqc_fastqc.yaml",
                "multiqc/multiqc_data/multiqc_fastqc_fastqc-1.yaml",
                "multiqc/multiqc_data/multiqc_general_stats.yaml",
                "multiqc/multiqc_data/multiqc_software_versions.yaml",
                "multiqc/multiqc_data/multiqc_sources.yaml",
                "multiqc/multiqc_data/multiqc_trimmomatic.yaml",
                "multiqc/multiqc_data/trimmomatic_plot.yaml",
                "multiqc/multiqc_plots/pdf/bowtie2_pe_plot-cnt.pdf",
                "multiqc/multiqc_plots/pdf/bowtie2_pe_plot-pct.pdf",
                "multiqc/multiqc_plots/pdf/busco_plot_bacteria_odb12-cnt.pdf",
                "multiqc/multiqc_plots/pdf/busco_plot_bacteria_odb12-pct.pdf",
                "multiqc/multiqc_plots/pdf/checkm2-first-table.pdf",
                "multiqc/multiqc_plots/pdf/fastqc-1_per_base_n_content_plot.pdf",
                "multiqc/multiqc_plots/pdf/fastqc-1_per_base_sequence_quality_plot.pdf",
                "multiqc/multiqc_plots/pdf/fastqc-1_per_sequence_gc_content_plot_Counts.pdf",
                "multiqc/multiqc_plots/pdf/fastqc-1_per_sequence_gc_content_plot_Percentages.pdf",
                "multiqc/multiqc_plots/pdf/fastqc-1_per_sequence_quality_scores_plot.pdf",
                "multiqc/multiqc_plots/pdf/fastqc-1_sequence_counts_plot-cnt.pdf",
                "multiqc/multiqc_plots/pdf/fastqc-1_sequence_counts_plot-pct.pdf",
                "multiqc/multiqc_plots/pdf/fastqc-1_sequence_duplication_levels_plot.pdf",
                "multiqc/multiqc_plots/pdf/fastqc_per_base_n_content_plot.pdf",
                "multiqc/multiqc_plots/pdf/fastqc_per_base_sequence_quality_plot.pdf",
                "multiqc/multiqc_plots/pdf/fastqc_per_sequence_gc_content_plot_Counts.pdf",
                "multiqc/multiqc_plots/pdf/fastqc_per_sequence_gc_content_plot_Percentages.pdf",
                "multiqc/multiqc_plots/pdf/fastqc_per_sequence_quality_scores_plot.pdf",
                "multiqc/multiqc_plots/pdf/fastqc_sequence_counts_plot-cnt.pdf",
                "multiqc/multiqc_plots/pdf/fastqc_sequence_counts_plot-pct.pdf",
                "multiqc/multiqc_plots/pdf/fastqc_sequence_duplication_levels_plot.pdf",
                "multiqc/multiqc_plots/pdf/fastqc_sequence_length_distribution_plot.pdf",
                "multiqc/multiqc_plots/pdf/trimmomatic_plot-cnt.pdf",
                "multiqc/multiqc_plots/pdf/trimmomatic_plot-pct.pdf",
                "multiqc/multiqc_plots/png/bowtie2_pe_plot-cnt.png",
                "multiqc/multiqc_plots/png/bowtie2_pe_plot-pct.png",
                "multiqc/multiqc_plots/png/busco_plot_bacteria_odb12-cnt.png",
                "multiqc/multiqc_plots/png/busco_plot_bacteria_odb12-pct.png",
                "multiqc/multiqc_plots/png/checkm2-first-table.png",
                "multiqc/multiqc_plots/png/fastqc-1_per_base_n_content_plot.png",
                "multiqc/multiqc_plots/png/fastqc-1_per_base_sequence_quality_plot.png",
                "multiqc/multiqc_plots/png/fastqc-1_per_sequence_gc_content_plot_Counts.png",
                "multiqc/multiqc_plots/png/fastqc-1_per_sequence_gc_content_plot_Percentages.png",
                "multiqc/multiqc_plots/png/fastqc-1_per_sequence_quality_scores_plot.png",
                "multiqc/multiqc_plots/png/fastqc-1_sequence_counts_plot-cnt.png",
                "multiqc/multiqc_plots/png/fastqc-1_sequence_counts_plot-pct.png",
                "multiqc/multiqc_plots/png/fastqc-1_sequence_duplication_levels_plot.png",
                "multiqc/multiqc_plots/png/fastqc_per_base_n_content_plot.png",
                "multiqc/multiqc_plots/png/fastqc_per_base_sequence_quality_plot.png",
                "multiqc/multiqc_plots/png/fastqc_per_sequence_gc_content_plot_Counts.png",
                "multiqc/multiqc_plots/png/fastqc_per_sequence_gc_content_plot_Percentages.png",
                "multiqc/multiqc_plots/png/fastqc_per_sequence_quality_scores_plot.png",
                "multiqc/multiqc_plots/png/fastqc_sequence_counts_plot-cnt.png",
                "multiqc/multiqc_plots/png/fastqc_sequence_counts_plot-pct.png",
                "multiqc/multiqc_plots/png/fastqc_sequence_duplication_levels_plot.png",
                "multiqc/multiqc_plots/png/fastqc_sequence_length_distribution_plot.png",
                "multiqc/multiqc_plots/png/trimmomatic_plot-cnt.png",
                "multiqc/multiqc_plots/png/trimmomatic_plot-pct.png",
                "multiqc/multiqc_plots/svg/bowtie2_pe_plot-cnt.svg",
                "multiqc/multiqc_plots/svg/bowtie2_pe_plot-pct.svg",
                "multiqc/multiqc_plots/svg/busco_plot_bacteria_odb12-cnt.svg",
                "multiqc/multiqc_plots/svg/busco_plot_bacteria_odb12-pct.svg",
                "multiqc/multiqc_plots/svg/checkm2-first-table.svg",
                "multiqc/multiqc_plots/svg/fastqc-1_per_base_n_content_plot.svg",
                "multiqc/multiqc_plots/svg/fastqc-1_per_base_sequence_quality_plot.svg",
                "multiqc/multiqc_plots/svg/fastqc-1_per_sequence_gc_content_plot_Counts.svg",
                "multiqc/multiqc_plots/svg/fastqc-1_per_sequence_gc_content_plot_Percentages.svg",
                "multiqc/multiqc_plots/svg/fastqc-1_per_sequence_quality_scores_plot.svg",
                "multiqc/multiqc_plots/svg/fastqc-1_sequence_counts_plot-cnt.svg",
                "multiqc/multiqc_plots/svg/fastqc-1_sequence_counts_plot-pct.svg",
                "multiqc/multiqc_plots/svg/fastqc-1_sequence_duplication_levels_plot.svg",
                "multiqc/multiqc_plots/svg/fastqc_per_base_n_content_plot.svg",
                "multiqc/multiqc_plots/svg/fastqc_per_base_sequence_quality_plot.svg",
                "multiqc/multiqc_plots/svg/fastqc_per_sequence_gc_content_plot_Counts.svg",
                "multiqc/multiqc_plots/svg/fastqc_per_sequence_gc_content_plot_Percentages.svg",
                "multiqc/multiqc_plots/svg/fastqc_per_sequence_quality_scores_plot.svg",
                "multiqc/multiqc_plots/svg/fastqc_sequence_counts_plot-cnt.svg",
                "multiqc/multiqc_plots/svg/fastqc_sequence_counts_plot-pct.svg",
                "multiqc/multiqc_plots/svg/fastqc_sequence_duplication_levels_plot.svg",
                "multiqc/multiqc_plots/svg/fastqc_sequence_length_distribution_plot.svg",
                "multiqc/multiqc_plots/svg/trimmomatic_plot-cnt.svg",
                "multiqc/multiqc_plots/svg/trimmomatic_plot-pct.svg",
                "multiqc/multiqc_report.html"
            ],
            [
                "bowtie2_pe_plot.yaml:md5,9fa09c02794c68558cc04fb9568cc8c4",
                "busco_plot_bacteria_odb12.yaml:md5,fe957f6a2657f22027eab7c93a4db021",
                "checkm2-first-table.yaml:md5,0efa2d81e6b4dea3218aa0fbc12d853e",
                "fastqc-1-status-check-heatmap.yaml:md5,30f0c0bbefd3e9c549116c8b7cc2ac25",
                "fastqc-1_per_base_n_content_plot.yaml:md5,f43001053b544ba5585040c18859a098",
                "fastqc-1_per_base_sequence_quality_plot.yaml:md5,48276488936fd9c2e52b53a58dae0ffb",
                "fastqc-1_per_sequence_gc_content_plot_Counts.yaml:md5,8bd25680506b10fe51bc4945b1656c4c",
                "fastqc-1_per_sequence_gc_content_plot_Percentages.yaml:md5,3779a4e9c77ef8c227ea81d9888951f1",
                "fastqc-1_per_sequence_quality_scores_plot.yaml:md5,833a15c40019cb984d098baa07e221b9",
                "fastqc-1_sequence_counts_plot.yaml:md5,f0bcde34333ad21ba714a6aeb8d6a858",
                "fastqc-1_sequence_duplication_levels_plot.yaml:md5,93c7de02685a5a922b310ad94b67cf2f",
                "fastqc-status-check-heatmap.yaml:md5,45096eff6b0531cbe7ba0771e272d65d",
                "fastqc_per_base_n_content_plot.yaml:md5,ea488ff73d10d4a84b551020409db087",
                "fastqc_per_base_sequence_quality_plot.yaml:md5,73a043ea7f124e6474ac11270533de03",
                "fastqc_per_sequence_gc_content_plot_Counts.yaml:md5,c900477e0cd3a369f269bc65857377ed",
                "fastqc_per_sequence_gc_content_plot_Percentages.yaml:md5,84477f6801dcadfe0d759c2c50799b6e",
                "fastqc_per_sequence_quality_scores_plot.yaml:md5,c04ad6e6a6d61f2bbc238c61e1883317",
                "fastqc_sequence_counts_plot.yaml:md5,d9fd3b9d7b190aba26702cf73a50bd20",
                "fastqc_sequence_duplication_levels_plot.yaml:md5,73719c3f3fa610204a42cd7155d73db1",
                "fastqc_sequence_length_distribution_plot.yaml:md5,78c762e20322ee4d63f869961186c15c",
                "multiqc_bowtie2.yaml:md5,6607915ea98168dbcad83cda2ec464dc",
                "multiqc_bowtie2_bowtie2-2.yaml:md5,2a389e80ea3e2afb772fe4cd2779d0b2",
                "multiqc_busco.yaml:md5,c8778357e4d7c966e6360ba024bea55b",
                "multiqc_checkm2.yaml:md5,8f23880e10a57ad0df6434e2f479c85b",
                "multiqc_citations.yaml:md5,50440bb766620557f852bbd53357a098",
                "multiqc_fastqc.yaml:md5,f50da8bfd062b9399911ba19b34831db",
                "multiqc_fastqc_fastqc-1.yaml:md5,4c2c5a5e7b370b0668c1360b7927d0a8",
                "multiqc_general_stats.yaml:md5,423576890bb5fb21e92e83ac43da79d3",
                "multiqc_trimmomatic.yaml:md5,d4aaff3725c28801ae0577d97c2f9b30",
                "trimmomatic_plot.yaml:md5,9557cd587ace0a93912179cb0deafe3b"
            ]
        ],
        "meta": {
            "nf-test": "0.9.3",
            "nextflow": "25.10.0"
        },
        "timestamp": "2025-11-20T08:06:43.772109137"
    }
}