{
    "Profile: test": {
        "content": [
            [
                "SPAdes-MaxBin2-test_minigut_sample2.001.fa.gz:md5,6cf656f3cefd3cc7b751b707c33342fb",
                "SPAdes-MaxBin2-test_minigut.002.fa.gz:md5,d39c16958a0c037e7b7b1d2ccd419a32",
                "MEGAHIT-MaxBin2-test_minigut.002.fa.gz:md5,27645926966b807e9ffad8ed16c3d976",
                "SPAdes-MaxBin2-test_minigut.001.fa.gz:md5,ddfc2eb6ca8f2a837a05a575af24a4c9",
                "MEGAHIT-MaxBin2-test_minigut.001.fa.gz:md5,9c8ee883b97aaeccb796dd75fbe7e437",
                "SPAdes-MaxBin2-test_minigut_sample2.noclass.2.fa.gz:md5,edc0761106f2ab241c9b7937edcf0e43",
                "SPAdes-MaxBin2-test_minigut_sample2.noclass.1.fa.gz:md5,875b49fa8fa5cd5c24b5383717f1fd78",
                "MEGAHIT-MaxBin2-test_minigut.noclass.pooled.fa.gz:md5,d41d8cd98f00b204e9800998ecf8427e",
                "MEGAHIT-MaxBin2-test_minigut.noclass.remaining.fa.gz:md5,d41d8cd98f00b204e9800998ecf8427e",
                "SPAdes-MaxBin2-test_minigut_sample2.noclass.remaining.fa.gz:md5,d41d8cd98f00b204e9800998ecf8427e",
                "SPAdes-MaxBin2-test_minigut.noclass.remaining.fa.gz:md5,d41d8cd98f00b204e9800998ecf8427e",
                "SPAdes-MaxBin2-test_minigut_sample2.noclass.pooled.fa.gz:md5,361dc1b3ae1a1c4548bb4376aad3f7e2",
                "SPAdes-MaxBin2-test_minigut.noclass.pooled.fa.gz:md5,d41d8cd98f00b204e9800998ecf8427e",
                "quast_summary.tsv:md5,07f4b4641eaf2fe7cf7b3fb9c1aebf23",
                [
                    [
                        "GC_content_plot.pdf:md5,6abd8bf7740e120815f913223d12286b",
                        "MEGAHIT-MetaBAT2-test_minigut_sample2.unbinned.2.fa_GC_content_plot.pdf:md5,fcba1d3a82a1f1b5325bf2289b2e84d7",
                        "Nx_plot.pdf:md5,19ac63a2347528308730c37be293e78a",
                        "cumulative_plot.pdf:md5,b0dce22c925c44071400ecebbfa98ae4"
                    ],
                    "icarus.html:md5,61180dee30e703ac4c3630413fd2ca87",
                    [
                        "contig_size_viewer.html:md5,75ee93bd0c3d0088433a23c2534ab9cb"
                    ],
                    "metaquast.log:md5,84f99c7b6de95aa2151c3666f54d124d",
                    [
                        "MEGAHIT-MetaBAT2-test_minigut_sample2-unbinned-2-fa.rna.gff:md5,df19e1b84ba6f691d20c72b397c88abf",
                        "barrnap.log:md5,d41d8cd98f00b204e9800998ecf8427e"
                    ],
                    "quast.log:md5,b0358abfa7166979bfbbaca0cdef0326",
                    "report.html:md5,3005f984e8de42d8e17ca418fd453ccc",
                    "report.pdf:md5,b5fbc722277a5abf289a3faf99a9c326",
                    "report.tex:md5,dcadecf8b4ee850dccdf15be210dc713",
                    "report.tsv:md5,9a76c20061458dcea6d7c1d00c4ff31d",
                    "report.txt:md5,253a1c6355c50bf50aeae37803e49588",
                    "transposed_report.tex:md5,65ce243635f8db820ec5adb511ee938b",
                    "transposed_report.tsv:md5,0a469308213e0e4147c1bbcc4fc160fa",
                    "transposed_report.txt:md5,7afb01eba4501ac61fe3a67be4d6f8b0"
                ],
                "report.tsv:md5,9a76c20061458dcea6d7c1d00c4ff31d",
                "MEGAHIT-MetaBAT2-test_minigut_sample2-unbinned-2-fa.rna.gff:md5,df19e1b84ba6f691d20c72b397c88abf",
                "transposed_report.txt:md5,7afb01eba4501ac61fe3a67be4d6f8b0",
                "report.txt:md5,253a1c6355c50bf50aeae37803e49588",
                "transposed_report.tsv:md5,0a469308213e0e4147c1bbcc4fc160fa",
                [
                    [
                        "GC_content_plot.pdf:md5,7597888beb1b4eb037ba9ff9ffad6eed",
                        "Nx_plot.pdf:md5,0f8d4c50f05280cc3e51da39005076e0",
                        "SPAdes-MaxBin2-test_minigut_sample2-001-fa_coverage_histogram.pdf:md5,fa7a5da54b75ff96e95777356d9dd0ae",
                        "SPAdes-MaxBin2-test_minigut_sample2.001.fa_GC_content_plot.pdf:md5,f06cabe0aeb7781eb9255a74d1f16601",
                        "coverage_histogram.pdf:md5,b472987c415d173602a578631db30e7b",
                        "cumulative_plot.pdf:md5,a81d1eb4a53383f48297bd66383c9466"
                    ],
                    "icarus.html:md5,c8a981f05a1d6235d6e40aa8c0234629",
                    [
                        "contig_size_viewer.html:md5,19ed52ec9e1a5d5bd7174f02b45c8ccf"
                    ],
                    "metaquast.log:md5,18403709bdfc3328df80a85c974a378e",
                    [
                        "SPAdes-MaxBin2-test_minigut_sample2-001-fa.rna.gff:md5,d51ad687b2c03a815070268c54b05a88",
                        "barrnap.log:md5,d41d8cd98f00b204e9800998ecf8427e"
                    ],
                    "quast.log:md5,1eb3e806acc5a11ba98edcacd6324186",
                    "report.html:md5,a835d68c7c09d78039bf47d7bfff7e42",
                    "report.pdf:md5,fd93b7b9b9e7405ec172009ca05d19a0",
                    "report.tex:md5,7277d786547a9b0aeef4584bcbf4f6bd",
                    "report.tsv:md5,e27de531b77bf560084e149c26e64bfd",
                    "report.txt:md5,d0b177e1d4da4ca3c623b225a9c41eba",
                    "transposed_report.tex:md5,8615cc556de6d9e75165ae6efba69e16",
                    "transposed_report.tsv:md5,29dd1b5014726328ba5929d80580d878",
                    "transposed_report.txt:md5,7d8096c56c693a84fe1e3be6bfe7e81d"
                ],
                "report.tsv:md5,e27de531b77bf560084e149c26e64bfd",
                "SPAdes-MaxBin2-test_minigut_sample2-001-fa.rna.gff:md5,d51ad687b2c03a815070268c54b05a88",
                "transposed_report.txt:md5,7d8096c56c693a84fe1e3be6bfe7e81d",
                "report.txt:md5,d0b177e1d4da4ca3c623b225a9c41eba",
                "transposed_report.tsv:md5,29dd1b5014726328ba5929d80580d878",
                [
                    [
                        "GC_content_plot.pdf:md5,3d5054e7ab3406e584cfdada735a3d6e",
                        "MEGAHIT-MetaBAT2-test_minigut.2.fa_GC_content_plot.pdf:md5,7262c37d5fa7a5f138d657fb5789e760",
                        "Nx_plot.pdf:md5,1dc587866b8d3a45eab64beb57919f7d",
                        "cumulative_plot.pdf:md5,fb2bde9ae5248d666c477d970b671269"
                    ],
                    "icarus.html:md5,dd6c5fc74c753ff882a0c50e51c97f68",
                    [
                        "contig_size_viewer.html:md5,b2ae20354558fb1d869b5e1458b39682"
                    ],
                    "metaquast.log:md5,286252b405c0a0b25194bdef8bb72ac3",
                    [
                        "MEGAHIT-MetaBAT2-test_minigut-2-fa.rna.gff:md5,df19e1b84ba6f691d20c72b397c88abf",
                        "barrnap.log:md5,d41d8cd98f00b204e9800998ecf8427e"
                    ],
                    "quast.log:md5,a12d07f49e9a451f3b68aa78dbbf6f97",
                    "report.html:md5,6c828662cc77943c58ccc6f0750d6897",
                    "report.pdf:md5,89923322e19ddf92837ebdaeb2bffc22",
                    "report.tex:md5,e718c9459d9279c6a0d044a4212bc8d8",
                    "report.tsv:md5,b06dbd0290e9c08e18485f9ed46ac834",
                    "report.txt:md5,1d3aab1507ed545bf935bd44a6bff6a1",
                    "transposed_report.tex:md5,78621ee42f5edc50be6c120b3e0f636f",
                    "transposed_report.tsv:md5,1e452d4913b9aab0fe54a685b2747e66",
                    "transposed_report.txt:md5,1310e70cc55b5fcface5690b1fa22183"
                ],
                "report.tsv:md5,b06dbd0290e9c08e18485f9ed46ac834",
                "MEGAHIT-MetaBAT2-test_minigut-2-fa.rna.gff:md5,df19e1b84ba6f691d20c72b397c88abf",
                "transposed_report.txt:md5,1310e70cc55b5fcface5690b1fa22183",
                "report.txt:md5,1d3aab1507ed545bf935bd44a6bff6a1",
                "transposed_report.tsv:md5,1e452d4913b9aab0fe54a685b2747e66",
                [
                    [
                        "GC_content_plot.pdf:md5,34b0718f30b9b1059958da735ea70af6",
                        "Nx_plot.pdf:md5,4ec82dcf5440417b6ab87dc651b707bd",
                        "SPAdes-MaxBin2-test_minigut-002-fa_coverage_histogram.pdf:md5,935c33d7cace0cd3016ff4ef1e2f9547",
                        "SPAdes-MaxBin2-test_minigut.002.fa_GC_content_plot.pdf:md5,351b71e0cfe6003cac6ee0428db96b42",
                        "coverage_histogram.pdf:md5,701c068dda77969d7b3bc3af00650db5",
                        "cumulative_plot.pdf:md5,26f6c8b10748a9639718771f4f1450ee"
                    ],
                    "icarus.html:md5,10e7fdf84a63cd97850c44b8df5279a0",
                    [
                        "contig_size_viewer.html:md5,ef364b2c8719f256e1b1bb9e6ddd3732"
                    ],
                    "metaquast.log:md5,3f906758bb79012dc12f7c40ea0c2f18",
                    [
                        "SPAdes-MaxBin2-test_minigut-002-fa.rna.gff:md5,ec27a64481d86a4556c7b0d5207b7644",
                        "barrnap.log:md5,d41d8cd98f00b204e9800998ecf8427e"
                    ],
                    "quast.log:md5,4e68103e2c36a77dd1085d6f6d2dc244",
                    "report.html:md5,cf0366ad1673ab5d877ad5e41734a23c",
                    "report.pdf:md5,1b944a0a938f6ba88832377ead8c2f59",
                    "report.tex:md5,7ba25df4fc5c9a11798d4f894ed44a5a",
                    "report.tsv:md5,dce027785a269f002c056673ca831500",
                    "report.txt:md5,a9ddfb5a7fbdecf543b313aabd1da8f3",
                    "transposed_report.tex:md5,d1b8c4312567fdda013e4b927cd77b9a",
                    "transposed_report.tsv:md5,b0bf6bde03d51c5306de92796d8acf84",
                    "transposed_report.txt:md5,0846b401409d0bfbb25676df79d07ea3"
                ],
                "report.tsv:md5,dce027785a269f002c056673ca831500",
                "SPAdes-MaxBin2-test_minigut-002-fa.rna.gff:md5,ec27a64481d86a4556c7b0d5207b7644",
                "transposed_report.txt:md5,0846b401409d0bfbb25676df79d07ea3",
                "report.txt:md5,a9ddfb5a7fbdecf543b313aabd1da8f3",
                "transposed_report.tsv:md5,b0bf6bde03d51c5306de92796d8acf84",
                "SPAdes-MaxBin2-unclassified-unrefined_unbinned-test_minigut_sample2-quast_summary.tsv:md5,ed0d13332e8d37491bab026478ba2f49",
                "MEGAHIT-MaxBin2-unclassified-unrefined-test_minigut-quast_summary.tsv:md5,7ea5ba697bdda40e6b7afff4376b2abf",
                [
                    [
                        "GC_content_plot.pdf:md5,3db83cab797e2113b4b85f7486a31358",
                        "Nx_plot.pdf:md5,56bf092a08a086ec1c5b08f5d2532437",
                        "SPAdes-MetaBAT2-test_minigut-1-fa_coverage_histogram.pdf:md5,839fc42dac9fe34c0e8755f229fea212",
                        "SPAdes-MetaBAT2-test_minigut.1.fa_GC_content_plot.pdf:md5,8104b2091c0c8d5fda93a067544981c3",
                        "coverage_histogram.pdf:md5,3e05e62a5adef75013546ed8813a9d4a",
                        "cumulative_plot.pdf:md5,8dae4414803cb872bedf765c1a610f73"
                    ],
                    "icarus.html:md5,1b6cbc2fdd442941fd4a3d7b20320981",
                    [
                        "contig_size_viewer.html:md5,7c5e0066f8c54f2e847745e5aa140218"
                    ],
                    "metaquast.log:md5,fce765b25af88614d53dfade3aca52fb",
                    [
                        "SPAdes-MetaBAT2-test_minigut-1-fa.rna.gff:md5,4952f949507407ec17f4bc35b52d6869",
                        "barrnap.log:md5,d41d8cd98f00b204e9800998ecf8427e"
                    ],
                    "quast.log:md5,f715b5d596e9c2b6d00f87604010d532",
                    "report.html:md5,98c9574d3c769997bc1ef9723d320321",
                    "report.pdf:md5,2083eddf7d238c5b319a6f421870718d",
                    "report.tex:md5,77951bbe04087e7eaaeeb31d837f09df",
                    "report.tsv:md5,f00f9732b08f6168ec4d2051024c831c",
                    "report.txt:md5,ed4f0c548a08af6fb3e971537aaa14f8",
                    "transposed_report.tex:md5,bc8d7fd7300e09b56bd5308165a4e33d",
                    "transposed_report.tsv:md5,2a568dae5bad51e310ead9b81c3db9f8",
                    "transposed_report.txt:md5,81de8cddb94434b7bf7cd44f8b300328"
                ],
                "report.tsv:md5,f00f9732b08f6168ec4d2051024c831c",
                "SPAdes-MetaBAT2-test_minigut-1-fa.rna.gff:md5,4952f949507407ec17f4bc35b52d6869",
                "transposed_report.txt:md5,81de8cddb94434b7bf7cd44f8b300328",
                "report.txt:md5,ed4f0c548a08af6fb3e971537aaa14f8",
                "transposed_report.tsv:md5,2a568dae5bad51e310ead9b81c3db9f8",
                [
                    [
                        "GC_content_plot.pdf:md5,ba574126d3798610cb6f3a232b702843",
                        "Nx_plot.pdf:md5,4bc303cdc9b573b9a4ac97575a93536a",
                        "SPAdes-MaxBin2-test_minigut-001-fa_coverage_histogram.pdf:md5,f09106f27d44ef5aa1789194445fdcf2",
                        "SPAdes-MaxBin2-test_minigut.001.fa_GC_content_plot.pdf:md5,af001ab77a60a7d3889bbcf29a251d76",
                        "coverage_histogram.pdf:md5,f645b3da844aeb4c76f7bae470387b09",
                        "cumulative_plot.pdf:md5,e7727ec4290162a85b740eb86352121e"
                    ],
                    "icarus.html:md5,9fe0e03ad61e1723566bd5e20f4cac9c",
                    [
                        "contig_size_viewer.html:md5,be12cba3f24c9730535ff0d7b2e895c0"
                    ],
                    "metaquast.log:md5,965ab42dc6954da2bff6983d07f98046",
                    [
                        "SPAdes-MaxBin2-test_minigut-001-fa.rna.gff:md5,df19e1b84ba6f691d20c72b397c88abf",
                        "barrnap.log:md5,d41d8cd98f00b204e9800998ecf8427e"
                    ],
                    "quast.log:md5,bca4c3f5cfe15c3a6c00359708d6b64d",
                    "report.html:md5,62817ebffebf9a68967a5bb3da2e2be0",
                    "report.pdf:md5,5c1508b726d16ed987678cb505563657",
                    "report.tex:md5,9c988d54ac65f677d739087eb84b1d75",
                    "report.tsv:md5,b340082f1c7b9ab348c1ca3343dbba14",
                    "report.txt:md5,e08e042814a13561c2bed7fdcc911d08",
                    "transposed_report.tex:md5,279a50679d9f361b3a3a1256cda856a7",
                    "transposed_report.tsv:md5,ad7253e73f46b58eff68574618ba6750",
                    "transposed_report.txt:md5,9b67ad1182717ee56ac97edd436dfdd8"
                ],
                "report.tsv:md5,b340082f1c7b9ab348c1ca3343dbba14",
                "SPAdes-MaxBin2-test_minigut-001-fa.rna.gff:md5,df19e1b84ba6f691d20c72b397c88abf",
                "transposed_report.txt:md5,9b67ad1182717ee56ac97edd436dfdd8",
                "report.txt:md5,e08e042814a13561c2bed7fdcc911d08",
                "transposed_report.tsv:md5,ad7253e73f46b58eff68574618ba6750",
                [
                    [
                        "GC_content_plot.pdf:md5,1daf5956a3ba30ea3884559a70b055c1",
                        "Nx_plot.pdf:md5,41c6b61459f4292437a5b52e94996bb9",
                        "SPAdes-MetaBAT2-test_minigut_sample2-unbinned-1-fa_coverage_histogram.pdf:md5,1797c88c6f121d987a2890c2da26b69d",
                        "SPAdes-MetaBAT2-test_minigut_sample2.unbinned.1.fa_GC_content_plot.pdf:md5,f4877997caa9c032da6f737c3909b950",
                        "coverage_histogram.pdf:md5,97c93f8b8bbf88e212b6faa19069e82f",
                        "cumulative_plot.pdf:md5,a39ee3fa1e332b7f96f89d2e2ea0374b"
                    ],
                    "icarus.html:md5,2b343938ddc184bad9e421b26bea9eab",
                    [
                        "contig_size_viewer.html:md5,47135e85e2fa540e587d3ceefa781ec8"
                    ],
                    "metaquast.log:md5,1cd1b4ff541867dddbc19c56a66d2f5b",
                    [
                        "SPAdes-MetaBAT2-test_minigut_sample2-unbinned-1-fa.rna.gff:md5,df19e1b84ba6f691d20c72b397c88abf",
                        "barrnap.log:md5,d41d8cd98f00b204e9800998ecf8427e"
                    ],
                    "quast.log:md5,354893ece1d48a4282e890232b58f7da",
                    "report.html:md5,53194dc5a0d80bf5e60d98a54e1af92e",
                    "report.pdf:md5,243a3c9007755dbbf451cd6c4772fd8d",
                    "report.tex:md5,6b53866eb719efc2cfa2de04dc893ed6",
                    "report.tsv:md5,b6bd17ccc81b8a62dc0075958b21e17c",
                    "report.txt:md5,ae82f4e6035f6d552a7efcc2ac4075b0",
                    "transposed_report.tex:md5,72febe08bdf798372485edae9cb6d8f7",
                    "transposed_report.tsv:md5,094503142a7c02c046e42793d513be93",
                    "transposed_report.txt:md5,08a7310d511e62ea6ef894081b7907da"
                ],
                "report.tsv:md5,b6bd17ccc81b8a62dc0075958b21e17c",
                "SPAdes-MetaBAT2-test_minigut_sample2-unbinned-1-fa.rna.gff:md5,df19e1b84ba6f691d20c72b397c88abf",
                "transposed_report.txt:md5,08a7310d511e62ea6ef894081b7907da",
                "report.txt:md5,ae82f4e6035f6d552a7efcc2ac4075b0",
                "transposed_report.tsv:md5,094503142a7c02c046e42793d513be93",
                "MEGAHIT-MetaBAT2-unclassified-unrefined-test_minigut-quast_summary.tsv:md5,58d3509351e0f19978c71eba9d3a0b5f",
                [
                    [
                        "GC_content_plot.pdf:md5,24727098602cb0c4f095f9ad48729635",
                        "MEGAHIT-MetaBAT2-test_minigut.unbinned.1.fa_GC_content_plot.pdf:md5,1f0800ed8eaeefa61a2e1278e189c56f",
                        "Nx_plot.pdf:md5,b414e5c5cd8c6dcbb07a0eea06e93c1c",
                        "cumulative_plot.pdf:md5,b11e960b5c71515054c956fd97a78fd8"
                    ],
                    "icarus.html:md5,cd5d46f0986c5086271a7f9146b578ac",
                    [
                        "contig_size_viewer.html:md5,18d801c59f9ceecf8735a769805a2b62"
                    ],
                    "metaquast.log:md5,84ca4e73762c95a1cdc0912d4f042457",
                    [
                        "MEGAHIT-MetaBAT2-test_minigut-unbinned-1-fa.rna.gff:md5,df19e1b84ba6f691d20c72b397c88abf",
                        "barrnap.log:md5,d41d8cd98f00b204e9800998ecf8427e"
                    ],
                    "quast.log:md5,59e246980f78c38e2e641aaf92d36069",
                    "report.html:md5,d4199af8ad3e45eaf0100d16df03eab0",
                    "report.pdf:md5,f2ef56d6f2f9eec3c601a1b8d001ae45",
                    "report.tex:md5,c389461cee8e3cd1695e843e1b653964",
                    "report.tsv:md5,9b0eb542c8accf73baa87f034353f406",
                    "report.txt:md5,cb41024ed46e9132272543e68c2e4638",
                    "transposed_report.tex:md5,ecbf52f9ae2d179e2494eb6207313138",
                    "transposed_report.tsv:md5,5342de726ad0e72f52855d92523c4347",
                    "transposed_report.txt:md5,5e606e21770027addf7cbe88b7f8f259"
                ],
                "report.tsv:md5,9b0eb542c8accf73baa87f034353f406",
                "MEGAHIT-MetaBAT2-test_minigut-unbinned-1-fa.rna.gff:md5,df19e1b84ba6f691d20c72b397c88abf",
                "transposed_report.txt:md5,5e606e21770027addf7cbe88b7f8f259",
                "report.txt:md5,cb41024ed46e9132272543e68c2e4638",
                "transposed_report.tsv:md5,5342de726ad0e72f52855d92523c4347",
                [
                    [
                        "GC_content_plot.pdf:md5,8abb3ae7b62d4ca9e8b741240df3d25d",
                        "MEGAHIT-MaxBin2-test_minigut.002.fa_GC_content_plot.pdf:md5,c6dab1ae37c455bd415cc8e607bfcfd7",
                        "Nx_plot.pdf:md5,6dd917f9f8da9568efc8049969fe0638",
                        "cumulative_plot.pdf:md5,6e74b020406d792262380f6c4cc2ae67"
                    ],
                    "icarus.html:md5,ee60956458f1e878f5f08194c047d996",
                    [
                        "contig_size_viewer.html:md5,a8e1617417e52b78b66ddd380632678a"
                    ],
                    "metaquast.log:md5,86fa77d13f6e6f4b0d06e56e9fda0c15",
                    [
                        "MEGAHIT-MaxBin2-test_minigut-002-fa.rna.gff:md5,fc4b41ba63799be535af3339e975aeb8",
                        "barrnap.log:md5,d41d8cd98f00b204e9800998ecf8427e"
                    ],
                    "quast.log:md5,0307f94e2b5d994d471a3a8998e1a549",
                    "report.html:md5,e6882048a3947c392649aea86b7f460f",
                    "report.pdf:md5,3a2fa42dee4e337bb17e999dd4961f24",
                    "report.tex:md5,f07faea2c7d1f782fb6122dc9b97571a",
                    "report.tsv:md5,2fc0975cc2ee4eab3718bbe8907badd9",
                    "report.txt:md5,15187ee916a9346254e0db003a050c57",
                    "transposed_report.tex:md5,bab2486106fafa6010c0dff3cb191e7b",
                    "transposed_report.tsv:md5,d2f0cedea2d1adab88429edd6e102981",
                    "transposed_report.txt:md5,7a6be23b732b8fe5b905500defcfe615"
                ],
                "report.tsv:md5,2fc0975cc2ee4eab3718bbe8907badd9",
                "MEGAHIT-MaxBin2-test_minigut-002-fa.rna.gff:md5,fc4b41ba63799be535af3339e975aeb8",
                "transposed_report.txt:md5,7a6be23b732b8fe5b905500defcfe615",
                "report.txt:md5,15187ee916a9346254e0db003a050c57",
                "transposed_report.tsv:md5,d2f0cedea2d1adab88429edd6e102981",
                [
                    [
                        "GC_content_plot.pdf:md5,91595bdea0865d58d79547d0fe3e5d0e",
                        "MEGAHIT-MetaBAT2-test_minigut.1.fa_GC_content_plot.pdf:md5,bdf7c969344634e36fd7f750235e7fee",
                        "Nx_plot.pdf:md5,57c6670d22c36ea40651cb0e123b0e21",
                        "cumulative_plot.pdf:md5,4fd072696c00eb603d97d865930263aa"
                    ],
                    "icarus.html:md5,9bde33eddcccb450688bbf0c5e07f934",
                    [
                        "contig_size_viewer.html:md5,b7db4aa3335200082b3dfb100cb7123e"
                    ],
                    "metaquast.log:md5,8ced854b6bfe06a0fc64ea723d80e6d4",
                    [
                        "MEGAHIT-MetaBAT2-test_minigut-1-fa.rna.gff:md5,01a0159be750141912a331349485ffc2",
                        "barrnap.log:md5,d41d8cd98f00b204e9800998ecf8427e"
                    ],
                    "quast.log:md5,ee730460ea3266c7b9599fc005ae8ae4",
                    "report.html:md5,fd18fef6365d958ec6d5f6aef074f41f",
                    "report.pdf:md5,eefc6d18c442f0d385fe7d97b3446e65",
                    "report.tex:md5,0949c5204f1fb576d5dba036ee2c03db",
                    "report.tsv:md5,c4df87ec050cff02511076f8c90b4217",
                    "report.txt:md5,379d414808ea66126812f992dfa1989f",
                    "transposed_report.tex:md5,f5ea105535559df7ee8293108e5ba150",
                    "transposed_report.tsv:md5,c7cb9525c826d37a4f5652eafc8d3cba",
                    "transposed_report.txt:md5,ac3b11d79f3ddae7ac6c67241bf17dfb"
                ],
                "report.tsv:md5,c4df87ec050cff02511076f8c90b4217",
                "MEGAHIT-MetaBAT2-test_minigut-1-fa.rna.gff:md5,01a0159be750141912a331349485ffc2",
                "transposed_report.txt:md5,ac3b11d79f3ddae7ac6c67241bf17dfb",
                "report.txt:md5,379d414808ea66126812f992dfa1989f",
                "transposed_report.tsv:md5,c7cb9525c826d37a4f5652eafc8d3cba",
                "SPAdes-MetaBAT2-unclassified-unrefined_unbinned-test_minigut-quast_summary.tsv:md5,75c26e5f5e14b3c7a3146b07cb7e5224",
                [
                    [
                        "GC_content_plot.pdf:md5,d27b446838c495799bda2b1fd8e69c53",
                        "Nx_plot.pdf:md5,d8a2a71dbd6fa88e267ac04e21a1011a",
                        "SPAdes-MetaBAT2-test_minigut-2-fa_coverage_histogram.pdf:md5,dad668a3894f3702a45810a56dcfee44",
                        "SPAdes-MetaBAT2-test_minigut.2.fa_GC_content_plot.pdf:md5,392078049859d60061077c31eb311720",
                        "coverage_histogram.pdf:md5,df057de194a7a4d8c315644c0feb4abb",
                        "cumulative_plot.pdf:md5,b6782054ee712ec5bc1d33992ad60321"
                    ],
                    "icarus.html:md5,808d3b3d8343fbd815611c1e7b6b83a6",
                    [
                        "contig_size_viewer.html:md5,9b5ae59539dd146661829f7a5a6c8ccb"
                    ],
                    "metaquast.log:md5,745cffe8d3a40831d721e1fd5b277051",
                    [
                        "SPAdes-MetaBAT2-test_minigut-2-fa.rna.gff:md5,df19e1b84ba6f691d20c72b397c88abf",
                        "barrnap.log:md5,d41d8cd98f00b204e9800998ecf8427e"
                    ],
                    "quast.log:md5,1de45c5c08d87ccff3a532e04d3d488d",
                    "report.html:md5,d8e82660ce251b43afac7999e38d732d",
                    "report.pdf:md5,f7a31d1f4a103c5758ed02e8e8fcf328",
                    "report.tex:md5,ce49fc36747830928dd35382722d3cbc",
                    "report.tsv:md5,1d21e3293190cfbc7705d9dc740acfe3",
                    "report.txt:md5,341b843148638697d586a0f0752464d7",
                    "transposed_report.tex:md5,01562070742d69e41cd62b9e84e97323",
                    "transposed_report.tsv:md5,538a130c4cb7bd983ee2e22b1385ae51",
                    "transposed_report.txt:md5,01c334b43b617181176c32d3197779fd"
                ],
                "report.tsv:md5,1d21e3293190cfbc7705d9dc740acfe3",
                "SPAdes-MetaBAT2-test_minigut-2-fa.rna.gff:md5,df19e1b84ba6f691d20c72b397c88abf",
                "transposed_report.txt:md5,01c334b43b617181176c32d3197779fd",
                "report.txt:md5,341b843148638697d586a0f0752464d7",
                "transposed_report.tsv:md5,538a130c4cb7bd983ee2e22b1385ae51",
                "SPAdes-MaxBin2-unclassified-unrefined-test_minigut_sample2-quast_summary.tsv:md5,29dd1b5014726328ba5929d80580d878",
                [
                    [
                        "GC_content_plot.pdf:md5,ebf6d23a1c943edf439095e4368e04bd",
                        "Nx_plot.pdf:md5,0e106ac169cc56f446e099e1b12f19ad",
                        "SPAdes-MetaBAT2-test_minigut-unbinned-2-fa_coverage_histogram.pdf:md5,b5610fcd103bb0ec67c3a76f19fbc7fd",
                        "SPAdes-MetaBAT2-test_minigut.unbinned.2.fa_GC_content_plot.pdf:md5,a25882e87aad242887f55a876bbde141",
                        "coverage_histogram.pdf:md5,c84c7b7d97ab7aa28b2d3396b50ab9ac",
                        "cumulative_plot.pdf:md5,553643d2224ac4fe47674b5ffe4f3538"
                    ],
                    "icarus.html:md5,fc1aae950e14cedb9d23b77cfa31aa6e",
                    [
                        "contig_size_viewer.html:md5,60aca0f2336d3d13faa50074565ab318"
                    ],
                    "metaquast.log:md5,3230adb8c59bd6aa3e1c7dfa21d7753a",
                    [
                        "SPAdes-MetaBAT2-test_minigut-unbinned-2-fa.rna.gff:md5,df19e1b84ba6f691d20c72b397c88abf",
                        "barrnap.log:md5,d41d8cd98f00b204e9800998ecf8427e"
                    ],
                    "quast.log:md5,b4d16d8fc1648688e8ac7ede9afd8248",
                    "report.html:md5,a76ee49c8cbf17e9dc6fc8c9cf793a9e",
                    "report.pdf:md5,a7d501a5c7f4289f872d7b0a981334fc",
                    "report.tex:md5,8ba652997113e849b90ed07782e8fb37",
                    "report.tsv:md5,30f8e7d69332f9895274db055726310b",
                    "report.txt:md5,48c8a8e298d34f854e3bc54df5d2c749",
                    "transposed_report.tex:md5,9f8374d6570f4de6966b8623f5a12f93",
                    "transposed_report.tsv:md5,b2690ce83d46bf6dc1ba2db08915f366",
                    "transposed_report.txt:md5,0239b755d61539a39a7d8ec9cae3b72b"
                ],
                "report.tsv:md5,30f8e7d69332f9895274db055726310b",
                "SPAdes-MetaBAT2-test_minigut-unbinned-2-fa.rna.gff:md5,df19e1b84ba6f691d20c72b397c88abf",
                "transposed_report.txt:md5,0239b755d61539a39a7d8ec9cae3b72b",
                "report.txt:md5,48c8a8e298d34f854e3bc54df5d2c749",
                "transposed_report.tsv:md5,b2690ce83d46bf6dc1ba2db08915f366",
                "SPAdes-MetaBAT2-unclassified-unrefined-test_minigut-quast_summary.tsv:md5,0910d4fdbe2ef312f282f523dc574018",
                [
                    [
                        "GC_content_plot.pdf:md5,67505649d521b8961331b1616a617135",
                        "MEGAHIT-MetaBAT2-test_minigut_sample2.unbinned.1.fa_GC_content_plot.pdf:md5,8ccf881cc60b58a2b42f1a6d81a0e4f3",
                        "Nx_plot.pdf:md5,92658da36010598609d24676ce871385",
                        "cumulative_plot.pdf:md5,3904834beb25a6e3c70f7877f82c0f26"
                    ],
                    "icarus.html:md5,529b78c71e9ef36c6732f8e4d3a92a63",
                    [
                        "contig_size_viewer.html:md5,d03353c0c4a23186f2f2e02c6f2af2f7"
                    ],
                    "metaquast.log:md5,4ceff335825add49de8e19b228fee8f0",
                    [
                        "MEGAHIT-MetaBAT2-test_minigut_sample2-unbinned-1-fa.rna.gff:md5,cf398c99ee994a02af4ae5bdbcf08d15",
                        "barrnap.log:md5,d41d8cd98f00b204e9800998ecf8427e"
                    ],
                    "quast.log:md5,382dc6e81b180b24639bf7266d28cbc4",
                    "report.html:md5,6af2bf57851c7db8c50ff80cc3bdd20a",
                    "report.pdf:md5,1ba55223c025009647304cd7df243359",
                    "report.tex:md5,be3e4cf8b0fbe03542234b846f70b2f5",
                    "report.tsv:md5,0b6e1385a0628de17bfc6228b85712cf",
                    "report.txt:md5,aa2f4adfe9e175a3420764120e1cb93c",
                    "transposed_report.tex:md5,b59641c1718d56e96e41781a7cf12075",
                    "transposed_report.tsv:md5,6d475b46c243e9cbbead6b411f0aaaf6",
                    "transposed_report.txt:md5,eeb49e8e46c0573660e0539d838be765"
                ],
                "report.tsv:md5,0b6e1385a0628de17bfc6228b85712cf",
                "MEGAHIT-MetaBAT2-test_minigut_sample2-unbinned-1-fa.rna.gff:md5,cf398c99ee994a02af4ae5bdbcf08d15",
                "transposed_report.txt:md5,eeb49e8e46c0573660e0539d838be765",
                "report.txt:md5,aa2f4adfe9e175a3420764120e1cb93c",
                "transposed_report.tsv:md5,6d475b46c243e9cbbead6b411f0aaaf6",
                [
                    [
                        "GC_content_plot.pdf:md5,0d63a052c808b9277a07925b4136ad0b",
                        "MEGAHIT-MaxBin2-test_minigut.001.fa_GC_content_plot.pdf:md5,fb5f3c2231e2080a409da0e7e9587614",
                        "Nx_plot.pdf:md5,bfff9665adfe2985cbad17c1a3c4e31f",
                        "cumulative_plot.pdf:md5,1e6212a28f767a5f1db710f590683d44"
                    ],
                    "icarus.html:md5,fbcfd0865eae4cec61601fec153ba8fb",
                    [
                        "contig_size_viewer.html:md5,817bf0f316354774b868e30fb122956f"
                    ],
                    "metaquast.log:md5,cf0d7ee338ef9b4b1486247eb37af8b2",
                    [
                        "MEGAHIT-MaxBin2-test_minigut-001-fa.rna.gff:md5,df19e1b84ba6f691d20c72b397c88abf",
                        "barrnap.log:md5,d41d8cd98f00b204e9800998ecf8427e"
                    ],
                    "quast.log:md5,a1a78ede740382cad76593bb37648a63",
                    "report.html:md5,1c329187673eda932cab51e034e9016e",
                    "report.pdf:md5,8bc3c48b3cb7c14a49c71fc3eda2dbeb",
                    "report.tex:md5,adb8d64d80537248097e8868bcd00981",
                    "report.tsv:md5,f8b4132c804546f9a4009605d1b84cc3",
                    "report.txt:md5,3aabf13b4c0208d4fb38525f516a5338",
                    "transposed_report.tex:md5,0b61e251f9346998225852ebb1406d03",
                    "transposed_report.tsv:md5,1866163bc6ac885af3fdd4fa58e95d49",
                    "transposed_report.txt:md5,fcb9fd2b4bc7c00f1708b46e4ae1672a"
                ],
                "report.tsv:md5,f8b4132c804546f9a4009605d1b84cc3",
                "MEGAHIT-MaxBin2-test_minigut-001-fa.rna.gff:md5,df19e1b84ba6f691d20c72b397c88abf",
                "transposed_report.txt:md5,fcb9fd2b4bc7c00f1708b46e4ae1672a",
                "report.txt:md5,3aabf13b4c0208d4fb38525f516a5338",
                "transposed_report.tsv:md5,1866163bc6ac885af3fdd4fa58e95d49",
                "MEGAHIT-MetaBAT2-unclassified-unrefined_unbinned-test_minigut_sample2-quast_summary.tsv:md5,9dfe8bb3a1de455f246b5bb08ec97fcf",
                [
                    [
                        "GC_content_plot.pdf:md5,968e86634746f7d46b9eb336faa60df1",
                        "Nx_plot.pdf:md5,94a0ea9dafbb5a66b5ed3f453b6a4a14",
                        "SPAdes-MetaBAT2-test_minigut-unbinned-1-fa_coverage_histogram.pdf:md5,69e8df0d18d145bf45cb10dc3d9a9c33",
                        "SPAdes-MetaBAT2-test_minigut.unbinned.1.fa_GC_content_plot.pdf:md5,13325b5e1849625d5415ea589725e422",
                        "coverage_histogram.pdf:md5,b90266da930acb4c42a55c43d9a4c871",
                        "cumulative_plot.pdf:md5,188affc541f1c78a9cf09ad9ea671ae4"
                    ],
                    "icarus.html:md5,6a8381124712aea3ef6101f8681f3f29",
                    [
                        "contig_size_viewer.html:md5,fb429b497ecff952caf73ece9dbc4a35"
                    ],
                    "metaquast.log:md5,880f0ff3c0190f9a03a20b2c57e7d546",
                    [
                        "SPAdes-MetaBAT2-test_minigut-unbinned-1-fa.rna.gff:md5,cfa75b98b8f25f9076a418d3b1c7260e",
                        "barrnap.log:md5,d41d8cd98f00b204e9800998ecf8427e"
                    ],
                    "quast.log:md5,325e87e8851890dce76fa011265ae329",
                    "report.html:md5,63129fc7c3a9d481afb884d7dc24e779",
                    "report.pdf:md5,fcbca0f208071bcf6a9aafb6b7775c29",
                    "report.tex:md5,8d3aae03f0b3f9833a6a9e5176f48b28",
                    "report.tsv:md5,d37b10c098879dd0343578500ec5be99",
                    "report.txt:md5,f276fcaab192d6ae88b10229da703827",
                    "transposed_report.tex:md5,4c1b8360a6dc91fd8e62f230f92b0eca",
                    "transposed_report.tsv:md5,c164808433b8a2a74c498303ad3e8432",
                    "transposed_report.txt:md5,6147227d10883dd7045e68fc3d7da227"
                ],
                "report.tsv:md5,d37b10c098879dd0343578500ec5be99",
                "SPAdes-MetaBAT2-test_minigut-unbinned-1-fa.rna.gff:md5,cfa75b98b8f25f9076a418d3b1c7260e",
                "transposed_report.txt:md5,6147227d10883dd7045e68fc3d7da227",
                "report.txt:md5,f276fcaab192d6ae88b10229da703827",
                "transposed_report.tsv:md5,c164808433b8a2a74c498303ad3e8432",
                [
                    [
                        "GC_content_plot.pdf:md5,f0ad27eb97b5f860e24abe6ac6e2e40c",
                        "Nx_plot.pdf:md5,ff6f6cd021825b5866ac09a8e77355bb",
                        "SPAdes-MaxBin2-test_minigut_sample2-noclass-2-fa_coverage_histogram.pdf:md5,ecee99a706111b1aeebefa4cc4ca8bad",
                        "SPAdes-MaxBin2-test_minigut_sample2.noclass.2.fa_GC_content_plot.pdf:md5,bffe10a2ae91fef641bc54ddeb4aa080",
                        "coverage_histogram.pdf:md5,250f43643e11f5a8e2a1a44482037c8e",
                        "cumulative_plot.pdf:md5,970f4736515ca3b490b4c431fa814d22"
                    ],
                    "icarus.html:md5,fa3d00e981503cf3a7a2f1159e9a5b2d",
                    [
                        "contig_size_viewer.html:md5,95375d835134fe8962943bb06effc66a"
                    ],
                    "metaquast.log:md5,800365eee9ae2b026a064bdcf03a4a97",
                    [
                        "SPAdes-MaxBin2-test_minigut_sample2-noclass-2-fa.rna.gff:md5,df19e1b84ba6f691d20c72b397c88abf",
                        "barrnap.log:md5,d41d8cd98f00b204e9800998ecf8427e"
                    ],
                    "quast.log:md5,39c2365dd0eac40075e44260335f8d21",
                    "report.html:md5,c2497ec705777735db3fd65b6aa24e91",
                    "report.pdf:md5,d29fec9163f3266fe448593d2ed9b30e",
                    "report.tex:md5,d3d8ded98ef282016cbd816a08677597",
                    "report.tsv:md5,203cd173630a69f4898f472bc3b8a4b3",
                    "report.txt:md5,03b363abf9ed7c2c92c4c162a474c68a",
                    "transposed_report.tex:md5,84946cb1cf8294c6b927ec4fca6075e4",
                    "transposed_report.tsv:md5,0f94bcaca61c489c0b56788cbae80f35",
                    "transposed_report.txt:md5,6619ad8edbac2d0dee8c0b8f5e9feb05"
                ],
                "report.tsv:md5,203cd173630a69f4898f472bc3b8a4b3",
                "SPAdes-MaxBin2-test_minigut_sample2-noclass-2-fa.rna.gff:md5,df19e1b84ba6f691d20c72b397c88abf",
                "transposed_report.txt:md5,6619ad8edbac2d0dee8c0b8f5e9feb05",
                "report.txt:md5,03b363abf9ed7c2c92c4c162a474c68a",
                "transposed_report.tsv:md5,0f94bcaca61c489c0b56788cbae80f35",
                [
                    [
                        "GC_content_plot.pdf:md5,e69e105b459aa0eed73a3a268d46b730",
                        "MEGAHIT-MetaBAT2-test_minigut.unbinned.2.fa_GC_content_plot.pdf:md5,b350068d5ae24b35698dbfc36ace700a",
                        "Nx_plot.pdf:md5,244485afc037cf0a09fc94f0fb336de4",
                        "cumulative_plot.pdf:md5,ea52addd5f91ffb70f92f57b156fee1f"
                    ],
                    "icarus.html:md5,f201889dc8a634a313bf07a471050191",
                    [
                        "contig_size_viewer.html:md5,6f5fa329e9f98c1f9573e63685ba991f"
                    ],
                    "metaquast.log:md5,91c59a23ca2c9af001c6bb42f5e6d00f",
                    [
                        "MEGAHIT-MetaBAT2-test_minigut-unbinned-2-fa.rna.gff:md5,df19e1b84ba6f691d20c72b397c88abf",
                        "barrnap.log:md5,d41d8cd98f00b204e9800998ecf8427e"
                    ],
                    "quast.log:md5,d9b022fc3e0dfd67901c17e3e884d8cc",
                    "report.html:md5,c58ec1c936f7a197cfd74aef06c1bd1b",
                    "report.pdf:md5,6aa080a90edd4074e3d2e32e34afd8df",
                    "report.tex:md5,4592bf11940a31caafa0c45afac7b9ea",
                    "report.tsv:md5,387dbadcf2d17af6d3d5713f5bd7ef07",
                    "report.txt:md5,a63de2e9c5ff14c2c78254c8d2ea1d6f",
                    "transposed_report.tex:md5,05422bfd7d8b7f23b3e79a80bac32cd7",
                    "transposed_report.tsv:md5,966a1734f4b2a5889a1b94db42770633",
                    "transposed_report.txt:md5,2b9b007d08cd98e2f5b99f1cc44c68dc"
                ],
                "report.tsv:md5,387dbadcf2d17af6d3d5713f5bd7ef07",
                "MEGAHIT-MetaBAT2-test_minigut-unbinned-2-fa.rna.gff:md5,df19e1b84ba6f691d20c72b397c88abf",
                "transposed_report.txt:md5,2b9b007d08cd98e2f5b99f1cc44c68dc",
                "report.txt:md5,a63de2e9c5ff14c2c78254c8d2ea1d6f",
                "transposed_report.tsv:md5,966a1734f4b2a5889a1b94db42770633",
                [
                    [
                        "GC_content_plot.pdf:md5,2af40971939cd7e5df64935c1b4d620c",
                        "Nx_plot.pdf:md5,177993671a25ed1b845cd0263a61f868",
                        "SPAdes-MaxBin2-test_minigut_sample2-noclass-1-fa_coverage_histogram.pdf:md5,b7d930f73c4929c55c020fe4fee6d46b",
                        "SPAdes-MaxBin2-test_minigut_sample2.noclass.1.fa_GC_content_plot.pdf:md5,25079adca52be8f6048d94d71d79bb72",
                        "coverage_histogram.pdf:md5,5e209f93bac42b8af3475a52697034ef",
                        "cumulative_plot.pdf:md5,9ec1f9d7a0f7174de0ffa123880a3dfe"
                    ],
                    "icarus.html:md5,6a94ee9dc48ebc46c2d77c208e0d1d70",
                    [
                        "contig_size_viewer.html:md5,1ff7f0fcbeed2b8c8f5f5c1bc61f78ce"
                    ],
                    "metaquast.log:md5,d3e57b4abf0c5f1b314006e0e81c252a",
                    [
                        "SPAdes-MaxBin2-test_minigut_sample2-noclass-1-fa.rna.gff:md5,df19e1b84ba6f691d20c72b397c88abf",
                        "barrnap.log:md5,d41d8cd98f00b204e9800998ecf8427e"
                    ],
                    "quast.log:md5,56c387f605ce6774a33ab72d60e4e1f0",
                    "report.html:md5,77b565e3df05bb8b78dd5db2f630e51d",
                    "report.pdf:md5,eae59579fa1e74b6f4ffeffdc3c78775",
                    "report.tex:md5,a7a668035aa793aaf18caf7f2248b272",
                    "report.tsv:md5,3fe6c3d71fa0fcd029ca4aaf555674a7",
                    "report.txt:md5,7d3b8c09cc6d954c3fd81b66a2c27a6a",
                    "transposed_report.tex:md5,43c1f1b9d9127c7481ddd22c9410a68c",
                    "transposed_report.tsv:md5,08640deb524b1e8b06fe7b63baaa6e09",
                    "transposed_report.txt:md5,e5034b301f0c2a326312bd562f571839"
                ],
                "report.tsv:md5,3fe6c3d71fa0fcd029ca4aaf555674a7",
                "SPAdes-MaxBin2-test_minigut_sample2-noclass-1-fa.rna.gff:md5,df19e1b84ba6f691d20c72b397c88abf",
                "transposed_report.txt:md5,e5034b301f0c2a326312bd562f571839",
                "report.txt:md5,7d3b8c09cc6d954c3fd81b66a2c27a6a",
                "transposed_report.tsv:md5,08640deb524b1e8b06fe7b63baaa6e09",
                "SPAdes-MetaBAT2-unclassified-unrefined_unbinned-test_minigut_sample2-quast_summary.tsv:md5,f0b7f75e7a24728be2776180e47bf097",
                "SPAdes-MaxBin2-unclassified-unrefined-test_minigut-quast_summary.tsv:md5,f0455a9ab08a31621681ae505d498528",
                [
                    [
                        "GC_content_plot.pdf:md5,641c1a4d957439003b60ba7da7691258",
                        "Nx_plot.pdf:md5,a5b294cca9801d24a17b7a5bfe1a49b6",
                        "SPAdes-MetaBAT2-test_minigut_sample2-unbinned-2-fa_coverage_histogram.pdf:md5,c4af6c1e5a1d7fe22abc044f43086043",
                        "SPAdes-MetaBAT2-test_minigut_sample2.unbinned.2.fa_GC_content_plot.pdf:md5,a9750cc07193744418374263ba1ae114",
                        "coverage_histogram.pdf:md5,59d814925cc3b2972231aeecfa47c364",
                        "cumulative_plot.pdf:md5,7e68174473aa29e8c6b01940d89aebb7"
                    ],
                    "icarus.html:md5,ac29090e6be12259575d2a1dd2173ea9",
                    [
                        "contig_size_viewer.html:md5,70b6ecdb928e04c6c6caa5334b903e6a"
                    ],
                    "metaquast.log:md5,8dbd333a59eeb87b409be36e8e9880e3",
                    [
                        "SPAdes-MetaBAT2-test_minigut_sample2-unbinned-2-fa.rna.gff:md5,d79108cff0a749862217742356970b9a",
                        "barrnap.log:md5,d41d8cd98f00b204e9800998ecf8427e"
                    ],
                    "quast.log:md5,482d94af4799500cc85795e24998a405",
                    "report.html:md5,d1e7c0dd3e2d2ea7dc9be4ec304ae5e9",
                    "report.pdf:md5,b453c7616d8f8854a641ce630b8db384",
                    "report.tex:md5,4c3a66e77f98097b95cba5f476320d89",
                    "report.tsv:md5,e9eca4fd19c7c3fb3068922bf6078641",
                    "report.txt:md5,09cf365e064c614c880dc697defb16e4",
                    "transposed_report.tex:md5,ab660f32c90d54a9c8a94c77cd3c2b9e",
                    "transposed_report.tsv:md5,a3d91194541133324287f87664fe9a80",
                    "transposed_report.txt:md5,93d80564df7ae7cf4da34a05fa9dd839"
                ],
                "report.tsv:md5,e9eca4fd19c7c3fb3068922bf6078641",
                "SPAdes-MetaBAT2-test_minigut_sample2-unbinned-2-fa.rna.gff:md5,d79108cff0a749862217742356970b9a",
                "transposed_report.txt:md5,93d80564df7ae7cf4da34a05fa9dd839",
                "report.txt:md5,09cf365e064c614c880dc697defb16e4",
                "transposed_report.tsv:md5,a3d91194541133324287f87664fe9a80",
                "MEGAHIT-MetaBAT2-unclassified-unrefined_unbinned-test_minigut-quast_summary.tsv:md5,670c1bf14ade6c373f2f9f14bb12eb2a",
                "SPAdes-test_minigut_sample2-depth.txt.gz:md5,f102b98b95249c3084eca6a3013838de",
                "SPAdes-test_minigut-depth.txt.gz:md5,e0a777e6f79ca4ef7e05a6f4b6dfb525",
                "MEGAHIT-test_minigut_sample2-depth.txt.gz:md5,2433c44fb396cc8e9cfbffbd4f6e9ac9",
                "MEGAHIT-test_minigut-depth.txt.gz:md5,8cc967273e3f7d8a6d80258d790ec2f2",
                "bin_depths_summary.tsv:md5,ba83d029531fc295c6410083e69e52d4",
                "MEGAHIT-MetaBAT2-test_minigut.tooShort.fa.gz:md5,80cee6a312869458696444f874a54412",
                "SPAdes-MetaBAT2-test_minigut.tooShort.fa.gz:md5,98b6d8ba42cf3a0537425155883c6cd5",
                "SPAdes-MetaBAT2-test_minigut_sample2.tooShort.fa.gz:md5,33ba0b842d8611d8ca3b3a59c99a0f4c",
                "MEGAHIT-MetaBAT2-test_minigut.lowDepth.fa.gz:md5,d41d8cd98f00b204e9800998ecf8427e",
                "MEGAHIT-MetaBAT2-test_minigut_sample2.tooShort.fa.gz:md5,ae27e657de20409403878a885cee5088",
                "SPAdes-MetaBAT2-test_minigut_sample2.lowDepth.fa.gz:md5,d41d8cd98f00b204e9800998ecf8427e",
                "SPAdes-MetaBAT2-test_minigut.lowDepth.fa.gz:md5,d41d8cd98f00b204e9800998ecf8427e",
                "MEGAHIT-MetaBAT2-test_minigut_sample2.lowDepth.fa.gz:md5,d41d8cd98f00b204e9800998ecf8427e",
                "MEGAHIT-MetaBAT2-test_minigut.2.fa.gz:md5,1aeab1abd23c18779cadac00a1735201",
                "SPAdes-MetaBAT2-test_minigut.1.fa.gz:md5,80a2fd83e2e847289ca6d0f897a681e2",
                "MEGAHIT-MetaBAT2-test_minigut.1.fa.gz:md5,90f360df42a9b977445eca1db3afc983",
                "SPAdes-MetaBAT2-test_minigut.2.fa.gz:md5,2edd15062a0eff2424aabc6696748ab5",
                "MEGAHIT-MetaBAT2-test_minigut_sample2.unbinned.1.fa.gz:md5,5eeab7608c9c6db19090dc9e5d9a588c",
                "SPAdes-MetaBAT2-test_minigut_sample2.unbinned.1.fa.gz:md5,050e05a2ddb5eccc31d2116dd8b455a8",
                "MEGAHIT-MetaBAT2-test_minigut_sample2.unbinned.2.fa.gz:md5,841d7a48a793d278fa6125230640571b",
                "SPAdes-MetaBAT2-test_minigut.unbinned.1.fa.gz:md5,3e603ca31105651ebce03689ecde9eec",
                "SPAdes-MetaBAT2-test_minigut_sample2.unbinned.2.fa.gz:md5,f0817f0772a1d04601474d3ada861aa9",
                "MEGAHIT-MetaBAT2-test_minigut.unbinned.1.fa.gz:md5,645fd3da7d9928def0c37863bbb5941c",
                "SPAdes-MetaBAT2-test_minigut.unbinned.2.fa.gz:md5,7db17fa5b89817913177db20545aa923",
                "MEGAHIT-MetaBAT2-test_minigut.unbinned.remaining.fa.gz:md5,d41d8cd98f00b204e9800998ecf8427e",
                "MEGAHIT-MetaBAT2-test_minigut.unbinned.pooled.fa.gz:md5,ca6484eec7eaf321787a47173532bd6b",
                "SPAdes-MetaBAT2-test_minigut.unbinned.remaining.fa.gz:md5,d41d8cd98f00b204e9800998ecf8427e",
                "SPAdes-MetaBAT2-test_minigut_sample2.unbinned.remaining.fa.gz:md5,d41d8cd98f00b204e9800998ecf8427e",
                "MEGAHIT-MetaBAT2-test_minigut_sample2.unbinned.pooled.fa.gz:md5,36c8d4c273c730fa9210b65305e67224",
                "SPAdes-MetaBAT2-test_minigut.unbinned.pooled.fa.gz:md5,74a4e09b094ea5903cf9cea79e94ed57",
                "MEGAHIT-MetaBAT2-test_minigut_sample2.unbinned.remaining.fa.gz:md5,d41d8cd98f00b204e9800998ecf8427e",
                "SPAdes-MetaBAT2-test_minigut_sample2.unbinned.pooled.fa.gz:md5,e34046d231df1492056b8a461acf23e7",
                "MEGAHIT-MetaBAT2-test_minigut.unbinned.2.fa.gz:md5,d5c554907d9b3e549651cdbafe37d679",
                "test_minigut_run1_phix_removed.bowtie2.log:md5,7f8750bca9c172f14c13703bfaa9aaa5",
                "test_minigut_sample2_run0_phix_removed.bowtie2.log:md5,fb967944891311058a2c8f2255cfe118",
                "test_minigut_run2_phix_removed.bowtie2.log:md5,7f8750bca9c172f14c13703bfaa9aaa5",
                "test_minigut_run2_fastp.fastp.json:md5,7fdddd4a85003e38b3155b9c0a5002ae",
                "test_minigut_run1_fastp.fastp.json:md5,ab1f5944fc9e1bd8cf51f6515b64abb3",
                "test_minigut_sample2_run0_fastp.fastp.json:md5,2bdad74a9cc2b9727f52a83ca87e835c",
                "test_minigut_all.txt.gz:md5,8eef49811be537158db15a7dd7f50b10",
                "test_minigut.faa.gz:md5,ddd0941359f95d2f84aabf1e5cf67557",
                "test_minigut.fna.gz:md5,623117b4b070eeda4b6e09ece4e32e9c",
                "test_minigut.gff.gz:md5,80e8726ecc2d146187cfa2aa4a748d84",
                "test_minigut_sample2.gff.gz:md5,8c48d18d6234727f5490e9e23f10f468",
                "test_minigut_sample2_all.txt.gz:md5,9f84892e7627f7f7d62945715178d803",
                "test_minigut_sample2.fna.gz:md5,d2d62f3570d56f9bce447c07bd67e126",
                "test_minigut_sample2.faa.gz:md5,2eab1ab73b091d2927e9f4d837c469bb",
                "test_minigut_all.txt.gz:md5,670fd4cb6edbf454ea2b687f8bb262e4",
                "test_minigut.faa.gz:md5,ea14477a9bafda3ad0fd61ea2e7ac62c",
                "test_minigut.fna.gz:md5,74a15b3394053c45de3e7cd4cc27aafd",
                "test_minigut.gff.gz:md5,d90d8730f41d31fdecf7571555b598fe",
                "test_minigut_sample2.gff.gz:md5,3ee13f148386668e88c18a4cd6a14ad3",
                "test_minigut_sample2_all.txt.gz:md5,b671f61078205c046b5e6ec714cfab3b",
                "test_minigut_sample2.fna.gz:md5,aa75a86b9e67dac162e6d47301b22ee3",
                "test_minigut_sample2.faa.gz:md5,d48a526149786c4679d21243b77df56d",
                "SPAdes-test_minigut_sample2_contigs.fasta.gz:md5,d8c370a9f0f82bdeb55c0323702ebfa2",
                "SPAdes-test_minigut_sample2_graph.gfa.gz:md5,2bfc49e7d40256e552ab7f4571afe424",
                "SPAdes-test_minigut-test_minigut_sample2.bowtie2.log:md5,d8fe4dc3f2e5bb1cbc412923eed361b2",
                "SPAdes-test_minigut.bowtie2.log:md5,53ff89dd4b11e2ad481afab3449d862e",
                "SPAdes-test_minigut_sample2-test_minigut.bowtie2.log:md5,8160c10e3148a36b0f9647851c8427fe",
                "SPAdes-test_minigut_sample2.bowtie2.log:md5,ab8b1e1085f54768ae564fb09b16fbe3",
                "SPAdes-test_minigut_scaffolds.fasta.gz:md5,8bd449b393a7d3937ff74a24ce39cfc1",
                "SPAdes-test_minigut_graph.gfa.gz:md5,15869409295ffcd300db3e99e240f252",
                "SPAdes-test_minigut_contigs.fasta.gz:md5,7bfdf7cd015954dadde9578d59903e41",
                "SPAdes-test_minigut_sample2_scaffolds.fasta.gz:md5,30619f032529592fbe4bd9eab5065640",
                "MEGAHIT-test_minigut-test_minigut_sample2.bowtie2.log:md5,b9bb2fb7280f216a707f5fb3cd6b489d",
                "MEGAHIT-test_minigut.bowtie2.log:md5,522f905d888274cc886310a1f73dfbc5",
                "MEGAHIT-test_minigut_sample2-test_minigut.bowtie2.log:md5,7b0db12a165fdd82f4abcb5b88aa7741",
                "MEGAHIT-test_minigut_sample2.bowtie2.log:md5,0785d7bbb739a31b736b87587ac98dc1",
                "MEGAHIT-test_minigut_sample2.contigs.fa.gz:md5,2c0b7977b39fb2db31ee9b3adf75f8c6",
                "MEGAHIT-test_minigut.contigs.fa.gz:md5,f35393cdbcb64bdc7ae9db78a5601229",
                "test_minigut.kraken2_report.txt:md5,3229af9b2fcb8456ee23906f4b4a4b45",
                "test_minigut_sample2.kraken2_report.txt:md5,7f1389d42648d2dfb423bc5fd511b730",
                "test_minigut.results.txt:md5,36479608b6a844a8697a5f3e8416f296",
                "test_minigut.report.txt:md5,0d038ed45d52951652cc40bce5f22e3d",
                "test_minigut_kreport.txt:md5,558a299058d8c78b5989a4ac6168ebf7",
                "test_minigut_sample2_kreport.txt:md5,c0c06a25e14ddb53ac67b90245d0cb83",
                "test_minigut_sample2.results.txt:md5,9afd6683290119cd12e4c3e147c2e5a0",
                "test_minigut_sample2.report.txt:md5,0d038ed45d52951652cc40bce5f22e3d"
            ]
        ],
        "meta": {
            "nf-test": "0.8.4",
            "nextflow": "24.04.1"
        },
        "timestamp": "2024-06-28T14:55:58.500290094"
    }
}