{
    "annotation": {
        "content": [
            [
                "Annotation/MetaEuk/MEGAHIT/MEGAHIT-MetaBAT2Refined-test_minigut.1/MEGAHIT-MetaBAT2Refined-test_minigut.1.codon.fas",
                "Annotation/MetaEuk/MEGAHIT/MEGAHIT-MetaBAT2Refined-test_minigut.1/MEGAHIT-MetaBAT2Refined-test_minigut.1.fas",
                "Annotation/MetaEuk/MEGAHIT/MEGAHIT-MetaBAT2Refined-test_minigut.1/MEGAHIT-MetaBAT2Refined-test_minigut.1.gff",
                "Annotation/MetaEuk/MEGAHIT/MEGAHIT-MetaBAT2Refined-test_minigut.1/MEGAHIT-MetaBAT2Refined-test_minigut.1.headersMap.tsv",
                "Annotation/MetaEuk/MEGAHIT/MEGAHIT-MetaBAT2Refined-test_minigut.2/MEGAHIT-MetaBAT2Refined-test_minigut.2.codon.fas",
                "Annotation/MetaEuk/MEGAHIT/MEGAHIT-MetaBAT2Refined-test_minigut.2/MEGAHIT-MetaBAT2Refined-test_minigut.2.fas",
                "Annotation/MetaEuk/MEGAHIT/MEGAHIT-MetaBAT2Refined-test_minigut.2/MEGAHIT-MetaBAT2Refined-test_minigut.2.gff",
                "Annotation/MetaEuk/MEGAHIT/MEGAHIT-MetaBAT2Refined-test_minigut.2/MEGAHIT-MetaBAT2Refined-test_minigut.2.headersMap.tsv",
                "Annotation/MetaEuk/SPAdes/SPAdes-CONCOCTRefined-test_minigut.7/SPAdes-CONCOCTRefined-test_minigut.7.codon.fas",
                "Annotation/MetaEuk/SPAdes/SPAdes-CONCOCTRefined-test_minigut.7/SPAdes-CONCOCTRefined-test_minigut.7.fas",
                "Annotation/MetaEuk/SPAdes/SPAdes-CONCOCTRefined-test_minigut.7/SPAdes-CONCOCTRefined-test_minigut.7.gff",
                "Annotation/MetaEuk/SPAdes/SPAdes-CONCOCTRefined-test_minigut.7/SPAdes-CONCOCTRefined-test_minigut.7.headersMap.tsv",
                "Annotation/MetaEuk/SPAdes/SPAdes-MaxBin2Refined-test_minigut.001_sub/SPAdes-MaxBin2Refined-test_minigut.001_sub.codon.fas",
                "Annotation/MetaEuk/SPAdes/SPAdes-MaxBin2Refined-test_minigut.001_sub/SPAdes-MaxBin2Refined-test_minigut.001_sub.fas",
                "Annotation/MetaEuk/SPAdes/SPAdes-MaxBin2Refined-test_minigut.001_sub/SPAdes-MaxBin2Refined-test_minigut.001_sub.gff",
                "Annotation/MetaEuk/SPAdes/SPAdes-MaxBin2Refined-test_minigut.001_sub/SPAdes-MaxBin2Refined-test_minigut.001_sub.headersMap.tsv"
            ],
            [
                "MEGAHIT-MetaBAT2Refined-test_minigut.1.codon.fas:md5,d41d8cd98f00b204e9800998ecf8427e",
                "MEGAHIT-MetaBAT2Refined-test_minigut.1.fas:md5,d41d8cd98f00b204e9800998ecf8427e",
                "MEGAHIT-MetaBAT2Refined-test_minigut.1.gff:md5,d41d8cd98f00b204e9800998ecf8427e",
                "MEGAHIT-MetaBAT2Refined-test_minigut.1.headersMap.tsv:md5,d41d8cd98f00b204e9800998ecf8427e",
                "MEGAHIT-MetaBAT2Refined-test_minigut.2.codon.fas:md5,d41d8cd98f00b204e9800998ecf8427e",
                "MEGAHIT-MetaBAT2Refined-test_minigut.2.fas:md5,d41d8cd98f00b204e9800998ecf8427e",
                "MEGAHIT-MetaBAT2Refined-test_minigut.2.gff:md5,d41d8cd98f00b204e9800998ecf8427e",
                "MEGAHIT-MetaBAT2Refined-test_minigut.2.headersMap.tsv:md5,d41d8cd98f00b204e9800998ecf8427e",
                "SPAdes-CONCOCTRefined-test_minigut.7.codon.fas:md5,d41d8cd98f00b204e9800998ecf8427e",
                "SPAdes-CONCOCTRefined-test_minigut.7.fas:md5,d41d8cd98f00b204e9800998ecf8427e",
                "SPAdes-CONCOCTRefined-test_minigut.7.gff:md5,d41d8cd98f00b204e9800998ecf8427e",
                "SPAdes-CONCOCTRefined-test_minigut.7.headersMap.tsv:md5,d41d8cd98f00b204e9800998ecf8427e",
                "SPAdes-MaxBin2Refined-test_minigut.001_sub.codon.fas:md5,d41d8cd98f00b204e9800998ecf8427e",
                "SPAdes-MaxBin2Refined-test_minigut.001_sub.fas:md5,d41d8cd98f00b204e9800998ecf8427e",
                "SPAdes-MaxBin2Refined-test_minigut.001_sub.gff:md5,d41d8cd98f00b204e9800998ecf8427e",
                "SPAdes-MaxBin2Refined-test_minigut.001_sub.headersMap.tsv:md5,d41d8cd98f00b204e9800998ecf8427e"
            ]
        ],
        "meta": {
            "nf-test": "0.9.3",
            "nextflow": "25.10.0"
        },
        "timestamp": "2025-11-20T10:08:12.587500203"
    },
    "assembly": {
        "content": [
            [
                "Assembly/MEGAHIT/QC/test_minigut/MEGAHIT-test_minigut-test_minigut_sample2.bowtie2.log",
                "Assembly/MEGAHIT/QC/test_minigut/MEGAHIT-test_minigut.bowtie2.log",
                "Assembly/MEGAHIT/QC/test_minigut_sample2/MEGAHIT-test_minigut_sample2-test_minigut.bowtie2.log",
                "Assembly/MEGAHIT/QC/test_minigut_sample2/MEGAHIT-test_minigut_sample2.bowtie2.log",
                "Assembly/SPAdes/QC/test_minigut/SPAdes-test_minigut-test_minigut_sample2.bowtie2.log",
                "Assembly/SPAdes/QC/test_minigut/SPAdes-test_minigut.bowtie2.log",
                "Assembly/SPAdes/QC/test_minigut_sample2/SPAdes-test_minigut_sample2-test_minigut.bowtie2.log",
                "Assembly/SPAdes/QC/test_minigut_sample2/SPAdes-test_minigut_sample2.bowtie2.log"
            ]
        ],
        "meta": {
            "nf-test": "0.9.2",
            "nextflow": "25.10.0"
        },
        "timestamp": "2025-11-03T13:09:25.820313196"
    },
    "-profile assembly_input": {
        "content": [
            203,
            {
                "ADJUST_MAXBIN2_EXT": {
                    "coreutils": 9.5
                },
                "BIN_SUMMARY": {
                    "pandas": "1.4.3",
                    "python": "3.10.6"
                },
                "BOWTIE2_ASSEMBLY_ALIGN": {
                    "bowtie2": "2.4.2",
                    "pigz": "2.3.4",
                    "samtools": 1.11
                },
                "BOWTIE2_ASSEMBLY_BUILD": {
                    "bowtie2": "2.4.2"
                },
                "BUSCO_BUSCO": {
                    "busco": "6.0.0"
                },
                "BUSCO_UNTAR": {
                    "untar": 1.34
                },
                "CONCAT_BUSCO_TSV": {
                    "csvtk": "0.31.0"
                },
                "CONCOCT_CONCOCT": {
                    "concoct": "1.1.0"
                },
                "CONCOCT_CONCOCTCOVERAGETABLE": {
                    "concoct": "1.1.0"
                },
                "CONCOCT_CUTUPFASTA": {
                    "concoct": "1.1.0"
                },
                "CONCOCT_EXTRACTFASTABINS": {
                    "concoct": "1.1.0"
                },
                "CONCOCT_MERGECUTUPCLUSTERING": {
                    "concoct": "1.1.0"
                },
                "CONVERT_DEPTHS": {
                    "bioawk": 20110810
                },
                "DASTOOL_DASTOOL": {
                    "dastool": "1.1.7"
                },
                "DASTOOL_FASTATOCONTIG2BIN_CONCOCT": {
                    "dastool": "1.1.7"
                },
                "DASTOOL_FASTATOCONTIG2BIN_MAXBIN2": {
                    "dastool": "1.1.7"
                },
                "DASTOOL_FASTATOCONTIG2BIN_METABAT2": {
                    "dastool": "1.1.7"
                },
                "GUNZIP_ASSEMBLYINPUT": {
                    "gunzip": 1.13
                },
                "GUNZIP_BINS": {
                    "gunzip": 1.13
                },
                "MAG_DEPTHS": {
                    "pandas": "1.1.5",
                    "python": "3.6.7"
                },
                "MAG_DEPTHS_PLOT": {
                    "pandas": "1.3.0",
                    "python": "3.9.6",
                    "seaborn": "0.11.0"
                },
                "MAG_DEPTHS_SUMMARY": {
                    "pandas": "1.4.3",
                    "python": "3.10.6"
                },
                "MAXBIN2": {
                    "maxbin2": "2.2.7"
                },
                "METABAT2_JGISUMMARIZEBAMCONTIGDEPTHS_SHORTREAD": {
                    "metabat2": 2.15
                },
                "METABAT2_METABAT2": {
                    "metabat2": 2.17
                },
                "METAEUK_EASYPREDICT": {
                    "metaeuk": "6.a5d39d9"
                },
                "MMSEQS_DATABASES": {
                    "mmseqs": "18.8cc5c"
                },
                "RENAME_POSTDASTOOL": {
                    "coreutils": 9.5
                },
                "RENAME_PREDASTOOL": {
                    "coreutils": 9.5
                },
                "SEMIBIN_SINGLEEASYBIN": {
                    "SemiBin": "2.2.0"
                },
                "SEQKIT_STATS": {
                    "seqkit": "2.9.0"
                },
                "SPLIT_FASTA": {
                    "biopython": "1.7.4",
                    "pandas": "1.1.5",
                    "python": "3.6.7"
                },
                "Workflow": {
                    "nf-core/mag": "v5.3.0dev"
                }
            }
        ],
        "meta": {
            "nf-test": "0.9.3",
            "nextflow": "25.10.0"
        },
        "timestamp": "2025-11-20T10:08:12.560999603"
    },
    "binning": {
        "content": [
            [
                "GenomeBinning/CONCOCT/bins/MEGAHIT-CONCOCT-test_minigut_0.fa.gz",
                "GenomeBinning/CONCOCT/bins/MEGAHIT-CONCOCT-test_minigut_1.fa.gz",
                "GenomeBinning/CONCOCT/bins/MEGAHIT-CONCOCT-test_minigut_10.fa.gz",
                "GenomeBinning/CONCOCT/bins/MEGAHIT-CONCOCT-test_minigut_11.fa.gz",
                "GenomeBinning/CONCOCT/bins/MEGAHIT-CONCOCT-test_minigut_12.fa.gz",
                "GenomeBinning/CONCOCT/bins/MEGAHIT-CONCOCT-test_minigut_13.fa.gz",
                "GenomeBinning/CONCOCT/bins/MEGAHIT-CONCOCT-test_minigut_14.fa.gz",
                "GenomeBinning/CONCOCT/bins/MEGAHIT-CONCOCT-test_minigut_15.fa.gz",
                "GenomeBinning/CONCOCT/bins/MEGAHIT-CONCOCT-test_minigut_16.fa.gz",
                "GenomeBinning/CONCOCT/bins/MEGAHIT-CONCOCT-test_minigut_17.fa.gz",
                "GenomeBinning/CONCOCT/bins/MEGAHIT-CONCOCT-test_minigut_18.fa.gz",
                "GenomeBinning/CONCOCT/bins/MEGAHIT-CONCOCT-test_minigut_19.fa.gz",
                "GenomeBinning/CONCOCT/bins/MEGAHIT-CONCOCT-test_minigut_2.fa.gz",
                "GenomeBinning/CONCOCT/bins/MEGAHIT-CONCOCT-test_minigut_20.fa.gz",
                "GenomeBinning/CONCOCT/bins/MEGAHIT-CONCOCT-test_minigut_21.fa.gz",
                "GenomeBinning/CONCOCT/bins/MEGAHIT-CONCOCT-test_minigut_22.fa.gz",
                "GenomeBinning/CONCOCT/bins/MEGAHIT-CONCOCT-test_minigut_23.fa.gz",
                "GenomeBinning/CONCOCT/bins/MEGAHIT-CONCOCT-test_minigut_24.fa.gz",
                "GenomeBinning/CONCOCT/bins/MEGAHIT-CONCOCT-test_minigut_25.fa.gz",
                "GenomeBinning/CONCOCT/bins/MEGAHIT-CONCOCT-test_minigut_26.fa.gz",
                "GenomeBinning/CONCOCT/bins/MEGAHIT-CONCOCT-test_minigut_27.fa.gz",
                "GenomeBinning/CONCOCT/bins/MEGAHIT-CONCOCT-test_minigut_28.fa.gz",
                "GenomeBinning/CONCOCT/bins/MEGAHIT-CONCOCT-test_minigut_29.fa.gz",
                "GenomeBinning/CONCOCT/bins/MEGAHIT-CONCOCT-test_minigut_3.fa.gz",
                "GenomeBinning/CONCOCT/bins/MEGAHIT-CONCOCT-test_minigut_30.fa.gz",
                "GenomeBinning/CONCOCT/bins/MEGAHIT-CONCOCT-test_minigut_31.fa.gz",
                "GenomeBinning/CONCOCT/bins/MEGAHIT-CONCOCT-test_minigut_32.fa.gz",
                "GenomeBinning/CONCOCT/bins/MEGAHIT-CONCOCT-test_minigut_33.fa.gz",
                "GenomeBinning/CONCOCT/bins/MEGAHIT-CONCOCT-test_minigut_34.fa.gz",
                "GenomeBinning/CONCOCT/bins/MEGAHIT-CONCOCT-test_minigut_35.fa.gz",
                "GenomeBinning/CONCOCT/bins/MEGAHIT-CONCOCT-test_minigut_36.fa.gz",
                "GenomeBinning/CONCOCT/bins/MEGAHIT-CONCOCT-test_minigut_37.fa.gz",
                "GenomeBinning/CONCOCT/bins/MEGAHIT-CONCOCT-test_minigut_38.fa.gz",
                "GenomeBinning/CONCOCT/bins/MEGAHIT-CONCOCT-test_minigut_39.fa.gz",
                "GenomeBinning/CONCOCT/bins/MEGAHIT-CONCOCT-test_minigut_4.fa.gz",
                "GenomeBinning/CONCOCT/bins/MEGAHIT-CONCOCT-test_minigut_5.fa.gz",
                "GenomeBinning/CONCOCT/bins/MEGAHIT-CONCOCT-test_minigut_6.fa.gz",
                "GenomeBinning/CONCOCT/bins/MEGAHIT-CONCOCT-test_minigut_7.fa.gz",
                "GenomeBinning/CONCOCT/bins/MEGAHIT-CONCOCT-test_minigut_8.fa.gz",
                "GenomeBinning/CONCOCT/bins/MEGAHIT-CONCOCT-test_minigut_9.fa.gz",
                "GenomeBinning/CONCOCT/bins/MEGAHIT-CONCOCT-test_minigut_sample2_0.fa.gz",
                "GenomeBinning/CONCOCT/bins/MEGAHIT-CONCOCT-test_minigut_sample2_1.fa.gz",
                "GenomeBinning/CONCOCT/bins/MEGAHIT-CONCOCT-test_minigut_sample2_2.fa.gz",
                "GenomeBinning/CONCOCT/bins/MEGAHIT-CONCOCT-test_minigut_sample2_3.fa.gz",
                "GenomeBinning/CONCOCT/bins/MEGAHIT-CONCOCT-test_minigut_sample2_4.fa.gz",
                "GenomeBinning/CONCOCT/bins/MEGAHIT-CONCOCT-test_minigut_sample2_5.fa.gz",
                "GenomeBinning/CONCOCT/bins/SPAdes-CONCOCT-test_minigut_0.fa.gz",
                "GenomeBinning/CONCOCT/bins/SPAdes-CONCOCT-test_minigut_1.fa.gz",
                "GenomeBinning/CONCOCT/bins/SPAdes-CONCOCT-test_minigut_10.fa.gz",
                "GenomeBinning/CONCOCT/bins/SPAdes-CONCOCT-test_minigut_11.fa.gz",
                "GenomeBinning/CONCOCT/bins/SPAdes-CONCOCT-test_minigut_12.fa.gz",
                "GenomeBinning/CONCOCT/bins/SPAdes-CONCOCT-test_minigut_13.fa.gz",
                "GenomeBinning/CONCOCT/bins/SPAdes-CONCOCT-test_minigut_14.fa.gz",
                "GenomeBinning/CONCOCT/bins/SPAdes-CONCOCT-test_minigut_15.fa.gz",
                "GenomeBinning/CONCOCT/bins/SPAdes-CONCOCT-test_minigut_16.fa.gz",
                "GenomeBinning/CONCOCT/bins/SPAdes-CONCOCT-test_minigut_18.fa.gz",
                "GenomeBinning/CONCOCT/bins/SPAdes-CONCOCT-test_minigut_19.fa.gz",
                "GenomeBinning/CONCOCT/bins/SPAdes-CONCOCT-test_minigut_2.fa.gz",
                "GenomeBinning/CONCOCT/bins/SPAdes-CONCOCT-test_minigut_20.fa.gz",
                "GenomeBinning/CONCOCT/bins/SPAdes-CONCOCT-test_minigut_21.fa.gz",
                "GenomeBinning/CONCOCT/bins/SPAdes-CONCOCT-test_minigut_22.fa.gz",
                "GenomeBinning/CONCOCT/bins/SPAdes-CONCOCT-test_minigut_23.fa.gz",
                "GenomeBinning/CONCOCT/bins/SPAdes-CONCOCT-test_minigut_24.fa.gz",
                "GenomeBinning/CONCOCT/bins/SPAdes-CONCOCT-test_minigut_25.fa.gz",
                "GenomeBinning/CONCOCT/bins/SPAdes-CONCOCT-test_minigut_26.fa.gz",
                "GenomeBinning/CONCOCT/bins/SPAdes-CONCOCT-test_minigut_27.fa.gz",
                "GenomeBinning/CONCOCT/bins/SPAdes-CONCOCT-test_minigut_28.fa.gz",
                "GenomeBinning/CONCOCT/bins/SPAdes-CONCOCT-test_minigut_29.fa.gz",
                "GenomeBinning/CONCOCT/bins/SPAdes-CONCOCT-test_minigut_3.fa.gz",
                "GenomeBinning/CONCOCT/bins/SPAdes-CONCOCT-test_minigut_30.fa.gz",
                "GenomeBinning/CONCOCT/bins/SPAdes-CONCOCT-test_minigut_32.fa.gz",
                "GenomeBinning/CONCOCT/bins/SPAdes-CONCOCT-test_minigut_4.fa.gz",
                "GenomeBinning/CONCOCT/bins/SPAdes-CONCOCT-test_minigut_5.fa.gz",
                "GenomeBinning/CONCOCT/bins/SPAdes-CONCOCT-test_minigut_6.fa.gz",
                "GenomeBinning/CONCOCT/bins/SPAdes-CONCOCT-test_minigut_7.fa.gz",
                "GenomeBinning/CONCOCT/bins/SPAdes-CONCOCT-test_minigut_8.fa.gz",
                "GenomeBinning/CONCOCT/bins/SPAdes-CONCOCT-test_minigut_9.fa.gz",
                "GenomeBinning/CONCOCT/bins/SPAdes-CONCOCT-test_minigut_sample2_0.fa.gz",
                "GenomeBinning/CONCOCT/bins/SPAdes-CONCOCT-test_minigut_sample2_1.fa.gz",
                "GenomeBinning/CONCOCT/bins/SPAdes-CONCOCT-test_minigut_sample2_10.fa.gz",
                "GenomeBinning/CONCOCT/bins/SPAdes-CONCOCT-test_minigut_sample2_11.fa.gz",
                "GenomeBinning/CONCOCT/bins/SPAdes-CONCOCT-test_minigut_sample2_2.fa.gz",
                "GenomeBinning/CONCOCT/bins/SPAdes-CONCOCT-test_minigut_sample2_3.fa.gz",
                "GenomeBinning/CONCOCT/bins/SPAdes-CONCOCT-test_minigut_sample2_4.fa.gz",
                "GenomeBinning/CONCOCT/bins/SPAdes-CONCOCT-test_minigut_sample2_5.fa.gz",
                "GenomeBinning/CONCOCT/bins/SPAdes-CONCOCT-test_minigut_sample2_6.fa.gz",
                "GenomeBinning/CONCOCT/bins/SPAdes-CONCOCT-test_minigut_sample2_7.fa.gz",
                "GenomeBinning/CONCOCT/bins/SPAdes-CONCOCT-test_minigut_sample2_8.fa.gz",
                "GenomeBinning/CONCOCT/bins/SPAdes-CONCOCT-test_minigut_sample2_9.fa.gz",
                "GenomeBinning/CONCOCT/stats/MEGAHIT-CONCOCT-test_minigut.csv",
                "GenomeBinning/CONCOCT/stats/MEGAHIT-CONCOCT-test_minigut.tsv",
                "GenomeBinning/CONCOCT/stats/MEGAHIT-CONCOCT-test_minigut_PCA_components_data_gt1000.csv",
                "GenomeBinning/CONCOCT/stats/MEGAHIT-CONCOCT-test_minigut_PCA_transformed_data_gt1000.csv",
                "GenomeBinning/CONCOCT/stats/MEGAHIT-CONCOCT-test_minigut_args.txt",
                "GenomeBinning/CONCOCT/stats/MEGAHIT-CONCOCT-test_minigut_clustering_gt1000.csv",
                "GenomeBinning/CONCOCT/stats/MEGAHIT-CONCOCT-test_minigut_log.txt",
                "GenomeBinning/CONCOCT/stats/MEGAHIT-CONCOCT-test_minigut_original_data_gt1000.csv",
                "GenomeBinning/CONCOCT/stats/MEGAHIT-CONCOCT-test_minigut_sample2.csv",
                "GenomeBinning/CONCOCT/stats/MEGAHIT-CONCOCT-test_minigut_sample2.tsv",
                "GenomeBinning/CONCOCT/stats/MEGAHIT-CONCOCT-test_minigut_sample2_PCA_components_data_gt1000.csv",
                "GenomeBinning/CONCOCT/stats/MEGAHIT-CONCOCT-test_minigut_sample2_PCA_transformed_data_gt1000.csv",
                "GenomeBinning/CONCOCT/stats/MEGAHIT-CONCOCT-test_minigut_sample2_args.txt",
                "GenomeBinning/CONCOCT/stats/MEGAHIT-CONCOCT-test_minigut_sample2_clustering_gt1000.csv",
                "GenomeBinning/CONCOCT/stats/MEGAHIT-CONCOCT-test_minigut_sample2_log.txt",
                "GenomeBinning/CONCOCT/stats/MEGAHIT-CONCOCT-test_minigut_sample2_original_data_gt1000.csv",
                "GenomeBinning/CONCOCT/stats/SPAdes-CONCOCT-test_minigut.csv",
                "GenomeBinning/CONCOCT/stats/SPAdes-CONCOCT-test_minigut.tsv",
                "GenomeBinning/CONCOCT/stats/SPAdes-CONCOCT-test_minigut_PCA_components_data_gt1000.csv",
                "GenomeBinning/CONCOCT/stats/SPAdes-CONCOCT-test_minigut_PCA_transformed_data_gt1000.csv",
                "GenomeBinning/CONCOCT/stats/SPAdes-CONCOCT-test_minigut_args.txt",
                "GenomeBinning/CONCOCT/stats/SPAdes-CONCOCT-test_minigut_clustering_gt1000.csv",
                "GenomeBinning/CONCOCT/stats/SPAdes-CONCOCT-test_minigut_log.txt",
                "GenomeBinning/CONCOCT/stats/SPAdes-CONCOCT-test_minigut_original_data_gt1000.csv",
                "GenomeBinning/CONCOCT/stats/SPAdes-CONCOCT-test_minigut_sample2.csv",
                "GenomeBinning/CONCOCT/stats/SPAdes-CONCOCT-test_minigut_sample2.tsv",
                "GenomeBinning/CONCOCT/stats/SPAdes-CONCOCT-test_minigut_sample2_PCA_components_data_gt1000.csv",
                "GenomeBinning/CONCOCT/stats/SPAdes-CONCOCT-test_minigut_sample2_PCA_transformed_data_gt1000.csv",
                "GenomeBinning/CONCOCT/stats/SPAdes-CONCOCT-test_minigut_sample2_args.txt",
                "GenomeBinning/CONCOCT/stats/SPAdes-CONCOCT-test_minigut_sample2_clustering_gt1000.csv",
                "GenomeBinning/CONCOCT/stats/SPAdes-CONCOCT-test_minigut_sample2_log.txt",
                "GenomeBinning/CONCOCT/stats/SPAdes-CONCOCT-test_minigut_sample2_original_data_gt1000.csv",
                "GenomeBinning/DASTool/MEGAHIT-DASTool-test_minigut.seqlength",
                "GenomeBinning/DASTool/MEGAHIT-DASTool-test_minigut_DASTool.log",
                "GenomeBinning/DASTool/MEGAHIT-DASTool-test_minigut_DASTool_contig2bin.tsv",
                "GenomeBinning/DASTool/MEGAHIT-DASTool-test_minigut_DASTool_summary.tsv",
                "GenomeBinning/DASTool/MEGAHIT-DASTool-test_minigut_allBins.eval",
                "GenomeBinning/DASTool/SPAdes-DASTool-test_minigut.seqlength",
                "GenomeBinning/DASTool/SPAdes-DASTool-test_minigut_DASTool.log",
                "GenomeBinning/DASTool/SPAdes-DASTool-test_minigut_DASTool_contig2bin.tsv",
                "GenomeBinning/DASTool/SPAdes-DASTool-test_minigut_DASTool_summary.tsv",
                "GenomeBinning/DASTool/SPAdes-DASTool-test_minigut_allBins.eval",
                "GenomeBinning/DASTool/bins/MEGAHIT-MetaBAT2Refined-test_minigut.1.fa",
                "GenomeBinning/DASTool/bins/MEGAHIT-MetaBAT2Refined-test_minigut.2.fa",
                "GenomeBinning/DASTool/bins/SPAdes-CONCOCTRefined-test_minigut.7.fa",
                "GenomeBinning/DASTool/bins/SPAdes-MaxBin2Refined-test_minigut.001_sub.fa",
                "GenomeBinning/DASTool/unbinned/MEGAHIT-DASToolUnbinned-test_minigut.fa",
                "GenomeBinning/DASTool/unbinned/SPAdes-DASToolUnbinned-test_minigut.fa",
                "GenomeBinning/MaxBin2/MEGAHIT-MaxBin2-test_minigut.abundance",
                "GenomeBinning/MaxBin2/MEGAHIT-MaxBin2-test_minigut.summary",
                "GenomeBinning/MaxBin2/SPAdes-MaxBin2-test_minigut.abundance",
                "GenomeBinning/MaxBin2/SPAdes-MaxBin2-test_minigut.summary",
                "GenomeBinning/MaxBin2/bins/MEGAHIT-MaxBin2-test_minigut.001.fa.gz",
                "GenomeBinning/MaxBin2/bins/MEGAHIT-MaxBin2-test_minigut.002.fa.gz",
                "GenomeBinning/MaxBin2/bins/SPAdes-MaxBin2-test_minigut.001.fa.gz",
                "GenomeBinning/MaxBin2/bins/SPAdes-MaxBin2-test_minigut.002.fa.gz",
                "GenomeBinning/MaxBin2/discarded/MEGAHIT-MaxBin2-test_minigut.tooshort.gz",
                "GenomeBinning/MaxBin2/discarded/SPAdes-MaxBin2-test_minigut.tooshort.gz",
                "GenomeBinning/MaxBin2/unbinned/discarded/MEGAHIT-MaxBin2-test_minigut.noclass.pooled.fa.gz",
                "GenomeBinning/MaxBin2/unbinned/discarded/MEGAHIT-MaxBin2-test_minigut.noclass.remaining.fa.gz",
                "GenomeBinning/MaxBin2/unbinned/discarded/SPAdes-MaxBin2-test_minigut.noclass.pooled.fa.gz",
                "GenomeBinning/MaxBin2/unbinned/discarded/SPAdes-MaxBin2-test_minigut.noclass.remaining.fa.gz",
                "GenomeBinning/MetaBAT2/bins/MEGAHIT-MetaBAT2-test_minigut.1.fa.gz",
                "GenomeBinning/MetaBAT2/bins/MEGAHIT-MetaBAT2-test_minigut.2.fa.gz",
                "GenomeBinning/MetaBAT2/bins/SPAdes-MetaBAT2-test_minigut.1.fa.gz",
                "GenomeBinning/MetaBAT2/bins/SPAdes-MetaBAT2-test_minigut.2.fa.gz",
                "GenomeBinning/MetaBAT2/discarded/MEGAHIT-MetaBAT2-test_minigut.lowDepth.fa.gz",
                "GenomeBinning/MetaBAT2/discarded/MEGAHIT-MetaBAT2-test_minigut.tooShort.fa.gz",
                "GenomeBinning/MetaBAT2/discarded/MEGAHIT-MetaBAT2-test_minigut_sample2.lowDepth.fa.gz",
                "GenomeBinning/MetaBAT2/discarded/MEGAHIT-MetaBAT2-test_minigut_sample2.tooShort.fa.gz",
                "GenomeBinning/MetaBAT2/discarded/SPAdes-MetaBAT2-test_minigut.lowDepth.fa.gz",
                "GenomeBinning/MetaBAT2/discarded/SPAdes-MetaBAT2-test_minigut.tooShort.fa.gz",
                "GenomeBinning/MetaBAT2/discarded/SPAdes-MetaBAT2-test_minigut_sample2.lowDepth.fa.gz",
                "GenomeBinning/MetaBAT2/discarded/SPAdes-MetaBAT2-test_minigut_sample2.tooShort.fa.gz",
                "GenomeBinning/MetaBAT2/unbinned/discarded/MEGAHIT-MetaBAT2-test_minigut.unbinned.pooled.fa.gz",
                "GenomeBinning/MetaBAT2/unbinned/discarded/MEGAHIT-MetaBAT2-test_minigut.unbinned.remaining.fa.gz",
                "GenomeBinning/MetaBAT2/unbinned/discarded/MEGAHIT-MetaBAT2-test_minigut_sample2.unbinned.pooled.fa.gz",
                "GenomeBinning/MetaBAT2/unbinned/discarded/MEGAHIT-MetaBAT2-test_minigut_sample2.unbinned.remaining.fa.gz",
                "GenomeBinning/MetaBAT2/unbinned/discarded/SPAdes-MetaBAT2-test_minigut.unbinned.pooled.fa.gz",
                "GenomeBinning/MetaBAT2/unbinned/discarded/SPAdes-MetaBAT2-test_minigut.unbinned.remaining.fa.gz",
                "GenomeBinning/MetaBAT2/unbinned/discarded/SPAdes-MetaBAT2-test_minigut_sample2.unbinned.pooled.fa.gz",
                "GenomeBinning/MetaBAT2/unbinned/discarded/SPAdes-MetaBAT2-test_minigut_sample2.unbinned.remaining.fa.gz",
                "GenomeBinning/QC/BUSCO/MEGAHIT-DASTool-test_minigut/short_summary.specific.bacteria_odb10.MEGAHIT-MetaBAT2Refined-test_minigut.1.fa.json",
                "GenomeBinning/QC/BUSCO/MEGAHIT-DASTool-test_minigut/short_summary.specific.bacteria_odb10.MEGAHIT-MetaBAT2Refined-test_minigut.1.fa.txt",
                "GenomeBinning/QC/BUSCO/MEGAHIT-DASTool-test_minigut/short_summary.specific.bacteria_odb10.MEGAHIT-MetaBAT2Refined-test_minigut.2.fa.json",
                "GenomeBinning/QC/BUSCO/MEGAHIT-DASTool-test_minigut/short_summary.specific.bacteria_odb10.MEGAHIT-MetaBAT2Refined-test_minigut.2.fa.txt",
                "GenomeBinning/QC/BUSCO/MEGAHIT-DASTool-test_minigut/test_minigut-bacteria_odb10-busco.batch_summary.txt",
                "GenomeBinning/QC/BUSCO/MEGAHIT-DASTool-test_minigut/test_minigut-bacteria_odb10-busco.log",
                "GenomeBinning/QC/BUSCO/MEGAHIT-DASTool-test_minigut/test_minigut-bacteria_odb10-busco/MEGAHIT-MetaBAT2Refined-test_minigut.1.fa/run_bacteria_odb10/full_table.tsv",
                "GenomeBinning/QC/BUSCO/MEGAHIT-DASTool-test_minigut/test_minigut-bacteria_odb10-busco/MEGAHIT-MetaBAT2Refined-test_minigut.1.fa/run_bacteria_odb10/missing_busco_list.tsv",
                "GenomeBinning/QC/BUSCO/MEGAHIT-DASTool-test_minigut/test_minigut-bacteria_odb10-busco/MEGAHIT-MetaBAT2Refined-test_minigut.1.fa/run_bacteria_odb10/short_summary.json",
                "GenomeBinning/QC/BUSCO/MEGAHIT-DASTool-test_minigut/test_minigut-bacteria_odb10-busco/MEGAHIT-MetaBAT2Refined-test_minigut.1.fa/run_bacteria_odb10/short_summary.txt",
                "GenomeBinning/QC/BUSCO/MEGAHIT-DASTool-test_minigut/test_minigut-bacteria_odb10-busco/MEGAHIT-MetaBAT2Refined-test_minigut.2.fa/run_bacteria_odb10/full_table.tsv",
                "GenomeBinning/QC/BUSCO/MEGAHIT-DASTool-test_minigut/test_minigut-bacteria_odb10-busco/MEGAHIT-MetaBAT2Refined-test_minigut.2.fa/run_bacteria_odb10/missing_busco_list.tsv",
                "GenomeBinning/QC/BUSCO/MEGAHIT-DASTool-test_minigut/test_minigut-bacteria_odb10-busco/MEGAHIT-MetaBAT2Refined-test_minigut.2.fa/run_bacteria_odb10/short_summary.json",
                "GenomeBinning/QC/BUSCO/MEGAHIT-DASTool-test_minigut/test_minigut-bacteria_odb10-busco/MEGAHIT-MetaBAT2Refined-test_minigut.2.fa/run_bacteria_odb10/short_summary.txt",
                "GenomeBinning/QC/BUSCO/SPAdes-DASTool-test_minigut/short_summary.specific.bacteria_odb10.SPAdes-CONCOCTRefined-test_minigut.7.fa.json",
                "GenomeBinning/QC/BUSCO/SPAdes-DASTool-test_minigut/short_summary.specific.bacteria_odb10.SPAdes-CONCOCTRefined-test_minigut.7.fa.txt",
                "GenomeBinning/QC/BUSCO/SPAdes-DASTool-test_minigut/short_summary.specific.bacteria_odb10.SPAdes-MaxBin2Refined-test_minigut.001_sub.fa.json",
                "GenomeBinning/QC/BUSCO/SPAdes-DASTool-test_minigut/short_summary.specific.bacteria_odb10.SPAdes-MaxBin2Refined-test_minigut.001_sub.fa.txt",
                "GenomeBinning/QC/BUSCO/SPAdes-DASTool-test_minigut/test_minigut-bacteria_odb10-busco.batch_summary.txt",
                "GenomeBinning/QC/BUSCO/SPAdes-DASTool-test_minigut/test_minigut-bacteria_odb10-busco.log",
                "GenomeBinning/QC/BUSCO/SPAdes-DASTool-test_minigut/test_minigut-bacteria_odb10-busco/SPAdes-CONCOCTRefined-test_minigut.7.fa/run_bacteria_odb10/full_table.tsv",
                "GenomeBinning/QC/BUSCO/SPAdes-DASTool-test_minigut/test_minigut-bacteria_odb10-busco/SPAdes-CONCOCTRefined-test_minigut.7.fa/run_bacteria_odb10/missing_busco_list.tsv",
                "GenomeBinning/QC/BUSCO/SPAdes-DASTool-test_minigut/test_minigut-bacteria_odb10-busco/SPAdes-CONCOCTRefined-test_minigut.7.fa/run_bacteria_odb10/short_summary.json",
                "GenomeBinning/QC/BUSCO/SPAdes-DASTool-test_minigut/test_minigut-bacteria_odb10-busco/SPAdes-CONCOCTRefined-test_minigut.7.fa/run_bacteria_odb10/short_summary.txt",
                "GenomeBinning/QC/BUSCO/SPAdes-DASTool-test_minigut/test_minigut-bacteria_odb10-busco/SPAdes-MaxBin2Refined-test_minigut.001_sub.fa/run_bacteria_odb10/full_table.tsv",
                "GenomeBinning/QC/BUSCO/SPAdes-DASTool-test_minigut/test_minigut-bacteria_odb10-busco/SPAdes-MaxBin2Refined-test_minigut.001_sub.fa/run_bacteria_odb10/missing_busco_list.tsv",
                "GenomeBinning/QC/BUSCO/SPAdes-DASTool-test_minigut/test_minigut-bacteria_odb10-busco/SPAdes-MaxBin2Refined-test_minigut.001_sub.fa/run_bacteria_odb10/short_summary.json",
                "GenomeBinning/QC/BUSCO/SPAdes-DASTool-test_minigut/test_minigut-bacteria_odb10-busco/SPAdes-MaxBin2Refined-test_minigut.001_sub.fa/run_bacteria_odb10/short_summary.txt",
                "GenomeBinning/QC/busco_summary.tsv",
                "GenomeBinning/SemiBin2/bins/MEGAHIT-SemiBin2-test_minigut_0.fa.gz",
                "GenomeBinning/SemiBin2/bins/MEGAHIT-SemiBin2-test_minigut_1.fa.gz",
                "GenomeBinning/SemiBin2/bins/SPAdes-SemiBin2-test_minigut_0.fa.gz",
                "GenomeBinning/SemiBin2/bins/SPAdes-SemiBin2-test_minigut_1.fa.gz",
                "GenomeBinning/SemiBin2/log/MEGAHIT-SemiBin2-test_minigut.SemiBinRun.log",
                "GenomeBinning/SemiBin2/log/MEGAHIT-SemiBin2-test_minigut_sample2.SemiBinRun.log",
                "GenomeBinning/SemiBin2/log/SPAdes-SemiBin2-test_minigut.SemiBinRun.log",
                "GenomeBinning/SemiBin2/log/SPAdes-SemiBin2-test_minigut_sample2.SemiBinRun.log",
                "GenomeBinning/bin_summary.tsv",
                "GenomeBinning/depths/bins/MEGAHIT-DASTool-test_minigut-binDepths.heatmap.png",
                "GenomeBinning/depths/bins/SPAdes-DASTool-test_minigut-binDepths.heatmap.png",
                "GenomeBinning/depths/bins/bin_depths_summary.tsv",
                "GenomeBinning/depths/contigs/MEGAHIT-test_minigut-depth.txt.gz",
                "GenomeBinning/depths/contigs/MEGAHIT-test_minigut_sample2-depth.txt.gz",
                "GenomeBinning/depths/contigs/SPAdes-test_minigut-depth.txt.gz",
                "GenomeBinning/depths/contigs/SPAdes-test_minigut_sample2-depth.txt.gz"
            ],
            [
                "MEGAHIT-CONCOCT-test_minigut_0.fa.gz:md5,245ea168aa421e1e3e720cf223a80780",
                "MEGAHIT-CONCOCT-test_minigut_1.fa.gz:md5,0593d0a3d2d865b0b9fc8d59304856f1",
                "MEGAHIT-CONCOCT-test_minigut_10.fa.gz:md5,f6a252ee5f95f7348ab6490a0b18cd3e",
                "MEGAHIT-CONCOCT-test_minigut_11.fa.gz:md5,68ffd2e7570c04ed9e1694b6e55c459e",
                "MEGAHIT-CONCOCT-test_minigut_12.fa.gz:md5,9495623384c1e92830ab89f5eedb1979",
                "MEGAHIT-CONCOCT-test_minigut_13.fa.gz:md5,bb0aa3e68ff8ebdb35177d611d799994",
                "MEGAHIT-CONCOCT-test_minigut_14.fa.gz:md5,9f82e309368507bffde5bd69b8df8d55",
                "MEGAHIT-CONCOCT-test_minigut_15.fa.gz:md5,0ca16978fbfc82a58f08d4dc028acffc",
                "MEGAHIT-CONCOCT-test_minigut_16.fa.gz:md5,7fbce6f10b9ea39de87360e17b842fd8",
                "MEGAHIT-CONCOCT-test_minigut_17.fa.gz:md5,a8dce52362f7090beabab2b0585f6f13",
                "MEGAHIT-CONCOCT-test_minigut_18.fa.gz:md5,17e0497babb72b7c2fd29dbd1cf408b0",
                "MEGAHIT-CONCOCT-test_minigut_19.fa.gz:md5,83b98e9a477607bcf7c688852fbfa3dd",
                "MEGAHIT-CONCOCT-test_minigut_2.fa.gz:md5,3298e937cdec73fb2b80e4826897386c",
                "MEGAHIT-CONCOCT-test_minigut_20.fa.gz:md5,dc2b5d0c92264f32b950288c966631db",
                "MEGAHIT-CONCOCT-test_minigut_21.fa.gz:md5,6655f58c6acbec32c0d8166b8ae450a0",
                "MEGAHIT-CONCOCT-test_minigut_22.fa.gz:md5,5ce43a45b643cb445ddd4fc5bd6889b0",
                "MEGAHIT-CONCOCT-test_minigut_23.fa.gz:md5,36ee5c9a732b19ce6cfd865ab764ac52",
                "MEGAHIT-CONCOCT-test_minigut_24.fa.gz:md5,a75b524379de38f6676ce62df8f1d2ce",
                "MEGAHIT-CONCOCT-test_minigut_25.fa.gz:md5,af96e6a99cb6f233bf21430665d6e090",
                "MEGAHIT-CONCOCT-test_minigut_26.fa.gz:md5,e9d491b243366815a11eec81ce092f16",
                "MEGAHIT-CONCOCT-test_minigut_27.fa.gz:md5,b8e587472b9a62c5df604d05047f6574",
                "MEGAHIT-CONCOCT-test_minigut_28.fa.gz:md5,37232a9e385b4831ad04befc774277f1",
                "MEGAHIT-CONCOCT-test_minigut_29.fa.gz:md5,a85aa535d2016fc6f9c2287387f1b929",
                "MEGAHIT-CONCOCT-test_minigut_3.fa.gz:md5,0d5223f7b99c2e88b8527fbab8c2da4b",
                "MEGAHIT-CONCOCT-test_minigut_30.fa.gz:md5,70c515d7c194e3d91005e1fdbdfe8e79",
                "MEGAHIT-CONCOCT-test_minigut_31.fa.gz:md5,764d6b4538534eaf2b193e0c907047a6",
                "MEGAHIT-CONCOCT-test_minigut_32.fa.gz:md5,fab3b8eb1e3ce43233cff2f615013dd9",
                "MEGAHIT-CONCOCT-test_minigut_33.fa.gz:md5,5b6da5302317448023e2c1441008eabf",
                "MEGAHIT-CONCOCT-test_minigut_34.fa.gz:md5,293559bdc66d45e221cd9158db1ffaf7",
                "MEGAHIT-CONCOCT-test_minigut_35.fa.gz:md5,6525a4445cbd73e89ef5d00043ceff70",
                "MEGAHIT-CONCOCT-test_minigut_36.fa.gz:md5,85c6bc19dff2b9066405838edcb94caf",
                "MEGAHIT-CONCOCT-test_minigut_37.fa.gz:md5,ed1f768de5e704e054d8e2c9575f9865",
                "MEGAHIT-CONCOCT-test_minigut_38.fa.gz:md5,999d99d15c183680ecd69d63dfdbc717",
                "MEGAHIT-CONCOCT-test_minigut_39.fa.gz:md5,d62b2e75dc8b1c4f010b73933d6c15cd",
                "MEGAHIT-CONCOCT-test_minigut_4.fa.gz:md5,138f9762d3f8a8ca6f6ef0f1695a30fb",
                "MEGAHIT-CONCOCT-test_minigut_5.fa.gz:md5,7ff40f320b284e8b09df4c1f90436e6f",
                "MEGAHIT-CONCOCT-test_minigut_6.fa.gz:md5,691e3ca1bb16d0568eedebd7f8079805",
                "MEGAHIT-CONCOCT-test_minigut_7.fa.gz:md5,1487610744c6a2d4da9675800f0acf48",
                "MEGAHIT-CONCOCT-test_minigut_8.fa.gz:md5,c1a7ed283db7fe38e2b4f5fe5ce63dce",
                "MEGAHIT-CONCOCT-test_minigut_9.fa.gz:md5,926864de4d10a03a38041c50aaac880f",
                "MEGAHIT-CONCOCT-test_minigut_sample2_0.fa.gz:md5,058a4294413bc58f9edaa5bcf294fece",
                "MEGAHIT-CONCOCT-test_minigut_sample2_1.fa.gz:md5,9ad71999675d7022bf045d530fb11b4c",
                "MEGAHIT-CONCOCT-test_minigut_sample2_2.fa.gz:md5,5e961ca70243e019b04275f0285dc021",
                "MEGAHIT-CONCOCT-test_minigut_sample2_3.fa.gz:md5,b8138d52a921647851b15fbf1193da55",
                "MEGAHIT-CONCOCT-test_minigut_sample2_4.fa.gz:md5,41c5f79d0306e54c04486c602d211940",
                "MEGAHIT-CONCOCT-test_minigut_sample2_5.fa.gz:md5,06669da41ad21b632b5c52538151ef63",
                "SPAdes-CONCOCT-test_minigut_0.fa.gz:md5,5592f48411b54c121ec73e21f24676b9",
                "SPAdes-CONCOCT-test_minigut_1.fa.gz:md5,dec7b7a10d803a76fe88bd05716db43f",
                "SPAdes-CONCOCT-test_minigut_10.fa.gz:md5,5f67a3c1f3f5eabf4e6598959c9fa01d",
                "SPAdes-CONCOCT-test_minigut_11.fa.gz:md5,fe82661bc34c23248dad38691eb1c9e4",
                "SPAdes-CONCOCT-test_minigut_12.fa.gz:md5,e7acdad0c8b09aefb0e8a907dbe12029",
                "SPAdes-CONCOCT-test_minigut_13.fa.gz:md5,4f1724ac2497e0ecf0e9855c73c48740",
                "SPAdes-CONCOCT-test_minigut_14.fa.gz:md5,3894b42a30d739e8cef36814163858c2",
                "SPAdes-CONCOCT-test_minigut_15.fa.gz:md5,b60ea3929129639676d007e147c3972a",
                "SPAdes-CONCOCT-test_minigut_16.fa.gz:md5,2973c394a8da3179321daae77d9f98d8",
                "SPAdes-CONCOCT-test_minigut_18.fa.gz:md5,aaf37cc788f36ddf05f331896b39e723",
                "SPAdes-CONCOCT-test_minigut_19.fa.gz:md5,75bc78b30df8cdc9602b5f7c4a049307",
                "SPAdes-CONCOCT-test_minigut_2.fa.gz:md5,c22b3a3467d6a37b9c6936994fa2af3f",
                "SPAdes-CONCOCT-test_minigut_20.fa.gz:md5,51c30d66a74eb66e9344be8c8c9f4402",
                "SPAdes-CONCOCT-test_minigut_21.fa.gz:md5,2321a05fc90086b71e0a8c984f652eec",
                "SPAdes-CONCOCT-test_minigut_22.fa.gz:md5,c0bc434a155d8a340562fbfb37a203f9",
                "SPAdes-CONCOCT-test_minigut_23.fa.gz:md5,ca2b11b40eb35360ea0d3c7d1c470ecc",
                "SPAdes-CONCOCT-test_minigut_24.fa.gz:md5,1241f1adb911b632326f2dace8ad193d",
                "SPAdes-CONCOCT-test_minigut_25.fa.gz:md5,a0c9081af49482db3806c3cc5c4e6f4c",
                "SPAdes-CONCOCT-test_minigut_26.fa.gz:md5,0d8e226060f422f428eabed45693065d",
                "SPAdes-CONCOCT-test_minigut_27.fa.gz:md5,0a08423445f121579d0205214ada9404",
                "SPAdes-CONCOCT-test_minigut_28.fa.gz:md5,b90eaa4fcc2fd0340dc9e7442a5ae843",
                "SPAdes-CONCOCT-test_minigut_29.fa.gz:md5,d9a736307bfb86641d5f245370a04a0f",
                "SPAdes-CONCOCT-test_minigut_3.fa.gz:md5,4312567f4b976054df0b4607e46860f3",
                "SPAdes-CONCOCT-test_minigut_30.fa.gz:md5,aabbea39778ed0376f825f0ced15ff7c",
                "SPAdes-CONCOCT-test_minigut_32.fa.gz:md5,c81add7fd22e8374511173e34c9b0757",
                "SPAdes-CONCOCT-test_minigut_4.fa.gz:md5,90328732de843597558479f69173cc78",
                "SPAdes-CONCOCT-test_minigut_5.fa.gz:md5,932a7420e19ed19e4bbb595751fb94a0",
                "SPAdes-CONCOCT-test_minigut_6.fa.gz:md5,f42f33d67588416bc5b8afa0b12c07d9",
                "SPAdes-CONCOCT-test_minigut_7.fa.gz:md5,aae2a4519a6ba263f90ed89ea7b54213",
                "SPAdes-CONCOCT-test_minigut_8.fa.gz:md5,9052dcad2226d1164caca962e9ec71a5",
                "SPAdes-CONCOCT-test_minigut_9.fa.gz:md5,c728c1c6789e9f4d865aa335e4e1f448",
                "SPAdes-CONCOCT-test_minigut_sample2_0.fa.gz:md5,b79b79488ec80026c6f7e4763e90c169",
                "SPAdes-CONCOCT-test_minigut_sample2_1.fa.gz:md5,dc2d382c3762416d930880aae8c270e4",
                "SPAdes-CONCOCT-test_minigut_sample2_10.fa.gz:md5,5f91e2ae2030fbcda09c3938cb88ffab",
                "SPAdes-CONCOCT-test_minigut_sample2_11.fa.gz:md5,33c007b3e8898f42b16e7493388cbb56",
                "SPAdes-CONCOCT-test_minigut_sample2_2.fa.gz:md5,d338e139516f63c10eb5fe24f3827223",
                "SPAdes-CONCOCT-test_minigut_sample2_3.fa.gz:md5,9171d03bdaf0bc2064abb0d126e8ce66",
                "SPAdes-CONCOCT-test_minigut_sample2_4.fa.gz:md5,6a4819c04001ffa59bcfc90fd75a0fdd",
                "SPAdes-CONCOCT-test_minigut_sample2_5.fa.gz:md5,51f188a2f7a9f9b5cf0509e72a41cc19",
                "SPAdes-CONCOCT-test_minigut_sample2_6.fa.gz:md5,20283cc2b90e709cc60d983518f91c1f",
                "SPAdes-CONCOCT-test_minigut_sample2_7.fa.gz:md5,afd865a4be118e39f5eda3ab49bba6dd",
                "SPAdes-CONCOCT-test_minigut_sample2_8.fa.gz:md5,d8c32b41c12d3bb2aa1e04e2771db275",
                "SPAdes-CONCOCT-test_minigut_sample2_9.fa.gz:md5,2e2f306d618fa183073b0d53ee7cb950",
                "MEGAHIT-CONCOCT-test_minigut.csv:md5,799a519443cbf87101cbdc29556b60a4",
                "MEGAHIT-CONCOCT-test_minigut_args.txt:md5,f447f7834b8e5bab73502e6ecf482a66",
                "MEGAHIT-CONCOCT-test_minigut_clustering_gt1000.csv:md5,1218a51aa4454ba7718f10b896cc8651",
                "MEGAHIT-CONCOCT-test_minigut_sample2.csv:md5,24040242b11981713fb3e5723ad2a617",
                "MEGAHIT-CONCOCT-test_minigut_sample2_args.txt:md5,663042906344d19ad919e8081ada9cfb",
                "MEGAHIT-CONCOCT-test_minigut_sample2_clustering_gt1000.csv:md5,a267534612791f1edb02fc269aa3be93",
                "SPAdes-CONCOCT-test_minigut.csv:md5,84cbd58fbbf0e98e0ca5a76ea7bc94fe",
                "SPAdes-CONCOCT-test_minigut_args.txt:md5,f5cd5b2bc15857b4a5309985c3eeeffb",
                "SPAdes-CONCOCT-test_minigut_clustering_gt1000.csv:md5,79717b4541addf3e3872d4d0814b7b82",
                "SPAdes-CONCOCT-test_minigut_sample2.csv:md5,86daeda21e1acfd0122aa4f0623325f8",
                "SPAdes-CONCOCT-test_minigut_sample2_args.txt:md5,6e7129afbba33b973ac9ecc920659ea9",
                "SPAdes-CONCOCT-test_minigut_sample2_clustering_gt1000.csv:md5,4bbba6a0ba80b107ef2b13b7089e2156",
                "MEGAHIT-DASTool-test_minigut.seqlength:md5,f154f9ef4a4c0adb8d8f9ebb8163df93",
                "MEGAHIT-DASTool-test_minigut_DASTool_contig2bin.tsv:md5,6add6f39f4fd9c31ff9f58df5f28fcdf",
                "MEGAHIT-DASTool-test_minigut_DASTool_summary.tsv:md5,a900f80e0820a1e9416c2e391b37d06c",
                "MEGAHIT-DASTool-test_minigut_allBins.eval:md5,b31d82ad1f410e66fd41661ffb4d0604",
                "SPAdes-DASTool-test_minigut.seqlength:md5,4860a5cb7b0bf2e78e959111b5619006",
                "SPAdes-DASTool-test_minigut_DASTool_contig2bin.tsv:md5,07c1af95dd0da4c11de390c2f188fe6c",
                "SPAdes-DASTool-test_minigut_DASTool_summary.tsv:md5,b04bb7c85b2e393bfdaec7d754210a5a",
                "SPAdes-DASTool-test_minigut_allBins.eval:md5,5bb0af6ad3d3ba960cb8d1242bd3f485",
                "MEGAHIT-MetaBAT2Refined-test_minigut.1.fa:md5,489a5f7ba3795477e09d2d396fe535c3",
                "MEGAHIT-MetaBAT2Refined-test_minigut.2.fa:md5,1addf634bca82af85d36621585f93f52",
                "SPAdes-CONCOCTRefined-test_minigut.7.fa:md5,4be1cc2c06f329e0102cb27b03e30624",
                "SPAdes-MaxBin2Refined-test_minigut.001_sub.fa:md5,d1edb5fdd4a5edffd8366a9efd3471c1",
                "MEGAHIT-DASToolUnbinned-test_minigut.fa:md5,5b68d8b2df39cb4ab46299d9a09f1243",
                "SPAdes-DASToolUnbinned-test_minigut.fa:md5,4161096564c7f9328ad5f8aa425b2864",
                "MEGAHIT-MaxBin2-test_minigut.abundance:md5,435c92e8806d92755833204b4c105dd2",
                "MEGAHIT-MaxBin2-test_minigut.summary:md5,5388c6b4b6f6f068d2345ea79cc4b06b",
                "SPAdes-MaxBin2-test_minigut.abundance:md5,041d2a70c3dc9b51ba53c8c5732750d3",
                "SPAdes-MaxBin2-test_minigut.summary:md5,972cd008b3841d7e6f266d46a5531392",
                "MEGAHIT-MaxBin2-test_minigut.001.fa.gz:md5,2cff808af62fba48b3c742465b35dbd0",
                "MEGAHIT-MaxBin2-test_minigut.002.fa.gz:md5,951aa9061ce661773454160752d90838",
                "SPAdes-MaxBin2-test_minigut.001.fa.gz:md5,843ea84e39049274d801bb1a45243dd6",
                "SPAdes-MaxBin2-test_minigut.002.fa.gz:md5,ed82bcb652c6ec406fb33437f163cbb9",
                "MEGAHIT-MaxBin2-test_minigut.tooshort.gz:md5,13f117fb0402c6f3d41d2d4d7dfa375d",
                "SPAdes-MaxBin2-test_minigut.tooshort.gz:md5,124650d9e643411384fb724b106afe39",
                "MEGAHIT-MaxBin2-test_minigut.noclass.pooled.fa.gz:md5,d41d8cd98f00b204e9800998ecf8427e",
                "MEGAHIT-MaxBin2-test_minigut.noclass.remaining.fa.gz:md5,d41d8cd98f00b204e9800998ecf8427e",
                "SPAdes-MaxBin2-test_minigut.noclass.pooled.fa.gz:md5,d41d8cd98f00b204e9800998ecf8427e",
                "SPAdes-MaxBin2-test_minigut.noclass.remaining.fa.gz:md5,d41d8cd98f00b204e9800998ecf8427e",
                "MEGAHIT-MetaBAT2-test_minigut.1.fa.gz:md5,4771097fa5328a323e8922b0ed3964e4",
                "MEGAHIT-MetaBAT2-test_minigut.2.fa.gz:md5,cd22587eee69d0964e6efe4dc0475e77",
                "SPAdes-MetaBAT2-test_minigut.1.fa.gz:md5,1d4fc3446b6788f6ec416133ee38ea1a",
                "SPAdes-MetaBAT2-test_minigut.2.fa.gz:md5,a3b7b2eb7ea0cb752d1876adc90152b3",
                "MEGAHIT-MetaBAT2-test_minigut.lowDepth.fa.gz:md5,d41d8cd98f00b204e9800998ecf8427e",
                "MEGAHIT-MetaBAT2-test_minigut.tooShort.fa.gz:md5,c47a1bc114bd4d9ff9794ca2475690c0",
                "MEGAHIT-MetaBAT2-test_minigut_sample2.lowDepth.fa.gz:md5,d41d8cd98f00b204e9800998ecf8427e",
                "MEGAHIT-MetaBAT2-test_minigut_sample2.tooShort.fa.gz:md5,4f5d664ebd4f4bed534d03a302941745",
                "SPAdes-MetaBAT2-test_minigut.lowDepth.fa.gz:md5,d41d8cd98f00b204e9800998ecf8427e",
                "SPAdes-MetaBAT2-test_minigut.tooShort.fa.gz:md5,346dfe36b73b1527b2c7d54652f56354",
                "SPAdes-MetaBAT2-test_minigut_sample2.lowDepth.fa.gz:md5,d41d8cd98f00b204e9800998ecf8427e",
                "SPAdes-MetaBAT2-test_minigut_sample2.tooShort.fa.gz:md5,9bddbc167f9f357f9ce51dfd4b3f90ea",
                "MEGAHIT-MetaBAT2-test_minigut.unbinned.remaining.fa.gz:md5,d22ec86d2e92f05c494fef2702f843c2",
                "MEGAHIT-MetaBAT2-test_minigut_sample2.unbinned.remaining.fa.gz:md5,26500281c2553df9ba913417f325bea1",
                "SPAdes-MetaBAT2-test_minigut.unbinned.remaining.fa.gz:md5,b7d946b4e8fb2263d1e26ce46bd5ee63",
                "SPAdes-MetaBAT2-test_minigut_sample2.unbinned.remaining.fa.gz:md5,df1dd296842bcf4e9420485a5dad8191",
                "full_table.tsv:md5,599081c38cfceb1124999cc391a13140",
                "missing_busco_list.tsv:md5,da2d1bf8d167eecc9ddc6adac9cd5d3d",
                "full_table.tsv:md5,9c87b7683b335d8fc94617c7f5d195c2",
                "missing_busco_list.tsv:md5,a51ce34d52c4635fefe5cf044feec954",
                "full_table.tsv:md5,eff59a289564e1553d13099f8d16309e",
                "missing_busco_list.tsv:md5,c6807925eff74c7de1c1a38d88069b08",
                "full_table.tsv:md5,877e4dad881ca7079c8b6118b59a34d4",
                "missing_busco_list.tsv:md5,c7ee1e582e010aab60a566da7fe304de",
                "MEGAHIT-SemiBin2-test_minigut_0.fa.gz:md5,3688b9460d9a4a1e4ea912721f226b5d",
                "MEGAHIT-SemiBin2-test_minigut_1.fa.gz:md5,12381d7733271d3e28c39f7ad1ca4e74",
                "SPAdes-SemiBin2-test_minigut_0.fa.gz:md5,daf60d669f93aecce24c715d863388a9",
                "SPAdes-SemiBin2-test_minigut_1.fa.gz:md5,19ce02b104d195bf57130398e7b2dd2e",
                "bin_summary.tsv:md5,60111a58bb0167ec1367f1e7463b7026",
                "bin_depths_summary.tsv:md5,7153f759db72abb02e2ee3c2ab1b5e56"
            ]
        ],
        "meta": {
            "nf-test": "0.9.3",
            "nextflow": "25.10.0"
        },
        "timestamp": "2025-11-11T07:13:39.966382867"
    },
    "csv-rows": {
        "content": [
            4,
            4
        ],
        "meta": {
            "nf-test": "0.9.3",
            "nextflow": "25.10.0"
        },
        "timestamp": "2025-11-12T05:04:37.179720571"
    },
    "multiqc": {
        "content": [
            [
                "multiqc/multiqc_data/bowtie2_pe_plot.yaml",
                "multiqc/multiqc_data/busco_plot_bacteria_odb10.yaml",
                "multiqc/multiqc_data/llms-full.txt",
                "multiqc/multiqc_data/multiqc.log",
                "multiqc/multiqc_data/multiqc.parquet",
                "multiqc/multiqc_data/multiqc_bowtie2_bowtie2-2.yaml",
                "multiqc/multiqc_data/multiqc_busco.yaml",
                "multiqc/multiqc_data/multiqc_citations.yaml",
                "multiqc/multiqc_data/multiqc_data.json",
                "multiqc/multiqc_data/multiqc_general_stats.yaml",
                "multiqc/multiqc_data/multiqc_software_versions.yaml",
                "multiqc/multiqc_data/multiqc_sources.yaml",
                "multiqc/multiqc_plots/pdf/bowtie2_pe_plot-cnt.pdf",
                "multiqc/multiqc_plots/pdf/bowtie2_pe_plot-pct.pdf",
                "multiqc/multiqc_plots/pdf/busco_plot_bacteria_odb10-cnt.pdf",
                "multiqc/multiqc_plots/pdf/busco_plot_bacteria_odb10-pct.pdf",
                "multiqc/multiqc_plots/png/bowtie2_pe_plot-cnt.png",
                "multiqc/multiqc_plots/png/bowtie2_pe_plot-pct.png",
                "multiqc/multiqc_plots/png/busco_plot_bacteria_odb10-cnt.png",
                "multiqc/multiqc_plots/png/busco_plot_bacteria_odb10-pct.png",
                "multiqc/multiqc_plots/svg/bowtie2_pe_plot-cnt.svg",
                "multiqc/multiqc_plots/svg/bowtie2_pe_plot-pct.svg",
                "multiqc/multiqc_plots/svg/busco_plot_bacteria_odb10-cnt.svg",
                "multiqc/multiqc_plots/svg/busco_plot_bacteria_odb10-pct.svg",
                "multiqc/multiqc_report.html"
            ],
            [
                "bowtie2_pe_plot.yaml:md5,d47c21d3c14102edf43e36521aa3fcf6",
                "busco_plot_bacteria_odb10.yaml:md5,7f5685578d237300ffde11c05693f754",
                "multiqc_bowtie2_bowtie2-2.yaml:md5,34efd9a91ede5c3d7150b8de2f4c20f0",
                "multiqc_busco.yaml:md5,bd57c1b4856b5536bf89d54b2d8cd807",
                "multiqc_citations.yaml:md5,4aaa7714bb3dba1dd50f383c2ae4f4bb",
                "multiqc_general_stats.yaml:md5,72e40481d31afb109adb0908b18d8758"
            ]
        ],
        "meta": {
            "nf-test": "0.9.2",
            "nextflow": "25.10.0"
        },
        "timestamp": "2025-11-03T13:09:26.024757138"
    }
}