{
    "qc": {
        "content": [
            [
                "QC_longreads/NanoLyse/minigut_run0_lambdafiltered.nanolyse.log",
                "QC_longreads/NanoPlot/minigut/filtered_NanoPlot-report.html",
                "QC_longreads/NanoPlot/minigut/filtered_NanoStats.txt",
                "QC_longreads/NanoPlot/minigut/filtered_Non_weightedHistogramReadlength.html",
                "QC_longreads/NanoPlot/minigut/filtered_Non_weightedLogTransformed_HistogramReadlength.html",
                "QC_longreads/NanoPlot/minigut/filtered_WeightedHistogramReadlength.html",
                "QC_longreads/NanoPlot/minigut/filtered_WeightedLogTransformed_HistogramReadlength.html",
                "QC_longreads/NanoPlot/minigut/filtered_Yield_By_Length.html",
                "QC_longreads/NanoPlot/minigut/raw_NanoPlot-report.html",
                "QC_longreads/NanoPlot/minigut/raw_NanoStats.txt",
                "QC_longreads/NanoPlot/minigut/raw_Non_weightedHistogramReadlength.html",
                "QC_longreads/NanoPlot/minigut/raw_Non_weightedLogTransformed_HistogramReadlength.html",
                "QC_longreads/NanoPlot/minigut/raw_WeightedHistogramReadlength.html",
                "QC_longreads/NanoPlot/minigut/raw_WeightedLogTransformed_HistogramReadlength.html",
                "QC_longreads/NanoPlot/minigut/raw_Yield_By_Length.html",
                "QC_longreads/Nanoq/minigut_run0_nanoq_filtered.stats"
            ],
            [
                "filtered_NanoStats.txt:md5,d9172457c41a768738984559a9d3030a",
                "raw_NanoStats.txt:md5,12f26e909ca384e5b71a391c39f1e287",
                "minigut_run0_nanoq_filtered.stats:md5,00dfdbb0bfa701faf739b3339246a4d0"
            ]
        ],
        "timestamp": "2026-04-22T08:59:59.060967561",
        "meta": {
            "nf-test": "0.9.5",
            "nextflow": "25.10.4"
        }
    },
    "assembly": {
        "content": [
            [
                "Assembly/FLYE/FLYE-minigut.assembly.fasta.gz",
                "Assembly/FLYE/FLYE-minigut.assembly_graph.gfa.gz",
                "Assembly/FLYE/FLYE-minigut.flye.log"
            ],
            [
                "FLYE-minigut.assembly.fasta.gz:md5,51f3994e5048f7ed5468932c87a67b5c",
                "FLYE-minigut.assembly_graph.gfa.gz:md5,236036c59ce358c5fb64be685d9c12a7"
            ]
        ],
        "timestamp": "2026-04-22T08:59:59.068120742",
        "meta": {
            "nf-test": "0.9.5",
            "nextflow": "25.10.4"
        }
    },
    "binning": {
        "content": [
            [
                "GenomeBinning/MaxBin2/FLYE-MaxBin2-minigut.summary",
                "GenomeBinning/MaxBin2/bins/FLYE-MaxBin2-minigut.001.fa.gz",
                "GenomeBinning/MaxBin2/bins/FLYE-MaxBin2-minigut.002.fa.gz",
                "GenomeBinning/MaxBin2/discarded/FLYE-MaxBin2-minigut.tooshort.gz",
                "GenomeBinning/MaxBin2/unbinned/discarded/FLYE-MaxBin2-minigut.noclass.pooled.fa.gz",
                "GenomeBinning/MaxBin2/unbinned/discarded/FLYE-MaxBin2-minigut.noclass.remaining.fa.gz",
                "GenomeBinning/MetaBAT2/discarded/FLYE-MetaBAT2-minigut.lowDepth.fa.gz",
                "GenomeBinning/MetaBAT2/discarded/FLYE-MetaBAT2-minigut.tooShort.fa.gz",
                "GenomeBinning/MetaBAT2/unbinned/discarded/FLYE-MetaBAT2-minigut.unbinned.pooled.fa.gz",
                "GenomeBinning/MetaBAT2/unbinned/discarded/FLYE-MetaBAT2-minigut.unbinned.remaining.fa.gz",
                "GenomeBinning/QC/BUSCO/FLYE-MaxBin2-unclassified-unrefined-minigut/minigut-bacteria_odb10-busco.batch_summary.txt",
                "GenomeBinning/QC/BUSCO/FLYE-MaxBin2-unclassified-unrefined-minigut/minigut-bacteria_odb10-busco.log",
                "GenomeBinning/QC/BUSCO/FLYE-MaxBin2-unclassified-unrefined-minigut/minigut-bacteria_odb10-busco/FLYE-MaxBin2-minigut.001.fa/run_bacteria_odb10/.bbtools_output/.checkpoint",
                "GenomeBinning/QC/BUSCO/FLYE-MaxBin2-unclassified-unrefined-minigut/minigut-bacteria_odb10-busco/FLYE-MaxBin2-minigut.001.fa/run_bacteria_odb10/full_table.tsv",
                "GenomeBinning/QC/BUSCO/FLYE-MaxBin2-unclassified-unrefined-minigut/minigut-bacteria_odb10-busco/FLYE-MaxBin2-minigut.001.fa/run_bacteria_odb10/hmmer_output/.checkpoint",
                "GenomeBinning/QC/BUSCO/FLYE-MaxBin2-unclassified-unrefined-minigut/minigut-bacteria_odb10-busco/FLYE-MaxBin2-minigut.001.fa/run_bacteria_odb10/hmmer_output/1009041at2.out",
                "GenomeBinning/QC/BUSCO/FLYE-MaxBin2-unclassified-unrefined-minigut/minigut-bacteria_odb10-busco/FLYE-MaxBin2-minigut.001.fa/run_bacteria_odb10/hmmer_output/1024388at2.out",
                "GenomeBinning/QC/BUSCO/FLYE-MaxBin2-unclassified-unrefined-minigut/minigut-bacteria_odb10-busco/FLYE-MaxBin2-minigut.001.fa/run_bacteria_odb10/hmmer_output/1036075at2.out",
                "GenomeBinning/QC/BUSCO/FLYE-MaxBin2-unclassified-unrefined-minigut/minigut-bacteria_odb10-busco/FLYE-MaxBin2-minigut.001.fa/run_bacteria_odb10/hmmer_output/1043239at2.out",
                "GenomeBinning/QC/BUSCO/FLYE-MaxBin2-unclassified-unrefined-minigut/minigut-bacteria_odb10-busco/FLYE-MaxBin2-minigut.001.fa/run_bacteria_odb10/hmmer_output/1049662at2.out",
                "GenomeBinning/QC/BUSCO/FLYE-MaxBin2-unclassified-unrefined-minigut/minigut-bacteria_odb10-busco/FLYE-MaxBin2-minigut.001.fa/run_bacteria_odb10/hmmer_output/1054741at2.out",
                "GenomeBinning/QC/BUSCO/FLYE-MaxBin2-unclassified-unrefined-minigut/minigut-bacteria_odb10-busco/FLYE-MaxBin2-minigut.001.fa/run_bacteria_odb10/hmmer_output/1069591at2.out",
                "GenomeBinning/QC/BUSCO/FLYE-MaxBin2-unclassified-unrefined-minigut/minigut-bacteria_odb10-busco/FLYE-MaxBin2-minigut.001.fa/run_bacteria_odb10/hmmer_output/1074831at2.out",
                "GenomeBinning/QC/BUSCO/FLYE-MaxBin2-unclassified-unrefined-minigut/minigut-bacteria_odb10-busco/FLYE-MaxBin2-minigut.001.fa/run_bacteria_odb10/hmmer_output/1080436at2.out",
                "GenomeBinning/QC/BUSCO/FLYE-MaxBin2-unclassified-unrefined-minigut/minigut-bacteria_odb10-busco/FLYE-MaxBin2-minigut.001.fa/run_bacteria_odb10/hmmer_output/1093223at2.out",
                "GenomeBinning/QC/BUSCO/FLYE-MaxBin2-unclassified-unrefined-minigut/minigut-bacteria_odb10-busco/FLYE-MaxBin2-minigut.001.fa/run_bacteria_odb10/hmmer_output/1132353at2.out",
                "GenomeBinning/QC/BUSCO/FLYE-MaxBin2-unclassified-unrefined-minigut/minigut-bacteria_odb10-busco/FLYE-MaxBin2-minigut.001.fa/run_bacteria_odb10/hmmer_output/1151822at2.out",
                "GenomeBinning/QC/BUSCO/FLYE-MaxBin2-unclassified-unrefined-minigut/minigut-bacteria_odb10-busco/FLYE-MaxBin2-minigut.001.fa/run_bacteria_odb10/hmmer_output/1166299at2.out",
                "GenomeBinning/QC/BUSCO/FLYE-MaxBin2-unclassified-unrefined-minigut/minigut-bacteria_odb10-busco/FLYE-MaxBin2-minigut.001.fa/run_bacteria_odb10/hmmer_output/1211060at2.out",
                "GenomeBinning/QC/BUSCO/FLYE-MaxBin2-unclassified-unrefined-minigut/minigut-bacteria_odb10-busco/FLYE-MaxBin2-minigut.001.fa/run_bacteria_odb10/hmmer_output/1257362at2.out",
                "GenomeBinning/QC/BUSCO/FLYE-MaxBin2-unclassified-unrefined-minigut/minigut-bacteria_odb10-busco/FLYE-MaxBin2-minigut.001.fa/run_bacteria_odb10/hmmer_output/1266295at2.out",
                "GenomeBinning/QC/BUSCO/FLYE-MaxBin2-unclassified-unrefined-minigut/minigut-bacteria_odb10-busco/FLYE-MaxBin2-minigut.001.fa/run_bacteria_odb10/hmmer_output/1270636at2.out",
                "GenomeBinning/QC/BUSCO/FLYE-MaxBin2-unclassified-unrefined-minigut/minigut-bacteria_odb10-busco/FLYE-MaxBin2-minigut.001.fa/run_bacteria_odb10/hmmer_output/1272633at2.out",
                "GenomeBinning/QC/BUSCO/FLYE-MaxBin2-unclassified-unrefined-minigut/minigut-bacteria_odb10-busco/FLYE-MaxBin2-minigut.001.fa/run_bacteria_odb10/hmmer_output/1346419at2.out",
                "GenomeBinning/QC/BUSCO/FLYE-MaxBin2-unclassified-unrefined-minigut/minigut-bacteria_odb10-busco/FLYE-MaxBin2-minigut.001.fa/run_bacteria_odb10/hmmer_output/1395197at2.out",
                "GenomeBinning/QC/BUSCO/FLYE-MaxBin2-unclassified-unrefined-minigut/minigut-bacteria_odb10-busco/FLYE-MaxBin2-minigut.001.fa/run_bacteria_odb10/hmmer_output/1398618at2.out",
                "GenomeBinning/QC/BUSCO/FLYE-MaxBin2-unclassified-unrefined-minigut/minigut-bacteria_odb10-busco/FLYE-MaxBin2-minigut.001.fa/run_bacteria_odb10/hmmer_output/1419877at2.out",
                "GenomeBinning/QC/BUSCO/FLYE-MaxBin2-unclassified-unrefined-minigut/minigut-bacteria_odb10-busco/FLYE-MaxBin2-minigut.001.fa/run_bacteria_odb10/hmmer_output/143460at2.out",
                "GenomeBinning/QC/BUSCO/FLYE-MaxBin2-unclassified-unrefined-minigut/minigut-bacteria_odb10-busco/FLYE-MaxBin2-minigut.001.fa/run_bacteria_odb10/hmmer_output/1456375at2.out",
                "GenomeBinning/QC/BUSCO/FLYE-MaxBin2-unclassified-unrefined-minigut/minigut-bacteria_odb10-busco/FLYE-MaxBin2-minigut.001.fa/run_bacteria_odb10/hmmer_output/1470978at2.out",
                "GenomeBinning/QC/BUSCO/FLYE-MaxBin2-unclassified-unrefined-minigut/minigut-bacteria_odb10-busco/FLYE-MaxBin2-minigut.001.fa/run_bacteria_odb10/hmmer_output/1490892at2.out",
                "GenomeBinning/QC/BUSCO/FLYE-MaxBin2-unclassified-unrefined-minigut/minigut-bacteria_odb10-busco/FLYE-MaxBin2-minigut.001.fa/run_bacteria_odb10/hmmer_output/1491686at2.out",
                "GenomeBinning/QC/BUSCO/FLYE-MaxBin2-unclassified-unrefined-minigut/minigut-bacteria_odb10-busco/FLYE-MaxBin2-minigut.001.fa/run_bacteria_odb10/hmmer_output/1497415at2.out",
                "GenomeBinning/QC/BUSCO/FLYE-MaxBin2-unclassified-unrefined-minigut/minigut-bacteria_odb10-busco/FLYE-MaxBin2-minigut.001.fa/run_bacteria_odb10/hmmer_output/1502854at2.out",
                "GenomeBinning/QC/BUSCO/FLYE-MaxBin2-unclassified-unrefined-minigut/minigut-bacteria_odb10-busco/FLYE-MaxBin2-minigut.001.fa/run_bacteria_odb10/hmmer_output/1504821at2.out",
                "GenomeBinning/QC/BUSCO/FLYE-MaxBin2-unclassified-unrefined-minigut/minigut-bacteria_odb10-busco/FLYE-MaxBin2-minigut.001.fa/run_bacteria_odb10/hmmer_output/1505038at2.out",
                "GenomeBinning/QC/BUSCO/FLYE-MaxBin2-unclassified-unrefined-minigut/minigut-bacteria_odb10-busco/FLYE-MaxBin2-minigut.001.fa/run_bacteria_odb10/hmmer_output/1540940at2.out",
                "GenomeBinning/QC/BUSCO/FLYE-MaxBin2-unclassified-unrefined-minigut/minigut-bacteria_odb10-busco/FLYE-MaxBin2-minigut.001.fa/run_bacteria_odb10/hmmer_output/1567535at2.out",
                "GenomeBinning/QC/BUSCO/FLYE-MaxBin2-unclassified-unrefined-minigut/minigut-bacteria_odb10-busco/FLYE-MaxBin2-minigut.001.fa/run_bacteria_odb10/hmmer_output/1572673at2.out",
                "GenomeBinning/QC/BUSCO/FLYE-MaxBin2-unclassified-unrefined-minigut/minigut-bacteria_odb10-busco/FLYE-MaxBin2-minigut.001.fa/run_bacteria_odb10/hmmer_output/1574817at2.out",
                "GenomeBinning/QC/BUSCO/FLYE-MaxBin2-unclassified-unrefined-minigut/minigut-bacteria_odb10-busco/FLYE-MaxBin2-minigut.001.fa/run_bacteria_odb10/hmmer_output/1590629at2.out",
                "GenomeBinning/QC/BUSCO/FLYE-MaxBin2-unclassified-unrefined-minigut/minigut-bacteria_odb10-busco/FLYE-MaxBin2-minigut.001.fa/run_bacteria_odb10/hmmer_output/1592033at2.out",
                "GenomeBinning/QC/BUSCO/FLYE-MaxBin2-unclassified-unrefined-minigut/minigut-bacteria_odb10-busco/FLYE-MaxBin2-minigut.001.fa/run_bacteria_odb10/hmmer_output/1595498at2.out",
                "GenomeBinning/QC/BUSCO/FLYE-MaxBin2-unclassified-unrefined-minigut/minigut-bacteria_odb10-busco/FLYE-MaxBin2-minigut.001.fa/run_bacteria_odb10/hmmer_output/1623045at2.out",
                "GenomeBinning/QC/BUSCO/FLYE-MaxBin2-unclassified-unrefined-minigut/minigut-bacteria_odb10-busco/FLYE-MaxBin2-minigut.001.fa/run_bacteria_odb10/hmmer_output/1661836at2.out",
                "GenomeBinning/QC/BUSCO/FLYE-MaxBin2-unclassified-unrefined-minigut/minigut-bacteria_odb10-busco/FLYE-MaxBin2-minigut.001.fa/run_bacteria_odb10/hmmer_output/1666043at2.out",
                "GenomeBinning/QC/BUSCO/FLYE-MaxBin2-unclassified-unrefined-minigut/minigut-bacteria_odb10-busco/FLYE-MaxBin2-minigut.001.fa/run_bacteria_odb10/hmmer_output/1671455at2.out",
                "GenomeBinning/QC/BUSCO/FLYE-MaxBin2-unclassified-unrefined-minigut/minigut-bacteria_odb10-busco/FLYE-MaxBin2-minigut.001.fa/run_bacteria_odb10/hmmer_output/1674344at2.out",
                "GenomeBinning/QC/BUSCO/FLYE-MaxBin2-unclassified-unrefined-minigut/minigut-bacteria_odb10-busco/FLYE-MaxBin2-minigut.001.fa/run_bacteria_odb10/hmmer_output/1676462at2.out",
                "GenomeBinning/QC/BUSCO/FLYE-MaxBin2-unclassified-unrefined-minigut/minigut-bacteria_odb10-busco/FLYE-MaxBin2-minigut.001.fa/run_bacteria_odb10/hmmer_output/1692188at2.out",
                "GenomeBinning/QC/BUSCO/FLYE-MaxBin2-unclassified-unrefined-minigut/minigut-bacteria_odb10-busco/FLYE-MaxBin2-minigut.001.fa/run_bacteria_odb10/hmmer_output/1698718at2.out",
                "GenomeBinning/QC/BUSCO/FLYE-MaxBin2-unclassified-unrefined-minigut/minigut-bacteria_odb10-busco/FLYE-MaxBin2-minigut.001.fa/run_bacteria_odb10/hmmer_output/1701531at2.out",
                "GenomeBinning/QC/BUSCO/FLYE-MaxBin2-unclassified-unrefined-minigut/minigut-bacteria_odb10-busco/FLYE-MaxBin2-minigut.001.fa/run_bacteria_odb10/hmmer_output/1702697at2.out",
                "GenomeBinning/QC/BUSCO/FLYE-MaxBin2-unclassified-unrefined-minigut/minigut-bacteria_odb10-busco/FLYE-MaxBin2-minigut.001.fa/run_bacteria_odb10/hmmer_output/1707228at2.out",
                "GenomeBinning/QC/BUSCO/FLYE-MaxBin2-unclassified-unrefined-minigut/minigut-bacteria_odb10-busco/FLYE-MaxBin2-minigut.001.fa/run_bacteria_odb10/hmmer_output/1713391at2.out",
                "GenomeBinning/QC/BUSCO/FLYE-MaxBin2-unclassified-unrefined-minigut/minigut-bacteria_odb10-busco/FLYE-MaxBin2-minigut.001.fa/run_bacteria_odb10/hmmer_output/1720952at2.out",
                "GenomeBinning/QC/BUSCO/FLYE-MaxBin2-unclassified-unrefined-minigut/minigut-bacteria_odb10-busco/FLYE-MaxBin2-minigut.001.fa/run_bacteria_odb10/hmmer_output/1758685at2.out",
                "GenomeBinning/QC/BUSCO/FLYE-MaxBin2-unclassified-unrefined-minigut/minigut-bacteria_odb10-busco/FLYE-MaxBin2-minigut.001.fa/run_bacteria_odb10/hmmer_output/1760144at2.out",
                "GenomeBinning/QC/BUSCO/FLYE-MaxBin2-unclassified-unrefined-minigut/minigut-bacteria_odb10-busco/FLYE-MaxBin2-minigut.001.fa/run_bacteria_odb10/hmmer_output/1766414at2.out",
                "GenomeBinning/QC/BUSCO/FLYE-MaxBin2-unclassified-unrefined-minigut/minigut-bacteria_odb10-busco/FLYE-MaxBin2-minigut.001.fa/run_bacteria_odb10/hmmer_output/1772647at2.out",
                "GenomeBinning/QC/BUSCO/FLYE-MaxBin2-unclassified-unrefined-minigut/minigut-bacteria_odb10-busco/FLYE-MaxBin2-minigut.001.fa/run_bacteria_odb10/hmmer_output/1776954at2.out",
                "GenomeBinning/QC/BUSCO/FLYE-MaxBin2-unclassified-unrefined-minigut/minigut-bacteria_odb10-busco/FLYE-MaxBin2-minigut.001.fa/run_bacteria_odb10/hmmer_output/1786618at2.out",
                "GenomeBinning/QC/BUSCO/FLYE-MaxBin2-unclassified-unrefined-minigut/minigut-bacteria_odb10-busco/FLYE-MaxBin2-minigut.001.fa/run_bacteria_odb10/hmmer_output/1799923at2.out",
                "GenomeBinning/QC/BUSCO/FLYE-MaxBin2-unclassified-unrefined-minigut/minigut-bacteria_odb10-busco/FLYE-MaxBin2-minigut.001.fa/run_bacteria_odb10/hmmer_output/182107at2.out",
                "GenomeBinning/QC/BUSCO/FLYE-MaxBin2-unclassified-unrefined-minigut/minigut-bacteria_odb10-busco/FLYE-MaxBin2-minigut.001.fa/run_bacteria_odb10/hmmer_output/1822215at2.out",
                "GenomeBinning/QC/BUSCO/FLYE-MaxBin2-unclassified-unrefined-minigut/minigut-bacteria_odb10-busco/FLYE-MaxBin2-minigut.001.fa/run_bacteria_odb10/hmmer_output/1822695at2.out",
                "GenomeBinning/QC/BUSCO/FLYE-MaxBin2-unclassified-unrefined-minigut/minigut-bacteria_odb10-busco/FLYE-MaxBin2-minigut.001.fa/run_bacteria_odb10/hmmer_output/1827295at2.out",
                "GenomeBinning/QC/BUSCO/FLYE-MaxBin2-unclassified-unrefined-minigut/minigut-bacteria_odb10-busco/FLYE-MaxBin2-minigut.001.fa/run_bacteria_odb10/hmmer_output/1827334at2.out",
                "GenomeBinning/QC/BUSCO/FLYE-MaxBin2-unclassified-unrefined-minigut/minigut-bacteria_odb10-busco/FLYE-MaxBin2-minigut.001.fa/run_bacteria_odb10/hmmer_output/1830156at2.out",
                "GenomeBinning/QC/BUSCO/FLYE-MaxBin2-unclassified-unrefined-minigut/minigut-bacteria_odb10-busco/FLYE-MaxBin2-minigut.001.fa/run_bacteria_odb10/hmmer_output/1838961at2.out",
                "GenomeBinning/QC/BUSCO/FLYE-MaxBin2-unclassified-unrefined-minigut/minigut-bacteria_odb10-busco/FLYE-MaxBin2-minigut.001.fa/run_bacteria_odb10/hmmer_output/1842956at2.out",
                "GenomeBinning/QC/BUSCO/FLYE-MaxBin2-unclassified-unrefined-minigut/minigut-bacteria_odb10-busco/FLYE-MaxBin2-minigut.001.fa/run_bacteria_odb10/hmmer_output/1844275at2.out",
                "GenomeBinning/QC/BUSCO/FLYE-MaxBin2-unclassified-unrefined-minigut/minigut-bacteria_odb10-busco/FLYE-MaxBin2-minigut.001.fa/run_bacteria_odb10/hmmer_output/1846503at2.out",
                "GenomeBinning/QC/BUSCO/FLYE-MaxBin2-unclassified-unrefined-minigut/minigut-bacteria_odb10-busco/FLYE-MaxBin2-minigut.001.fa/run_bacteria_odb10/hmmer_output/1874945at2.out",
                "GenomeBinning/QC/BUSCO/FLYE-MaxBin2-unclassified-unrefined-minigut/minigut-bacteria_odb10-busco/FLYE-MaxBin2-minigut.001.fa/run_bacteria_odb10/hmmer_output/1890943at2.out",
                "GenomeBinning/QC/BUSCO/FLYE-MaxBin2-unclassified-unrefined-minigut/minigut-bacteria_odb10-busco/FLYE-MaxBin2-minigut.001.fa/run_bacteria_odb10/hmmer_output/1893906at2.out",
                "GenomeBinning/QC/BUSCO/FLYE-MaxBin2-unclassified-unrefined-minigut/minigut-bacteria_odb10-busco/FLYE-MaxBin2-minigut.001.fa/run_bacteria_odb10/hmmer_output/1904463at2.out",
                "GenomeBinning/QC/BUSCO/FLYE-MaxBin2-unclassified-unrefined-minigut/minigut-bacteria_odb10-busco/FLYE-MaxBin2-minigut.001.fa/run_bacteria_odb10/hmmer_output/1906715at2.out",
                "GenomeBinning/QC/BUSCO/FLYE-MaxBin2-unclassified-unrefined-minigut/minigut-bacteria_odb10-busco/FLYE-MaxBin2-minigut.001.fa/run_bacteria_odb10/hmmer_output/1932144at2.out",
                "GenomeBinning/QC/BUSCO/FLYE-MaxBin2-unclassified-unrefined-minigut/minigut-bacteria_odb10-busco/FLYE-MaxBin2-minigut.001.fa/run_bacteria_odb10/hmmer_output/1937072at2.out",
                "GenomeBinning/QC/BUSCO/FLYE-MaxBin2-unclassified-unrefined-minigut/minigut-bacteria_odb10-busco/FLYE-MaxBin2-minigut.001.fa/run_bacteria_odb10/hmmer_output/1937493at2.out",
                "GenomeBinning/QC/BUSCO/FLYE-MaxBin2-unclassified-unrefined-minigut/minigut-bacteria_odb10-busco/FLYE-MaxBin2-minigut.001.fa/run_bacteria_odb10/hmmer_output/1940575at2.out",
                "GenomeBinning/QC/BUSCO/FLYE-MaxBin2-unclassified-unrefined-minigut/minigut-bacteria_odb10-busco/FLYE-MaxBin2-minigut.001.fa/run_bacteria_odb10/hmmer_output/1949059at2.out",
                "GenomeBinning/QC/BUSCO/FLYE-MaxBin2-unclassified-unrefined-minigut/minigut-bacteria_odb10-busco/FLYE-MaxBin2-minigut.001.fa/run_bacteria_odb10/hmmer_output/1959318at2.out",
                "GenomeBinning/QC/BUSCO/FLYE-MaxBin2-unclassified-unrefined-minigut/minigut-bacteria_odb10-busco/FLYE-MaxBin2-minigut.001.fa/run_bacteria_odb10/hmmer_output/1963491at2.out",
                "GenomeBinning/QC/BUSCO/FLYE-MaxBin2-unclassified-unrefined-minigut/minigut-bacteria_odb10-busco/FLYE-MaxBin2-minigut.001.fa/run_bacteria_odb10/hmmer_output/1971380at2.out",
                "GenomeBinning/QC/BUSCO/FLYE-MaxBin2-unclassified-unrefined-minigut/minigut-bacteria_odb10-busco/FLYE-MaxBin2-minigut.001.fa/run_bacteria_odb10/hmmer_output/1978865at2.out",
                "GenomeBinning/QC/BUSCO/FLYE-MaxBin2-unclassified-unrefined-minigut/minigut-bacteria_odb10-busco/FLYE-MaxBin2-minigut.001.fa/run_bacteria_odb10/hmmer_output/1990141at2.out",
                "GenomeBinning/QC/BUSCO/FLYE-MaxBin2-unclassified-unrefined-minigut/minigut-bacteria_odb10-busco/FLYE-MaxBin2-minigut.001.fa/run_bacteria_odb10/hmmer_output/1990650at2.out",
                "GenomeBinning/QC/BUSCO/FLYE-MaxBin2-unclassified-unrefined-minigut/minigut-bacteria_odb10-busco/FLYE-MaxBin2-minigut.001.fa/run_bacteria_odb10/hmmer_output/2005443at2.out",
                "GenomeBinning/QC/BUSCO/FLYE-MaxBin2-unclassified-unrefined-minigut/minigut-bacteria_odb10-busco/FLYE-MaxBin2-minigut.001.fa/run_bacteria_odb10/hmmer_output/2012682at2.out",
                "GenomeBinning/QC/BUSCO/FLYE-MaxBin2-unclassified-unrefined-minigut/minigut-bacteria_odb10-busco/FLYE-MaxBin2-minigut.001.fa/run_bacteria_odb10/hmmer_output/2035880at2.out",
                "GenomeBinning/QC/BUSCO/FLYE-MaxBin2-unclassified-unrefined-minigut/minigut-bacteria_odb10-busco/FLYE-MaxBin2-minigut.001.fa/run_bacteria_odb10/hmmer_output/2040741at2.out",
                "GenomeBinning/QC/BUSCO/FLYE-MaxBin2-unclassified-unrefined-minigut/minigut-bacteria_odb10-busco/FLYE-MaxBin2-minigut.001.fa/run_bacteria_odb10/hmmer_output/2046660at2.out",
                "GenomeBinning/QC/BUSCO/FLYE-MaxBin2-unclassified-unrefined-minigut/minigut-bacteria_odb10-busco/FLYE-MaxBin2-minigut.001.fa/run_bacteria_odb10/hmmer_output/2063644at2.out",
                "GenomeBinning/QC/BUSCO/FLYE-MaxBin2-unclassified-unrefined-minigut/minigut-bacteria_odb10-busco/FLYE-MaxBin2-minigut.001.fa/run_bacteria_odb10/hmmer_output/2066663at2.out",
                "GenomeBinning/QC/BUSCO/FLYE-MaxBin2-unclassified-unrefined-minigut/minigut-bacteria_odb10-busco/FLYE-MaxBin2-minigut.001.fa/run_bacteria_odb10/hmmer_output/2075502at2.out",
                "GenomeBinning/QC/BUSCO/FLYE-MaxBin2-unclassified-unrefined-minigut/minigut-bacteria_odb10-busco/FLYE-MaxBin2-minigut.001.fa/run_bacteria_odb10/hmmer_output/219876at2.out",
                "GenomeBinning/QC/BUSCO/FLYE-MaxBin2-unclassified-unrefined-minigut/minigut-bacteria_odb10-busco/FLYE-MaxBin2-minigut.001.fa/run_bacteria_odb10/hmmer_output/223233at2.out",
                "GenomeBinning/QC/BUSCO/FLYE-MaxBin2-unclassified-unrefined-minigut/minigut-bacteria_odb10-busco/FLYE-MaxBin2-minigut.001.fa/run_bacteria_odb10/hmmer_output/226836at2.out",
                "GenomeBinning/QC/BUSCO/FLYE-MaxBin2-unclassified-unrefined-minigut/minigut-bacteria_odb10-busco/FLYE-MaxBin2-minigut.001.fa/run_bacteria_odb10/hmmer_output/232152at2.out",
                "GenomeBinning/QC/BUSCO/FLYE-MaxBin2-unclassified-unrefined-minigut/minigut-bacteria_odb10-busco/FLYE-MaxBin2-minigut.001.fa/run_bacteria_odb10/hmmer_output/26038at2.out",
                "GenomeBinning/QC/BUSCO/FLYE-MaxBin2-unclassified-unrefined-minigut/minigut-bacteria_odb10-busco/FLYE-MaxBin2-minigut.001.fa/run_bacteria_odb10/hmmer_output/267682at2.out",
                "GenomeBinning/QC/BUSCO/FLYE-MaxBin2-unclassified-unrefined-minigut/minigut-bacteria_odb10-busco/FLYE-MaxBin2-minigut.001.fa/run_bacteria_odb10/hmmer_output/353391at2.out",
                "GenomeBinning/QC/BUSCO/FLYE-MaxBin2-unclassified-unrefined-minigut/minigut-bacteria_odb10-busco/FLYE-MaxBin2-minigut.001.fa/run_bacteria_odb10/hmmer_output/384865at2.out",
                "GenomeBinning/QC/BUSCO/FLYE-MaxBin2-unclassified-unrefined-minigut/minigut-bacteria_odb10-busco/FLYE-MaxBin2-minigut.001.fa/run_bacteria_odb10/hmmer_output/402899at2.out",
                "GenomeBinning/QC/BUSCO/FLYE-MaxBin2-unclassified-unrefined-minigut/minigut-bacteria_odb10-busco/FLYE-MaxBin2-minigut.001.fa/run_bacteria_odb10/hmmer_output/430176at2.out",
                "GenomeBinning/QC/BUSCO/FLYE-MaxBin2-unclassified-unrefined-minigut/minigut-bacteria_odb10-busco/FLYE-MaxBin2-minigut.001.fa/run_bacteria_odb10/hmmer_output/4421at2.out",
                "GenomeBinning/QC/BUSCO/FLYE-MaxBin2-unclassified-unrefined-minigut/minigut-bacteria_odb10-busco/FLYE-MaxBin2-minigut.001.fa/run_bacteria_odb10/hmmer_output/462069at2.out",
                "GenomeBinning/QC/BUSCO/FLYE-MaxBin2-unclassified-unrefined-minigut/minigut-bacteria_odb10-busco/FLYE-MaxBin2-minigut.001.fa/run_bacteria_odb10/hmmer_output/469058at2.out",
                "GenomeBinning/QC/BUSCO/FLYE-MaxBin2-unclassified-unrefined-minigut/minigut-bacteria_odb10-busco/FLYE-MaxBin2-minigut.001.fa/run_bacteria_odb10/hmmer_output/504464at2.out",
                "GenomeBinning/QC/BUSCO/FLYE-MaxBin2-unclassified-unrefined-minigut/minigut-bacteria_odb10-busco/FLYE-MaxBin2-minigut.001.fa/run_bacteria_odb10/hmmer_output/505485at2.out",
                "GenomeBinning/QC/BUSCO/FLYE-MaxBin2-unclassified-unrefined-minigut/minigut-bacteria_odb10-busco/FLYE-MaxBin2-minigut.001.fa/run_bacteria_odb10/hmmer_output/533698at2.out",
                "GenomeBinning/QC/BUSCO/FLYE-MaxBin2-unclassified-unrefined-minigut/minigut-bacteria_odb10-busco/FLYE-MaxBin2-minigut.001.fa/run_bacteria_odb10/hmmer_output/662686at2.out",
                "GenomeBinning/QC/BUSCO/FLYE-MaxBin2-unclassified-unrefined-minigut/minigut-bacteria_odb10-busco/FLYE-MaxBin2-minigut.001.fa/run_bacteria_odb10/hmmer_output/665824at2.out",
                "GenomeBinning/QC/BUSCO/FLYE-MaxBin2-unclassified-unrefined-minigut/minigut-bacteria_odb10-busco/FLYE-MaxBin2-minigut.001.fa/run_bacteria_odb10/hmmer_output/761140at2.out",
                "GenomeBinning/QC/BUSCO/FLYE-MaxBin2-unclassified-unrefined-minigut/minigut-bacteria_odb10-busco/FLYE-MaxBin2-minigut.001.fa/run_bacteria_odb10/hmmer_output/776861at2.out",
                "GenomeBinning/QC/BUSCO/FLYE-MaxBin2-unclassified-unrefined-minigut/minigut-bacteria_odb10-busco/FLYE-MaxBin2-minigut.001.fa/run_bacteria_odb10/hmmer_output/837522at2.out",
                "GenomeBinning/QC/BUSCO/FLYE-MaxBin2-unclassified-unrefined-minigut/minigut-bacteria_odb10-busco/FLYE-MaxBin2-minigut.001.fa/run_bacteria_odb10/hmmer_output/841869at2.out",
                "GenomeBinning/QC/BUSCO/FLYE-MaxBin2-unclassified-unrefined-minigut/minigut-bacteria_odb10-busco/FLYE-MaxBin2-minigut.001.fa/run_bacteria_odb10/hmmer_output/874197at2.out",
                "GenomeBinning/QC/BUSCO/FLYE-MaxBin2-unclassified-unrefined-minigut/minigut-bacteria_odb10-busco/FLYE-MaxBin2-minigut.001.fa/run_bacteria_odb10/hmmer_output/91428at2.out",
                "GenomeBinning/QC/BUSCO/FLYE-MaxBin2-unclassified-unrefined-minigut/minigut-bacteria_odb10-busco/FLYE-MaxBin2-minigut.001.fa/run_bacteria_odb10/hmmer_output/923547at2.out",
                "GenomeBinning/QC/BUSCO/FLYE-MaxBin2-unclassified-unrefined-minigut/minigut-bacteria_odb10-busco/FLYE-MaxBin2-minigut.001.fa/run_bacteria_odb10/hmmer_output/932854at2.out",
                "GenomeBinning/QC/BUSCO/FLYE-MaxBin2-unclassified-unrefined-minigut/minigut-bacteria_odb10-busco/FLYE-MaxBin2-minigut.001.fa/run_bacteria_odb10/hmmer_output/932993at2.out",
                "GenomeBinning/QC/BUSCO/FLYE-MaxBin2-unclassified-unrefined-minigut/minigut-bacteria_odb10-busco/FLYE-MaxBin2-minigut.001.fa/run_bacteria_odb10/hmmer_output/95696at2.out",
                "GenomeBinning/QC/BUSCO/FLYE-MaxBin2-unclassified-unrefined-minigut/minigut-bacteria_odb10-busco/FLYE-MaxBin2-minigut.001.fa/run_bacteria_odb10/hmmer_output/9601at2.out",
                "GenomeBinning/QC/BUSCO/FLYE-MaxBin2-unclassified-unrefined-minigut/minigut-bacteria_odb10-busco/FLYE-MaxBin2-minigut.001.fa/run_bacteria_odb10/hmmer_output/961486at2.out",
                "GenomeBinning/QC/BUSCO/FLYE-MaxBin2-unclassified-unrefined-minigut/minigut-bacteria_odb10-busco/FLYE-MaxBin2-minigut.001.fa/run_bacteria_odb10/hmmer_output/981870at2.out",
                "GenomeBinning/QC/BUSCO/FLYE-MaxBin2-unclassified-unrefined-minigut/minigut-bacteria_odb10-busco/FLYE-MaxBin2-minigut.001.fa/run_bacteria_odb10/hmmer_output/984717at2.out",
                "GenomeBinning/QC/BUSCO/FLYE-MaxBin2-unclassified-unrefined-minigut/minigut-bacteria_odb10-busco/FLYE-MaxBin2-minigut.001.fa/run_bacteria_odb10/missing_busco_list.tsv",
                "GenomeBinning/QC/BUSCO/FLYE-MaxBin2-unclassified-unrefined-minigut/minigut-bacteria_odb10-busco/FLYE-MaxBin2-minigut.001.fa/run_bacteria_odb10/short_summary.json",
                "GenomeBinning/QC/BUSCO/FLYE-MaxBin2-unclassified-unrefined-minigut/minigut-bacteria_odb10-busco/FLYE-MaxBin2-minigut.001.fa/run_bacteria_odb10/short_summary.txt",
                "GenomeBinning/QC/BUSCO/FLYE-MaxBin2-unclassified-unrefined-minigut/minigut-bacteria_odb10-busco/FLYE-MaxBin2-minigut.002.fa/run_bacteria_odb10/.bbtools_output/.checkpoint",
                "GenomeBinning/QC/BUSCO/FLYE-MaxBin2-unclassified-unrefined-minigut/minigut-bacteria_odb10-busco/FLYE-MaxBin2-minigut.002.fa/run_bacteria_odb10/full_table.tsv",
                "GenomeBinning/QC/BUSCO/FLYE-MaxBin2-unclassified-unrefined-minigut/minigut-bacteria_odb10-busco/FLYE-MaxBin2-minigut.002.fa/run_bacteria_odb10/hmmer_output/.checkpoint",
                "GenomeBinning/QC/BUSCO/FLYE-MaxBin2-unclassified-unrefined-minigut/minigut-bacteria_odb10-busco/FLYE-MaxBin2-minigut.002.fa/run_bacteria_odb10/hmmer_output/1009041at2.out",
                "GenomeBinning/QC/BUSCO/FLYE-MaxBin2-unclassified-unrefined-minigut/minigut-bacteria_odb10-busco/FLYE-MaxBin2-minigut.002.fa/run_bacteria_odb10/hmmer_output/1024388at2.out",
                "GenomeBinning/QC/BUSCO/FLYE-MaxBin2-unclassified-unrefined-minigut/minigut-bacteria_odb10-busco/FLYE-MaxBin2-minigut.002.fa/run_bacteria_odb10/hmmer_output/1036075at2.out",
                "GenomeBinning/QC/BUSCO/FLYE-MaxBin2-unclassified-unrefined-minigut/minigut-bacteria_odb10-busco/FLYE-MaxBin2-minigut.002.fa/run_bacteria_odb10/hmmer_output/1043239at2.out",
                "GenomeBinning/QC/BUSCO/FLYE-MaxBin2-unclassified-unrefined-minigut/minigut-bacteria_odb10-busco/FLYE-MaxBin2-minigut.002.fa/run_bacteria_odb10/hmmer_output/1049662at2.out",
                "GenomeBinning/QC/BUSCO/FLYE-MaxBin2-unclassified-unrefined-minigut/minigut-bacteria_odb10-busco/FLYE-MaxBin2-minigut.002.fa/run_bacteria_odb10/hmmer_output/1054741at2.out",
                "GenomeBinning/QC/BUSCO/FLYE-MaxBin2-unclassified-unrefined-minigut/minigut-bacteria_odb10-busco/FLYE-MaxBin2-minigut.002.fa/run_bacteria_odb10/hmmer_output/1069591at2.out",
                "GenomeBinning/QC/BUSCO/FLYE-MaxBin2-unclassified-unrefined-minigut/minigut-bacteria_odb10-busco/FLYE-MaxBin2-minigut.002.fa/run_bacteria_odb10/hmmer_output/1074831at2.out",
                "GenomeBinning/QC/BUSCO/FLYE-MaxBin2-unclassified-unrefined-minigut/minigut-bacteria_odb10-busco/FLYE-MaxBin2-minigut.002.fa/run_bacteria_odb10/hmmer_output/1080436at2.out",
                "GenomeBinning/QC/BUSCO/FLYE-MaxBin2-unclassified-unrefined-minigut/minigut-bacteria_odb10-busco/FLYE-MaxBin2-minigut.002.fa/run_bacteria_odb10/hmmer_output/1093223at2.out",
                "GenomeBinning/QC/BUSCO/FLYE-MaxBin2-unclassified-unrefined-minigut/minigut-bacteria_odb10-busco/FLYE-MaxBin2-minigut.002.fa/run_bacteria_odb10/hmmer_output/1132353at2.out",
                "GenomeBinning/QC/BUSCO/FLYE-MaxBin2-unclassified-unrefined-minigut/minigut-bacteria_odb10-busco/FLYE-MaxBin2-minigut.002.fa/run_bacteria_odb10/hmmer_output/1151822at2.out",
                "GenomeBinning/QC/BUSCO/FLYE-MaxBin2-unclassified-unrefined-minigut/minigut-bacteria_odb10-busco/FLYE-MaxBin2-minigut.002.fa/run_bacteria_odb10/hmmer_output/1166299at2.out",
                "GenomeBinning/QC/BUSCO/FLYE-MaxBin2-unclassified-unrefined-minigut/minigut-bacteria_odb10-busco/FLYE-MaxBin2-minigut.002.fa/run_bacteria_odb10/hmmer_output/1211060at2.out",
                "GenomeBinning/QC/BUSCO/FLYE-MaxBin2-unclassified-unrefined-minigut/minigut-bacteria_odb10-busco/FLYE-MaxBin2-minigut.002.fa/run_bacteria_odb10/hmmer_output/1257362at2.out",
                "GenomeBinning/QC/BUSCO/FLYE-MaxBin2-unclassified-unrefined-minigut/minigut-bacteria_odb10-busco/FLYE-MaxBin2-minigut.002.fa/run_bacteria_odb10/hmmer_output/1266295at2.out",
                "GenomeBinning/QC/BUSCO/FLYE-MaxBin2-unclassified-unrefined-minigut/minigut-bacteria_odb10-busco/FLYE-MaxBin2-minigut.002.fa/run_bacteria_odb10/hmmer_output/1270636at2.out",
                "GenomeBinning/QC/BUSCO/FLYE-MaxBin2-unclassified-unrefined-minigut/minigut-bacteria_odb10-busco/FLYE-MaxBin2-minigut.002.fa/run_bacteria_odb10/hmmer_output/1272633at2.out",
                "GenomeBinning/QC/BUSCO/FLYE-MaxBin2-unclassified-unrefined-minigut/minigut-bacteria_odb10-busco/FLYE-MaxBin2-minigut.002.fa/run_bacteria_odb10/hmmer_output/1346419at2.out",
                "GenomeBinning/QC/BUSCO/FLYE-MaxBin2-unclassified-unrefined-minigut/minigut-bacteria_odb10-busco/FLYE-MaxBin2-minigut.002.fa/run_bacteria_odb10/hmmer_output/1395197at2.out",
                "GenomeBinning/QC/BUSCO/FLYE-MaxBin2-unclassified-unrefined-minigut/minigut-bacteria_odb10-busco/FLYE-MaxBin2-minigut.002.fa/run_bacteria_odb10/hmmer_output/1398618at2.out",
                "GenomeBinning/QC/BUSCO/FLYE-MaxBin2-unclassified-unrefined-minigut/minigut-bacteria_odb10-busco/FLYE-MaxBin2-minigut.002.fa/run_bacteria_odb10/hmmer_output/1419877at2.out",
                "GenomeBinning/QC/BUSCO/FLYE-MaxBin2-unclassified-unrefined-minigut/minigut-bacteria_odb10-busco/FLYE-MaxBin2-minigut.002.fa/run_bacteria_odb10/hmmer_output/143460at2.out",
                "GenomeBinning/QC/BUSCO/FLYE-MaxBin2-unclassified-unrefined-minigut/minigut-bacteria_odb10-busco/FLYE-MaxBin2-minigut.002.fa/run_bacteria_odb10/hmmer_output/1456375at2.out",
                "GenomeBinning/QC/BUSCO/FLYE-MaxBin2-unclassified-unrefined-minigut/minigut-bacteria_odb10-busco/FLYE-MaxBin2-minigut.002.fa/run_bacteria_odb10/hmmer_output/1470978at2.out",
                "GenomeBinning/QC/BUSCO/FLYE-MaxBin2-unclassified-unrefined-minigut/minigut-bacteria_odb10-busco/FLYE-MaxBin2-minigut.002.fa/run_bacteria_odb10/hmmer_output/1490892at2.out",
                "GenomeBinning/QC/BUSCO/FLYE-MaxBin2-unclassified-unrefined-minigut/minigut-bacteria_odb10-busco/FLYE-MaxBin2-minigut.002.fa/run_bacteria_odb10/hmmer_output/1491686at2.out",
                "GenomeBinning/QC/BUSCO/FLYE-MaxBin2-unclassified-unrefined-minigut/minigut-bacteria_odb10-busco/FLYE-MaxBin2-minigut.002.fa/run_bacteria_odb10/hmmer_output/1497415at2.out",
                "GenomeBinning/QC/BUSCO/FLYE-MaxBin2-unclassified-unrefined-minigut/minigut-bacteria_odb10-busco/FLYE-MaxBin2-minigut.002.fa/run_bacteria_odb10/hmmer_output/1502854at2.out",
                "GenomeBinning/QC/BUSCO/FLYE-MaxBin2-unclassified-unrefined-minigut/minigut-bacteria_odb10-busco/FLYE-MaxBin2-minigut.002.fa/run_bacteria_odb10/hmmer_output/1504821at2.out",
                "GenomeBinning/QC/BUSCO/FLYE-MaxBin2-unclassified-unrefined-minigut/minigut-bacteria_odb10-busco/FLYE-MaxBin2-minigut.002.fa/run_bacteria_odb10/hmmer_output/1505038at2.out",
                "GenomeBinning/QC/BUSCO/FLYE-MaxBin2-unclassified-unrefined-minigut/minigut-bacteria_odb10-busco/FLYE-MaxBin2-minigut.002.fa/run_bacteria_odb10/hmmer_output/1540940at2.out",
                "GenomeBinning/QC/BUSCO/FLYE-MaxBin2-unclassified-unrefined-minigut/minigut-bacteria_odb10-busco/FLYE-MaxBin2-minigut.002.fa/run_bacteria_odb10/hmmer_output/1567535at2.out",
                "GenomeBinning/QC/BUSCO/FLYE-MaxBin2-unclassified-unrefined-minigut/minigut-bacteria_odb10-busco/FLYE-MaxBin2-minigut.002.fa/run_bacteria_odb10/hmmer_output/1572673at2.out",
                "GenomeBinning/QC/BUSCO/FLYE-MaxBin2-unclassified-unrefined-minigut/minigut-bacteria_odb10-busco/FLYE-MaxBin2-minigut.002.fa/run_bacteria_odb10/hmmer_output/1574817at2.out",
                "GenomeBinning/QC/BUSCO/FLYE-MaxBin2-unclassified-unrefined-minigut/minigut-bacteria_odb10-busco/FLYE-MaxBin2-minigut.002.fa/run_bacteria_odb10/hmmer_output/1590629at2.out",
                "GenomeBinning/QC/BUSCO/FLYE-MaxBin2-unclassified-unrefined-minigut/minigut-bacteria_odb10-busco/FLYE-MaxBin2-minigut.002.fa/run_bacteria_odb10/hmmer_output/1592033at2.out",
                "GenomeBinning/QC/BUSCO/FLYE-MaxBin2-unclassified-unrefined-minigut/minigut-bacteria_odb10-busco/FLYE-MaxBin2-minigut.002.fa/run_bacteria_odb10/hmmer_output/1595498at2.out",
                "GenomeBinning/QC/BUSCO/FLYE-MaxBin2-unclassified-unrefined-minigut/minigut-bacteria_odb10-busco/FLYE-MaxBin2-minigut.002.fa/run_bacteria_odb10/hmmer_output/1623045at2.out",
                "GenomeBinning/QC/BUSCO/FLYE-MaxBin2-unclassified-unrefined-minigut/minigut-bacteria_odb10-busco/FLYE-MaxBin2-minigut.002.fa/run_bacteria_odb10/hmmer_output/1661836at2.out",
                "GenomeBinning/QC/BUSCO/FLYE-MaxBin2-unclassified-unrefined-minigut/minigut-bacteria_odb10-busco/FLYE-MaxBin2-minigut.002.fa/run_bacteria_odb10/hmmer_output/1666043at2.out",
                "GenomeBinning/QC/BUSCO/FLYE-MaxBin2-unclassified-unrefined-minigut/minigut-bacteria_odb10-busco/FLYE-MaxBin2-minigut.002.fa/run_bacteria_odb10/hmmer_output/1671455at2.out",
                "GenomeBinning/QC/BUSCO/FLYE-MaxBin2-unclassified-unrefined-minigut/minigut-bacteria_odb10-busco/FLYE-MaxBin2-minigut.002.fa/run_bacteria_odb10/hmmer_output/1674344at2.out",
                "GenomeBinning/QC/BUSCO/FLYE-MaxBin2-unclassified-unrefined-minigut/minigut-bacteria_odb10-busco/FLYE-MaxBin2-minigut.002.fa/run_bacteria_odb10/hmmer_output/1676462at2.out",
                "GenomeBinning/QC/BUSCO/FLYE-MaxBin2-unclassified-unrefined-minigut/minigut-bacteria_odb10-busco/FLYE-MaxBin2-minigut.002.fa/run_bacteria_odb10/hmmer_output/1692188at2.out",
                "GenomeBinning/QC/BUSCO/FLYE-MaxBin2-unclassified-unrefined-minigut/minigut-bacteria_odb10-busco/FLYE-MaxBin2-minigut.002.fa/run_bacteria_odb10/hmmer_output/1698718at2.out",
                "GenomeBinning/QC/BUSCO/FLYE-MaxBin2-unclassified-unrefined-minigut/minigut-bacteria_odb10-busco/FLYE-MaxBin2-minigut.002.fa/run_bacteria_odb10/hmmer_output/1701531at2.out",
                "GenomeBinning/QC/BUSCO/FLYE-MaxBin2-unclassified-unrefined-minigut/minigut-bacteria_odb10-busco/FLYE-MaxBin2-minigut.002.fa/run_bacteria_odb10/hmmer_output/1702697at2.out",
                "GenomeBinning/QC/BUSCO/FLYE-MaxBin2-unclassified-unrefined-minigut/minigut-bacteria_odb10-busco/FLYE-MaxBin2-minigut.002.fa/run_bacteria_odb10/hmmer_output/1707228at2.out",
                "GenomeBinning/QC/BUSCO/FLYE-MaxBin2-unclassified-unrefined-minigut/minigut-bacteria_odb10-busco/FLYE-MaxBin2-minigut.002.fa/run_bacteria_odb10/hmmer_output/1713391at2.out",
                "GenomeBinning/QC/BUSCO/FLYE-MaxBin2-unclassified-unrefined-minigut/minigut-bacteria_odb10-busco/FLYE-MaxBin2-minigut.002.fa/run_bacteria_odb10/hmmer_output/1720952at2.out",
                "GenomeBinning/QC/BUSCO/FLYE-MaxBin2-unclassified-unrefined-minigut/minigut-bacteria_odb10-busco/FLYE-MaxBin2-minigut.002.fa/run_bacteria_odb10/hmmer_output/1758685at2.out",
                "GenomeBinning/QC/BUSCO/FLYE-MaxBin2-unclassified-unrefined-minigut/minigut-bacteria_odb10-busco/FLYE-MaxBin2-minigut.002.fa/run_bacteria_odb10/hmmer_output/1760144at2.out",
                "GenomeBinning/QC/BUSCO/FLYE-MaxBin2-unclassified-unrefined-minigut/minigut-bacteria_odb10-busco/FLYE-MaxBin2-minigut.002.fa/run_bacteria_odb10/hmmer_output/1766414at2.out",
                "GenomeBinning/QC/BUSCO/FLYE-MaxBin2-unclassified-unrefined-minigut/minigut-bacteria_odb10-busco/FLYE-MaxBin2-minigut.002.fa/run_bacteria_odb10/hmmer_output/1772647at2.out",
                "GenomeBinning/QC/BUSCO/FLYE-MaxBin2-unclassified-unrefined-minigut/minigut-bacteria_odb10-busco/FLYE-MaxBin2-minigut.002.fa/run_bacteria_odb10/hmmer_output/1776954at2.out",
                "GenomeBinning/QC/BUSCO/FLYE-MaxBin2-unclassified-unrefined-minigut/minigut-bacteria_odb10-busco/FLYE-MaxBin2-minigut.002.fa/run_bacteria_odb10/hmmer_output/1786618at2.out",
                "GenomeBinning/QC/BUSCO/FLYE-MaxBin2-unclassified-unrefined-minigut/minigut-bacteria_odb10-busco/FLYE-MaxBin2-minigut.002.fa/run_bacteria_odb10/hmmer_output/1799923at2.out",
                "GenomeBinning/QC/BUSCO/FLYE-MaxBin2-unclassified-unrefined-minigut/minigut-bacteria_odb10-busco/FLYE-MaxBin2-minigut.002.fa/run_bacteria_odb10/hmmer_output/182107at2.out",
                "GenomeBinning/QC/BUSCO/FLYE-MaxBin2-unclassified-unrefined-minigut/minigut-bacteria_odb10-busco/FLYE-MaxBin2-minigut.002.fa/run_bacteria_odb10/hmmer_output/1822215at2.out",
                "GenomeBinning/QC/BUSCO/FLYE-MaxBin2-unclassified-unrefined-minigut/minigut-bacteria_odb10-busco/FLYE-MaxBin2-minigut.002.fa/run_bacteria_odb10/hmmer_output/1822695at2.out",
                "GenomeBinning/QC/BUSCO/FLYE-MaxBin2-unclassified-unrefined-minigut/minigut-bacteria_odb10-busco/FLYE-MaxBin2-minigut.002.fa/run_bacteria_odb10/hmmer_output/1827295at2.out",
                "GenomeBinning/QC/BUSCO/FLYE-MaxBin2-unclassified-unrefined-minigut/minigut-bacteria_odb10-busco/FLYE-MaxBin2-minigut.002.fa/run_bacteria_odb10/hmmer_output/1827334at2.out",
                "GenomeBinning/QC/BUSCO/FLYE-MaxBin2-unclassified-unrefined-minigut/minigut-bacteria_odb10-busco/FLYE-MaxBin2-minigut.002.fa/run_bacteria_odb10/hmmer_output/1830156at2.out",
                "GenomeBinning/QC/BUSCO/FLYE-MaxBin2-unclassified-unrefined-minigut/minigut-bacteria_odb10-busco/FLYE-MaxBin2-minigut.002.fa/run_bacteria_odb10/hmmer_output/1838961at2.out",
                "GenomeBinning/QC/BUSCO/FLYE-MaxBin2-unclassified-unrefined-minigut/minigut-bacteria_odb10-busco/FLYE-MaxBin2-minigut.002.fa/run_bacteria_odb10/hmmer_output/1842956at2.out",
                "GenomeBinning/QC/BUSCO/FLYE-MaxBin2-unclassified-unrefined-minigut/minigut-bacteria_odb10-busco/FLYE-MaxBin2-minigut.002.fa/run_bacteria_odb10/hmmer_output/1844275at2.out",
                "GenomeBinning/QC/BUSCO/FLYE-MaxBin2-unclassified-unrefined-minigut/minigut-bacteria_odb10-busco/FLYE-MaxBin2-minigut.002.fa/run_bacteria_odb10/hmmer_output/1846503at2.out",
                "GenomeBinning/QC/BUSCO/FLYE-MaxBin2-unclassified-unrefined-minigut/minigut-bacteria_odb10-busco/FLYE-MaxBin2-minigut.002.fa/run_bacteria_odb10/hmmer_output/1874945at2.out",
                "GenomeBinning/QC/BUSCO/FLYE-MaxBin2-unclassified-unrefined-minigut/minigut-bacteria_odb10-busco/FLYE-MaxBin2-minigut.002.fa/run_bacteria_odb10/hmmer_output/1890943at2.out",
                "GenomeBinning/QC/BUSCO/FLYE-MaxBin2-unclassified-unrefined-minigut/minigut-bacteria_odb10-busco/FLYE-MaxBin2-minigut.002.fa/run_bacteria_odb10/hmmer_output/1893906at2.out",
                "GenomeBinning/QC/BUSCO/FLYE-MaxBin2-unclassified-unrefined-minigut/minigut-bacteria_odb10-busco/FLYE-MaxBin2-minigut.002.fa/run_bacteria_odb10/hmmer_output/1904463at2.out",
                "GenomeBinning/QC/BUSCO/FLYE-MaxBin2-unclassified-unrefined-minigut/minigut-bacteria_odb10-busco/FLYE-MaxBin2-minigut.002.fa/run_bacteria_odb10/hmmer_output/1906715at2.out",
                "GenomeBinning/QC/BUSCO/FLYE-MaxBin2-unclassified-unrefined-minigut/minigut-bacteria_odb10-busco/FLYE-MaxBin2-minigut.002.fa/run_bacteria_odb10/hmmer_output/1932144at2.out",
                "GenomeBinning/QC/BUSCO/FLYE-MaxBin2-unclassified-unrefined-minigut/minigut-bacteria_odb10-busco/FLYE-MaxBin2-minigut.002.fa/run_bacteria_odb10/hmmer_output/1937072at2.out",
                "GenomeBinning/QC/BUSCO/FLYE-MaxBin2-unclassified-unrefined-minigut/minigut-bacteria_odb10-busco/FLYE-MaxBin2-minigut.002.fa/run_bacteria_odb10/hmmer_output/1937493at2.out",
                "GenomeBinning/QC/BUSCO/FLYE-MaxBin2-unclassified-unrefined-minigut/minigut-bacteria_odb10-busco/FLYE-MaxBin2-minigut.002.fa/run_bacteria_odb10/hmmer_output/1940575at2.out",
                "GenomeBinning/QC/BUSCO/FLYE-MaxBin2-unclassified-unrefined-minigut/minigut-bacteria_odb10-busco/FLYE-MaxBin2-minigut.002.fa/run_bacteria_odb10/hmmer_output/1949059at2.out",
                "GenomeBinning/QC/BUSCO/FLYE-MaxBin2-unclassified-unrefined-minigut/minigut-bacteria_odb10-busco/FLYE-MaxBin2-minigut.002.fa/run_bacteria_odb10/hmmer_output/1959318at2.out",
                "GenomeBinning/QC/BUSCO/FLYE-MaxBin2-unclassified-unrefined-minigut/minigut-bacteria_odb10-busco/FLYE-MaxBin2-minigut.002.fa/run_bacteria_odb10/hmmer_output/1963491at2.out",
                "GenomeBinning/QC/BUSCO/FLYE-MaxBin2-unclassified-unrefined-minigut/minigut-bacteria_odb10-busco/FLYE-MaxBin2-minigut.002.fa/run_bacteria_odb10/hmmer_output/1971380at2.out",
                "GenomeBinning/QC/BUSCO/FLYE-MaxBin2-unclassified-unrefined-minigut/minigut-bacteria_odb10-busco/FLYE-MaxBin2-minigut.002.fa/run_bacteria_odb10/hmmer_output/1978865at2.out",
                "GenomeBinning/QC/BUSCO/FLYE-MaxBin2-unclassified-unrefined-minigut/minigut-bacteria_odb10-busco/FLYE-MaxBin2-minigut.002.fa/run_bacteria_odb10/hmmer_output/1990141at2.out",
                "GenomeBinning/QC/BUSCO/FLYE-MaxBin2-unclassified-unrefined-minigut/minigut-bacteria_odb10-busco/FLYE-MaxBin2-minigut.002.fa/run_bacteria_odb10/hmmer_output/1990650at2.out",
                "GenomeBinning/QC/BUSCO/FLYE-MaxBin2-unclassified-unrefined-minigut/minigut-bacteria_odb10-busco/FLYE-MaxBin2-minigut.002.fa/run_bacteria_odb10/hmmer_output/2005443at2.out",
                "GenomeBinning/QC/BUSCO/FLYE-MaxBin2-unclassified-unrefined-minigut/minigut-bacteria_odb10-busco/FLYE-MaxBin2-minigut.002.fa/run_bacteria_odb10/hmmer_output/2012682at2.out",
                "GenomeBinning/QC/BUSCO/FLYE-MaxBin2-unclassified-unrefined-minigut/minigut-bacteria_odb10-busco/FLYE-MaxBin2-minigut.002.fa/run_bacteria_odb10/hmmer_output/2035880at2.out",
                "GenomeBinning/QC/BUSCO/FLYE-MaxBin2-unclassified-unrefined-minigut/minigut-bacteria_odb10-busco/FLYE-MaxBin2-minigut.002.fa/run_bacteria_odb10/hmmer_output/2040741at2.out",
                "GenomeBinning/QC/BUSCO/FLYE-MaxBin2-unclassified-unrefined-minigut/minigut-bacteria_odb10-busco/FLYE-MaxBin2-minigut.002.fa/run_bacteria_odb10/hmmer_output/2046660at2.out",
                "GenomeBinning/QC/BUSCO/FLYE-MaxBin2-unclassified-unrefined-minigut/minigut-bacteria_odb10-busco/FLYE-MaxBin2-minigut.002.fa/run_bacteria_odb10/hmmer_output/2063644at2.out",
                "GenomeBinning/QC/BUSCO/FLYE-MaxBin2-unclassified-unrefined-minigut/minigut-bacteria_odb10-busco/FLYE-MaxBin2-minigut.002.fa/run_bacteria_odb10/hmmer_output/2066663at2.out",
                "GenomeBinning/QC/BUSCO/FLYE-MaxBin2-unclassified-unrefined-minigut/minigut-bacteria_odb10-busco/FLYE-MaxBin2-minigut.002.fa/run_bacteria_odb10/hmmer_output/2075502at2.out",
                "GenomeBinning/QC/BUSCO/FLYE-MaxBin2-unclassified-unrefined-minigut/minigut-bacteria_odb10-busco/FLYE-MaxBin2-minigut.002.fa/run_bacteria_odb10/hmmer_output/219876at2.out",
                "GenomeBinning/QC/BUSCO/FLYE-MaxBin2-unclassified-unrefined-minigut/minigut-bacteria_odb10-busco/FLYE-MaxBin2-minigut.002.fa/run_bacteria_odb10/hmmer_output/223233at2.out",
                "GenomeBinning/QC/BUSCO/FLYE-MaxBin2-unclassified-unrefined-minigut/minigut-bacteria_odb10-busco/FLYE-MaxBin2-minigut.002.fa/run_bacteria_odb10/hmmer_output/226836at2.out",
                "GenomeBinning/QC/BUSCO/FLYE-MaxBin2-unclassified-unrefined-minigut/minigut-bacteria_odb10-busco/FLYE-MaxBin2-minigut.002.fa/run_bacteria_odb10/hmmer_output/232152at2.out",
                "GenomeBinning/QC/BUSCO/FLYE-MaxBin2-unclassified-unrefined-minigut/minigut-bacteria_odb10-busco/FLYE-MaxBin2-minigut.002.fa/run_bacteria_odb10/hmmer_output/26038at2.out",
                "GenomeBinning/QC/BUSCO/FLYE-MaxBin2-unclassified-unrefined-minigut/minigut-bacteria_odb10-busco/FLYE-MaxBin2-minigut.002.fa/run_bacteria_odb10/hmmer_output/267682at2.out",
                "GenomeBinning/QC/BUSCO/FLYE-MaxBin2-unclassified-unrefined-minigut/minigut-bacteria_odb10-busco/FLYE-MaxBin2-minigut.002.fa/run_bacteria_odb10/hmmer_output/353391at2.out",
                "GenomeBinning/QC/BUSCO/FLYE-MaxBin2-unclassified-unrefined-minigut/minigut-bacteria_odb10-busco/FLYE-MaxBin2-minigut.002.fa/run_bacteria_odb10/hmmer_output/384865at2.out",
                "GenomeBinning/QC/BUSCO/FLYE-MaxBin2-unclassified-unrefined-minigut/minigut-bacteria_odb10-busco/FLYE-MaxBin2-minigut.002.fa/run_bacteria_odb10/hmmer_output/402899at2.out",
                "GenomeBinning/QC/BUSCO/FLYE-MaxBin2-unclassified-unrefined-minigut/minigut-bacteria_odb10-busco/FLYE-MaxBin2-minigut.002.fa/run_bacteria_odb10/hmmer_output/430176at2.out",
                "GenomeBinning/QC/BUSCO/FLYE-MaxBin2-unclassified-unrefined-minigut/minigut-bacteria_odb10-busco/FLYE-MaxBin2-minigut.002.fa/run_bacteria_odb10/hmmer_output/4421at2.out",
                "GenomeBinning/QC/BUSCO/FLYE-MaxBin2-unclassified-unrefined-minigut/minigut-bacteria_odb10-busco/FLYE-MaxBin2-minigut.002.fa/run_bacteria_odb10/hmmer_output/462069at2.out",
                "GenomeBinning/QC/BUSCO/FLYE-MaxBin2-unclassified-unrefined-minigut/minigut-bacteria_odb10-busco/FLYE-MaxBin2-minigut.002.fa/run_bacteria_odb10/hmmer_output/469058at2.out",
                "GenomeBinning/QC/BUSCO/FLYE-MaxBin2-unclassified-unrefined-minigut/minigut-bacteria_odb10-busco/FLYE-MaxBin2-minigut.002.fa/run_bacteria_odb10/hmmer_output/504464at2.out",
                "GenomeBinning/QC/BUSCO/FLYE-MaxBin2-unclassified-unrefined-minigut/minigut-bacteria_odb10-busco/FLYE-MaxBin2-minigut.002.fa/run_bacteria_odb10/hmmer_output/505485at2.out",
                "GenomeBinning/QC/BUSCO/FLYE-MaxBin2-unclassified-unrefined-minigut/minigut-bacteria_odb10-busco/FLYE-MaxBin2-minigut.002.fa/run_bacteria_odb10/hmmer_output/533698at2.out",
                "GenomeBinning/QC/BUSCO/FLYE-MaxBin2-unclassified-unrefined-minigut/minigut-bacteria_odb10-busco/FLYE-MaxBin2-minigut.002.fa/run_bacteria_odb10/hmmer_output/662686at2.out",
                "GenomeBinning/QC/BUSCO/FLYE-MaxBin2-unclassified-unrefined-minigut/minigut-bacteria_odb10-busco/FLYE-MaxBin2-minigut.002.fa/run_bacteria_odb10/hmmer_output/665824at2.out",
                "GenomeBinning/QC/BUSCO/FLYE-MaxBin2-unclassified-unrefined-minigut/minigut-bacteria_odb10-busco/FLYE-MaxBin2-minigut.002.fa/run_bacteria_odb10/hmmer_output/761140at2.out",
                "GenomeBinning/QC/BUSCO/FLYE-MaxBin2-unclassified-unrefined-minigut/minigut-bacteria_odb10-busco/FLYE-MaxBin2-minigut.002.fa/run_bacteria_odb10/hmmer_output/776861at2.out",
                "GenomeBinning/QC/BUSCO/FLYE-MaxBin2-unclassified-unrefined-minigut/minigut-bacteria_odb10-busco/FLYE-MaxBin2-minigut.002.fa/run_bacteria_odb10/hmmer_output/837522at2.out",
                "GenomeBinning/QC/BUSCO/FLYE-MaxBin2-unclassified-unrefined-minigut/minigut-bacteria_odb10-busco/FLYE-MaxBin2-minigut.002.fa/run_bacteria_odb10/hmmer_output/841869at2.out",
                "GenomeBinning/QC/BUSCO/FLYE-MaxBin2-unclassified-unrefined-minigut/minigut-bacteria_odb10-busco/FLYE-MaxBin2-minigut.002.fa/run_bacteria_odb10/hmmer_output/874197at2.out",
                "GenomeBinning/QC/BUSCO/FLYE-MaxBin2-unclassified-unrefined-minigut/minigut-bacteria_odb10-busco/FLYE-MaxBin2-minigut.002.fa/run_bacteria_odb10/hmmer_output/91428at2.out",
                "GenomeBinning/QC/BUSCO/FLYE-MaxBin2-unclassified-unrefined-minigut/minigut-bacteria_odb10-busco/FLYE-MaxBin2-minigut.002.fa/run_bacteria_odb10/hmmer_output/923547at2.out",
                "GenomeBinning/QC/BUSCO/FLYE-MaxBin2-unclassified-unrefined-minigut/minigut-bacteria_odb10-busco/FLYE-MaxBin2-minigut.002.fa/run_bacteria_odb10/hmmer_output/932854at2.out",
                "GenomeBinning/QC/BUSCO/FLYE-MaxBin2-unclassified-unrefined-minigut/minigut-bacteria_odb10-busco/FLYE-MaxBin2-minigut.002.fa/run_bacteria_odb10/hmmer_output/932993at2.out",
                "GenomeBinning/QC/BUSCO/FLYE-MaxBin2-unclassified-unrefined-minigut/minigut-bacteria_odb10-busco/FLYE-MaxBin2-minigut.002.fa/run_bacteria_odb10/hmmer_output/95696at2.out",
                "GenomeBinning/QC/BUSCO/FLYE-MaxBin2-unclassified-unrefined-minigut/minigut-bacteria_odb10-busco/FLYE-MaxBin2-minigut.002.fa/run_bacteria_odb10/hmmer_output/9601at2.out",
                "GenomeBinning/QC/BUSCO/FLYE-MaxBin2-unclassified-unrefined-minigut/minigut-bacteria_odb10-busco/FLYE-MaxBin2-minigut.002.fa/run_bacteria_odb10/hmmer_output/961486at2.out",
                "GenomeBinning/QC/BUSCO/FLYE-MaxBin2-unclassified-unrefined-minigut/minigut-bacteria_odb10-busco/FLYE-MaxBin2-minigut.002.fa/run_bacteria_odb10/hmmer_output/981870at2.out",
                "GenomeBinning/QC/BUSCO/FLYE-MaxBin2-unclassified-unrefined-minigut/minigut-bacteria_odb10-busco/FLYE-MaxBin2-minigut.002.fa/run_bacteria_odb10/hmmer_output/984717at2.out",
                "GenomeBinning/QC/BUSCO/FLYE-MaxBin2-unclassified-unrefined-minigut/minigut-bacteria_odb10-busco/FLYE-MaxBin2-minigut.002.fa/run_bacteria_odb10/missing_busco_list.tsv",
                "GenomeBinning/QC/BUSCO/FLYE-MaxBin2-unclassified-unrefined-minigut/minigut-bacteria_odb10-busco/FLYE-MaxBin2-minigut.002.fa/run_bacteria_odb10/short_summary.json",
                "GenomeBinning/QC/BUSCO/FLYE-MaxBin2-unclassified-unrefined-minigut/minigut-bacteria_odb10-busco/FLYE-MaxBin2-minigut.002.fa/run_bacteria_odb10/short_summary.txt",
                "GenomeBinning/QC/BUSCO/FLYE-MaxBin2-unclassified-unrefined-minigut/minigut-bacteria_odb10-busco/batch_summary.txt",
                "GenomeBinning/QC/BUSCO/FLYE-MaxBin2-unclassified-unrefined-minigut/short_summary.specific.bacteria_odb10.FLYE-MaxBin2-minigut.001.fa.json",
                "GenomeBinning/QC/BUSCO/FLYE-MaxBin2-unclassified-unrefined-minigut/short_summary.specific.bacteria_odb10.FLYE-MaxBin2-minigut.001.fa.txt",
                "GenomeBinning/QC/BUSCO/FLYE-MaxBin2-unclassified-unrefined-minigut/short_summary.specific.bacteria_odb10.FLYE-MaxBin2-minigut.002.fa.json",
                "GenomeBinning/QC/BUSCO/FLYE-MaxBin2-unclassified-unrefined-minigut/short_summary.specific.bacteria_odb10.FLYE-MaxBin2-minigut.002.fa.txt",
                "GenomeBinning/QC/busco_summary.tsv",
                "GenomeBinning/bin_summary.tsv",
                "GenomeBinning/contig_to_bin/contig_to_bin_map.tsv",
                "GenomeBinning/depths/bins/bin_depths_summary.tsv",
                "GenomeBinning/depths/bins/versions.yml",
                "GenomeBinning/depths/contigs/FLYE-minigut-depth.txt.gz"
            ],
            [
                "FLYE-MaxBin2-minigut.summary:md5,369cbe6956cbec31da5386bbd557d3f8",
                "FLYE-MaxBin2-minigut.001.fa.gz:md5,8ee3e0beda64a6aa4c56b48926d8e776",
                "FLYE-MaxBin2-minigut.002.fa.gz:md5,9a8f989c9f00eead95927520ec51b34f",
                "FLYE-MaxBin2-minigut.tooshort.gz:md5,d41d8cd98f00b204e9800998ecf8427e",
                "FLYE-MaxBin2-minigut.noclass.pooled.fa.gz:md5,d41d8cd98f00b204e9800998ecf8427e",
                "FLYE-MaxBin2-minigut.noclass.remaining.fa.gz:md5,d41d8cd98f00b204e9800998ecf8427e",
                "FLYE-MetaBAT2-minigut.lowDepth.fa.gz:md5,51f3994e5048f7ed5468932c87a67b5c",
                "FLYE-MetaBAT2-minigut.tooShort.fa.gz:md5,d41d8cd98f00b204e9800998ecf8427e",
                "FLYE-MetaBAT2-minigut.unbinned.remaining.fa.gz:md5,d41d8cd98f00b204e9800998ecf8427e",
                "full_table.tsv:md5,a34b3df61d7a8d52064b3958f2c3229e",
                "missing_busco_list.tsv:md5,3a624a3b59504815e56504a94b175e93",
                "full_table.tsv:md5,69fcd108a0570558310d5655a1a605df",
                "missing_busco_list.tsv:md5,f32ca1d7d341a4f405d1be2f9b4eda58",
                "bin_summary.tsv:md5,7977338b2f69d1fd9d0b151cfba36a29",
                "contig_to_bin_map.tsv:md5,6a781efcbb14d97f5c049c69c935c0da",
                "bin_depths_summary.tsv:md5,985f843d43973cbfe5b49f0ad0628193",
                "versions.yml:md5,553ee8a62e65d93ce1163bb16314da29"
            ]
        ],
        "timestamp": "2026-04-22T13:44:20.157874942",
        "meta": {
            "nf-test": "0.9.5",
            "nextflow": "25.10.4"
        }
    },
    "content-checks": {
        "content": [
            "Nanoq stats non-empty: true",
            "Nanoq stats contain read count: true",
            "NanoLyse logs non-empty: true",
            "NanoPlot stats contain summaries: true",
            "NanoPlot stats non-empty: true",
            "Flye assemblies non-empty: true",
            "Flye graphs non-empty: true",
            "MaxBin2 bins non-empty: true",
            "MaxBin2 summary rows match bins: true",
            "MaxBin2 produced unbinned/discarded output: true",
            "MetaBAT2 bins non-empty when present: true",
            "MetaBAT2 produced classified or unclassified output: true",
            "Bin summary non-empty: true",
            "Bin summary row count matches bins: true",
            "BUSCO summary row count matches MaxBin2 bins: true",
            "BUSCO batch summaries non-empty: true"
        ],
        "timestamp": "2026-04-22T09:48:30.699472372",
        "meta": {
            "nf-test": "0.9.5",
            "nextflow": "25.10.4"
        }
    },
    "-profile longreadonly_alternatives": {
        "content": [
            26,
            {
                "ADJUST_MAXBIN2_EXT": {
                    "coreutils": 9.5
                },
                "BIN_SUMMARY": {
                    "pandas": "1.4.3",
                    "python": "3.10.6"
                },
                "BUSCO_BUSCO": {
                    "busco": "6.0.0"
                },
                "BUSCO_UNTAR": {
                    "untar": 1.34
                },
                "CONCAT_BUSCO_TSV": {
                    "qsv": "5.1.0"
                },
                "CONVERT_DEPTHS": {
                    "bioawk": 20110810
                },
                "FLYE": {
                    "flye": "2.9.5-b1801"
                },
                "GUNZIP_BINS": {
                    "gunzip": 1.13
                },
                "GUNZIP_LONGREAD_ASSEMBLIES": {
                    "gunzip": 1.13
                },
                "MAG_DEPTHS": {
                    "pandas": "1.1.5",
                    "python": "3.6.7"
                },
                "MAG_DEPTHS_SUMMARY": {
                    "pandas": "1.4.3",
                    "python": "3.10.6"
                },
                "MAXBIN2": {
                    "maxbin2": "2.2.7"
                },
                "METABAT2_JGISUMMARIZEBAMCONTIGDEPTHS_LONGREAD": {
                    "metabat2": 2.15
                },
                "METABAT2_METABAT2": {
                    "metabat2": 2.17
                },
                "MINIMAP2_ASSEMBLY_ALIGN": {
                    "minimap2": "2.29-r1283"
                },
                "MINIMAP2_ASSEMBLY_INDEX": {
                    "minimap2": "2.29-r1283"
                },
                "NANOLYSE": {
                    "nanolyse": "1.2.0"
                },
                "NANOPLOT_FILTERED": {
                    "nanoplot": "1.46.1"
                },
                "NANOPLOT_RAW": {
                    "nanoplot": "1.46.1"
                },
                "NANOQ": {
                    "nanoq": "0.10.0"
                },
                "PORECHOP_PORECHOP": {
                    "porechop": "0.2.4"
                },
                "SEQKIT_STATS": {
                    "seqkit": "2.9.0"
                },
                "SPLIT_FASTA": {
                    "biopython": "1.74",
                    "pandas": "1.1.5",
                    "python": "3.6.7"
                },
                "Workflow": {
                    "nf-core/mag": "v5.5.0dev"
                }
            }
        ],
        "timestamp": "2026-04-01T14:52:42.041452343",
        "meta": {
            "nf-test": "0.9.5",
            "nextflow": "25.10.4"
        }
    },
    "multiqc": {
        "content": [
            [
                "multiqc/multiqc_data/busco_plot_bacteria_odb10.yaml",
                "multiqc/multiqc_data/llms-full.txt",
                "multiqc/multiqc_data/multiqc.log",
                "multiqc/multiqc_data/multiqc.parquet",
                "multiqc/multiqc_data/multiqc_busco.yaml",
                "multiqc/multiqc_data/multiqc_citations.yaml",
                "multiqc/multiqc_data/multiqc_data.json",
                "multiqc/multiqc_data/multiqc_general_stats.yaml",
                "multiqc/multiqc_data/multiqc_software_versions.yaml",
                "multiqc/multiqc_data/multiqc_sources.yaml",
                "multiqc/multiqc_data/porechop.yaml",
                "multiqc/multiqc_plots/pdf/busco_plot_bacteria_odb10-cnt.pdf",
                "multiqc/multiqc_plots/pdf/busco_plot_bacteria_odb10-pct.pdf",
                "multiqc/multiqc_plots/png/busco_plot_bacteria_odb10-cnt.png",
                "multiqc/multiqc_plots/png/busco_plot_bacteria_odb10-pct.png",
                "multiqc/multiqc_plots/svg/busco_plot_bacteria_odb10-cnt.svg",
                "multiqc/multiqc_plots/svg/busco_plot_bacteria_odb10-pct.svg",
                "multiqc/multiqc_report.html"
            ],
            [
                "busco_plot_bacteria_odb10.yaml:md5,61ea14a5ac60fa3b48ee832af75effff",
                "multiqc_busco.yaml:md5,0a1896fc18fdea30852125167730c8c5",
                "multiqc_citations.yaml:md5,cd0615b89829a041bc2a33cdb69b585b",
                "multiqc_general_stats.yaml:md5,fbf8803248aa40052113485a7bfbb8d0",
                "porechop.yaml:md5,828d96e2822bb4b4108ab706c00c4450"
            ]
        ],
        "timestamp": "2025-11-27T13:31:05.010588102",
        "meta": {
            "nf-test": "0.9.3",
            "nextflow": "25.10.0"
        }
    },
    "summary-rows": {
        "content": [
            "Bin summary: 2",
            "BUSCO summary: 2",
            "Bin depths summary: 2",
            "MaxBin2 summary: 2"
        ],
        "timestamp": "2026-04-22T09:09:07.739154008",
        "meta": {
            "nf-test": "0.9.5",
            "nextflow": "25.10.4"
        }
    }
}