{
    "annotation": {
        "content": [
            [
                "Annotation/Prodigal/SPAdesHybrid/group-0/SPAdesHybrid-group-0_prodigal.faa.gz",
                "Annotation/Prodigal/SPAdesHybrid/group-0/SPAdesHybrid-group-0_prodigal.fna.gz",
                "Annotation/Prodigal/SPAdesHybrid/group-0/SPAdesHybrid-group-0_prodigal.gff.gz",
                "Annotation/Prodigal/SPAdesHybrid/group-0/SPAdesHybrid-group-0_prodigal_all.txt.gz",
                "Annotation/Prokka/SPAdesHybrid/SPAdesHybrid-MaxBin2-group-0.001/SPAdesHybrid-MaxBin2-group-0.001.err",
                "Annotation/Prokka/SPAdesHybrid/SPAdesHybrid-MaxBin2-group-0.001/SPAdesHybrid-MaxBin2-group-0.001.faa",
                "Annotation/Prokka/SPAdesHybrid/SPAdesHybrid-MaxBin2-group-0.001/SPAdesHybrid-MaxBin2-group-0.001.ffn",
                "Annotation/Prokka/SPAdesHybrid/SPAdesHybrid-MaxBin2-group-0.001/SPAdesHybrid-MaxBin2-group-0.001.fna",
                "Annotation/Prokka/SPAdesHybrid/SPAdesHybrid-MaxBin2-group-0.001/SPAdesHybrid-MaxBin2-group-0.001.fsa",
                "Annotation/Prokka/SPAdesHybrid/SPAdesHybrid-MaxBin2-group-0.001/SPAdesHybrid-MaxBin2-group-0.001.gbk",
                "Annotation/Prokka/SPAdesHybrid/SPAdesHybrid-MaxBin2-group-0.001/SPAdesHybrid-MaxBin2-group-0.001.gff",
                "Annotation/Prokka/SPAdesHybrid/SPAdesHybrid-MaxBin2-group-0.001/SPAdesHybrid-MaxBin2-group-0.001.log",
                "Annotation/Prokka/SPAdesHybrid/SPAdesHybrid-MaxBin2-group-0.001/SPAdesHybrid-MaxBin2-group-0.001.sqn",
                "Annotation/Prokka/SPAdesHybrid/SPAdesHybrid-MaxBin2-group-0.001/SPAdesHybrid-MaxBin2-group-0.001.tbl",
                "Annotation/Prokka/SPAdesHybrid/SPAdesHybrid-MaxBin2-group-0.001/SPAdesHybrid-MaxBin2-group-0.001.tsv",
                "Annotation/Prokka/SPAdesHybrid/SPAdesHybrid-MaxBin2-group-0.001/SPAdesHybrid-MaxBin2-group-0.001.txt",
                "Annotation/Prokka/SPAdesHybrid/SPAdesHybrid-MaxBin2-group-0.002/SPAdesHybrid-MaxBin2-group-0.002.err",
                "Annotation/Prokka/SPAdesHybrid/SPAdesHybrid-MaxBin2-group-0.002/SPAdesHybrid-MaxBin2-group-0.002.faa",
                "Annotation/Prokka/SPAdesHybrid/SPAdesHybrid-MaxBin2-group-0.002/SPAdesHybrid-MaxBin2-group-0.002.ffn",
                "Annotation/Prokka/SPAdesHybrid/SPAdesHybrid-MaxBin2-group-0.002/SPAdesHybrid-MaxBin2-group-0.002.fna",
                "Annotation/Prokka/SPAdesHybrid/SPAdesHybrid-MaxBin2-group-0.002/SPAdesHybrid-MaxBin2-group-0.002.fsa",
                "Annotation/Prokka/SPAdesHybrid/SPAdesHybrid-MaxBin2-group-0.002/SPAdesHybrid-MaxBin2-group-0.002.gbk",
                "Annotation/Prokka/SPAdesHybrid/SPAdesHybrid-MaxBin2-group-0.002/SPAdesHybrid-MaxBin2-group-0.002.gff",
                "Annotation/Prokka/SPAdesHybrid/SPAdesHybrid-MaxBin2-group-0.002/SPAdesHybrid-MaxBin2-group-0.002.log",
                "Annotation/Prokka/SPAdesHybrid/SPAdesHybrid-MaxBin2-group-0.002/SPAdesHybrid-MaxBin2-group-0.002.sqn",
                "Annotation/Prokka/SPAdesHybrid/SPAdesHybrid-MaxBin2-group-0.002/SPAdesHybrid-MaxBin2-group-0.002.tbl",
                "Annotation/Prokka/SPAdesHybrid/SPAdesHybrid-MaxBin2-group-0.002/SPAdesHybrid-MaxBin2-group-0.002.tsv",
                "Annotation/Prokka/SPAdesHybrid/SPAdesHybrid-MaxBin2-group-0.002/SPAdesHybrid-MaxBin2-group-0.002.txt",
                "Annotation/Prokka/SPAdesHybrid/SPAdesHybrid-MetaBAT2-group-0.1/SPAdesHybrid-MetaBAT2-group-0.1.err",
                "Annotation/Prokka/SPAdesHybrid/SPAdesHybrid-MetaBAT2-group-0.1/SPAdesHybrid-MetaBAT2-group-0.1.faa",
                "Annotation/Prokka/SPAdesHybrid/SPAdesHybrid-MetaBAT2-group-0.1/SPAdesHybrid-MetaBAT2-group-0.1.ffn",
                "Annotation/Prokka/SPAdesHybrid/SPAdesHybrid-MetaBAT2-group-0.1/SPAdesHybrid-MetaBAT2-group-0.1.fna",
                "Annotation/Prokka/SPAdesHybrid/SPAdesHybrid-MetaBAT2-group-0.1/SPAdesHybrid-MetaBAT2-group-0.1.fsa",
                "Annotation/Prokka/SPAdesHybrid/SPAdesHybrid-MetaBAT2-group-0.1/SPAdesHybrid-MetaBAT2-group-0.1.gbk",
                "Annotation/Prokka/SPAdesHybrid/SPAdesHybrid-MetaBAT2-group-0.1/SPAdesHybrid-MetaBAT2-group-0.1.gff",
                "Annotation/Prokka/SPAdesHybrid/SPAdesHybrid-MetaBAT2-group-0.1/SPAdesHybrid-MetaBAT2-group-0.1.log",
                "Annotation/Prokka/SPAdesHybrid/SPAdesHybrid-MetaBAT2-group-0.1/SPAdesHybrid-MetaBAT2-group-0.1.sqn",
                "Annotation/Prokka/SPAdesHybrid/SPAdesHybrid-MetaBAT2-group-0.1/SPAdesHybrid-MetaBAT2-group-0.1.tbl",
                "Annotation/Prokka/SPAdesHybrid/SPAdesHybrid-MetaBAT2-group-0.1/SPAdesHybrid-MetaBAT2-group-0.1.tsv",
                "Annotation/Prokka/SPAdesHybrid/SPAdesHybrid-MetaBAT2-group-0.1/SPAdesHybrid-MetaBAT2-group-0.1.txt",
                "Annotation/Prokka/SPAdesHybrid/SPAdesHybrid-MetaBAT2-group-0.2/SPAdesHybrid-MetaBAT2-group-0.2.err",
                "Annotation/Prokka/SPAdesHybrid/SPAdesHybrid-MetaBAT2-group-0.2/SPAdesHybrid-MetaBAT2-group-0.2.faa",
                "Annotation/Prokka/SPAdesHybrid/SPAdesHybrid-MetaBAT2-group-0.2/SPAdesHybrid-MetaBAT2-group-0.2.ffn",
                "Annotation/Prokka/SPAdesHybrid/SPAdesHybrid-MetaBAT2-group-0.2/SPAdesHybrid-MetaBAT2-group-0.2.fna",
                "Annotation/Prokka/SPAdesHybrid/SPAdesHybrid-MetaBAT2-group-0.2/SPAdesHybrid-MetaBAT2-group-0.2.fsa",
                "Annotation/Prokka/SPAdesHybrid/SPAdesHybrid-MetaBAT2-group-0.2/SPAdesHybrid-MetaBAT2-group-0.2.gbk",
                "Annotation/Prokka/SPAdesHybrid/SPAdesHybrid-MetaBAT2-group-0.2/SPAdesHybrid-MetaBAT2-group-0.2.gff",
                "Annotation/Prokka/SPAdesHybrid/SPAdesHybrid-MetaBAT2-group-0.2/SPAdesHybrid-MetaBAT2-group-0.2.log",
                "Annotation/Prokka/SPAdesHybrid/SPAdesHybrid-MetaBAT2-group-0.2/SPAdesHybrid-MetaBAT2-group-0.2.sqn",
                "Annotation/Prokka/SPAdesHybrid/SPAdesHybrid-MetaBAT2-group-0.2/SPAdesHybrid-MetaBAT2-group-0.2.tbl",
                "Annotation/Prokka/SPAdesHybrid/SPAdesHybrid-MetaBAT2-group-0.2/SPAdesHybrid-MetaBAT2-group-0.2.tsv",
                "Annotation/Prokka/SPAdesHybrid/SPAdesHybrid-MetaBAT2-group-0.2/SPAdesHybrid-MetaBAT2-group-0.2.txt",
                "Annotation/Prokka/SPAdesHybrid/SPAdesHybrid-SemiBin2-group-0_0/SPAdesHybrid-SemiBin2-group-0_0.err",
                "Annotation/Prokka/SPAdesHybrid/SPAdesHybrid-SemiBin2-group-0_0/SPAdesHybrid-SemiBin2-group-0_0.faa",
                "Annotation/Prokka/SPAdesHybrid/SPAdesHybrid-SemiBin2-group-0_0/SPAdesHybrid-SemiBin2-group-0_0.ffn",
                "Annotation/Prokka/SPAdesHybrid/SPAdesHybrid-SemiBin2-group-0_0/SPAdesHybrid-SemiBin2-group-0_0.fna",
                "Annotation/Prokka/SPAdesHybrid/SPAdesHybrid-SemiBin2-group-0_0/SPAdesHybrid-SemiBin2-group-0_0.fsa",
                "Annotation/Prokka/SPAdesHybrid/SPAdesHybrid-SemiBin2-group-0_0/SPAdesHybrid-SemiBin2-group-0_0.gbk",
                "Annotation/Prokka/SPAdesHybrid/SPAdesHybrid-SemiBin2-group-0_0/SPAdesHybrid-SemiBin2-group-0_0.gff",
                "Annotation/Prokka/SPAdesHybrid/SPAdesHybrid-SemiBin2-group-0_0/SPAdesHybrid-SemiBin2-group-0_0.log",
                "Annotation/Prokka/SPAdesHybrid/SPAdesHybrid-SemiBin2-group-0_0/SPAdesHybrid-SemiBin2-group-0_0.sqn",
                "Annotation/Prokka/SPAdesHybrid/SPAdesHybrid-SemiBin2-group-0_0/SPAdesHybrid-SemiBin2-group-0_0.tbl",
                "Annotation/Prokka/SPAdesHybrid/SPAdesHybrid-SemiBin2-group-0_0/SPAdesHybrid-SemiBin2-group-0_0.tsv",
                "Annotation/Prokka/SPAdesHybrid/SPAdesHybrid-SemiBin2-group-0_0/SPAdesHybrid-SemiBin2-group-0_0.txt"
            ],
            [
                "SPAdesHybrid-group-0_prodigal.faa.gz:md5,5e8750b0aad42079c3e9e12825db2c9e",
                "SPAdesHybrid-group-0_prodigal.fna.gz:md5,d52b00f23286006fb02a708fbd2b2e2d",
                "SPAdesHybrid-group-0_prodigal.gff.gz:md5,84ebcabcd9cf7368e7f3b7ed3bf060de",
                "SPAdesHybrid-group-0_prodigal_all.txt.gz:md5,0fccdc1196a30b6f62d97e6350ce70a1",
                "SPAdesHybrid-MaxBin2-group-0.001.faa:md5,06916ebd02ae44af53278d2f98bf73f2",
                "SPAdesHybrid-MaxBin2-group-0.001.ffn:md5,6467f19b9b698ae8a3dd68c61de6f355",
                "SPAdesHybrid-MaxBin2-group-0.001.fna:md5,ffc2cf4934eb5f4fc19de6bcac35d70b",
                "SPAdesHybrid-MaxBin2-group-0.001.fsa:md5,48be1f166c5b56fd1e6ae686284d2c9f",
                "SPAdesHybrid-MaxBin2-group-0.001.gff:md5,72834e2852b6914865113ef7ec350f77",
                "SPAdesHybrid-MaxBin2-group-0.001.tbl:md5,6b7ea15becbf77a9913a772121641578",
                "SPAdesHybrid-MaxBin2-group-0.001.tsv:md5,6aa3bdb716145602c8fef70644d58890",
                "SPAdesHybrid-MaxBin2-group-0.001.txt:md5,6709f9acdd725536b182c948e2755dbb",
                "SPAdesHybrid-MaxBin2-group-0.002.faa:md5,08e2c02876fa43679679669a4e7e5959",
                "SPAdesHybrid-MaxBin2-group-0.002.ffn:md5,61f346eabf18e1a0c457748d95840f98",
                "SPAdesHybrid-MaxBin2-group-0.002.fna:md5,cd368951e86e3e67b1624fc5e46300f3",
                "SPAdesHybrid-MaxBin2-group-0.002.fsa:md5,26fda1818082ce2c28e4c1ef9a8d82ed",
                "SPAdesHybrid-MaxBin2-group-0.002.gff:md5,2c166fae86781ea63db46394d47984a4",
                "SPAdesHybrid-MaxBin2-group-0.002.tbl:md5,ba7d2c5f652264b1ba0b4ebd33d962aa",
                "SPAdesHybrid-MaxBin2-group-0.002.tsv:md5,ca6463efdd4f53a57ff6e08c54f5819a",
                "SPAdesHybrid-MaxBin2-group-0.002.txt:md5,6d4213245f4a89a6e371662efeb0c6a2",
                "SPAdesHybrid-MetaBAT2-group-0.1.faa:md5,7d079e85ec5d397502047759898db1e8",
                "SPAdesHybrid-MetaBAT2-group-0.1.ffn:md5,8b5252568dbc4bb5e48013b39ec28a7f",
                "SPAdesHybrid-MetaBAT2-group-0.1.fna:md5,3257d5d32b27b50d7e747143e259ebb8",
                "SPAdesHybrid-MetaBAT2-group-0.1.fsa:md5,035f9c2a60035da69911355898c11542",
                "SPAdesHybrid-MetaBAT2-group-0.1.gff:md5,d42a70824cab48ef7478d95d43334dd9",
                "SPAdesHybrid-MetaBAT2-group-0.1.tbl:md5,5350178520bc008a1e76732541ddd013",
                "SPAdesHybrid-MetaBAT2-group-0.1.tsv:md5,17d371a872177d840a6a2ca75dd6d984",
                "SPAdesHybrid-MetaBAT2-group-0.1.txt:md5,99031abcb2fa5375f65ff49bf9c54a92",
                "SPAdesHybrid-MetaBAT2-group-0.2.faa:md5,1cd23b3e4da295a03795edda6b59d8a4",
                "SPAdesHybrid-MetaBAT2-group-0.2.ffn:md5,66226992f6b7da70ada82c589f73a6b8",
                "SPAdesHybrid-MetaBAT2-group-0.2.fna:md5,2e06d611f3d7a5f7d0390d582febc04a",
                "SPAdesHybrid-MetaBAT2-group-0.2.fsa:md5,36fe2809d732a72418b562181374618b",
                "SPAdesHybrid-MetaBAT2-group-0.2.gff:md5,d72a36eba32e7935775cfd9af3617d26",
                "SPAdesHybrid-MetaBAT2-group-0.2.tbl:md5,603bcae93a4ede7ab642112ffaca48a1",
                "SPAdesHybrid-MetaBAT2-group-0.2.tsv:md5,0fe413564cd2cf157a2307ed1c979f54",
                "SPAdesHybrid-MetaBAT2-group-0.2.txt:md5,39452fc4c205dd2a16ebe68a7f8bcb74",
                "SPAdesHybrid-SemiBin2-group-0_0.faa:md5,77cd80ccd6d69c0953a74ca21bdece89",
                "SPAdesHybrid-SemiBin2-group-0_0.ffn:md5,82cb70043816100146b0df3c12ed3776",
                "SPAdesHybrid-SemiBin2-group-0_0.fna:md5,833ab68457ba5a8b9774e8f463348f41",
                "SPAdesHybrid-SemiBin2-group-0_0.fsa:md5,c8c05d3596baa416d6e7f9a3a2f36341",
                "SPAdesHybrid-SemiBin2-group-0_0.gff:md5,4f9d5c7e12eb393658d88cadb517f480",
                "SPAdesHybrid-SemiBin2-group-0_0.tbl:md5,46d829de434a4dcb2837220b3bfae239",
                "SPAdesHybrid-SemiBin2-group-0_0.tsv:md5,5fd87328af7c5a9e439818cf46c018dc",
                "SPAdesHybrid-SemiBin2-group-0_0.txt:md5,9eb8e7dfdff814e6cbd0c0e937232e58"
            ]
        ],
        "timestamp": "2026-05-15T10:06:48.669740418",
        "meta": {
            "nf-test": "0.9.5",
            "nextflow": "26.04.0"
        }
    },
    "-profile hybrid": {
        "content": [
            72,
            {
                "ADJUST_MAXBIN2_EXT": {
                    "coreutils": 9.5
                },
                "BIN_SUMMARY": {
                    "pandas": "1.4.3",
                    "python": "3.10.6"
                },
                "BOWTIE2_ASSEMBLY_ALIGN": {
                    "bowtie2": "2.4.2",
                    "pigz": "2.3.4",
                    "samtools": 1.11
                },
                "BOWTIE2_ASSEMBLY_BUILD": {
                    "bowtie2": "2.4.2"
                },
                "BOWTIE2_HOST_REMOVAL_ALIGN": {
                    "bowtie2": "2.4.2"
                },
                "BOWTIE2_HOST_REMOVAL_BUILD": {
                    "bowtie2": "2.4.2"
                },
                "BOWTIE2_PHIX_REMOVAL_ALIGN": {
                    "bowtie2": "2.4.2"
                },
                "BOWTIE2_PHIX_REMOVAL_BUILD": {
                    "bowtie2": "2.4.2"
                },
                "BUSCO_BUSCO": {
                    "busco": "6.0.0"
                },
                "BUSCO_UNTAR": {
                    "untar": 1.34
                },
                "CHOPPER": {
                    "chopper": "0.8.0"
                },
                "CONCAT_BUSCO_TSV": {
                    "qsv": "5.1.0"
                },
                "CONCAT_QUAST_SUMMARY": {
                    "qsv": "5.1.0"
                },
                "CONVERT_DEPTHS": {
                    "bioawk": 20110810
                },
                "FASTP": {
                    "fastp": "1.0.1"
                },
                "FASTQC_RAW": {
                    "fastqc": "0.12.1"
                },
                "FASTQC_TRIMMED": {
                    "fastqc": "0.12.1"
                },
                "GUNZIP_BINS": {
                    "gunzip": 1.13
                },
                "GUNZIP_SHORTREAD_ASSEMBLIES": {
                    "gunzip": 1.13
                },
                "MAG_DEPTHS": {
                    "pandas": "1.1.5",
                    "python": "3.6.7"
                },
                "MAG_DEPTHS_SUMMARY": {
                    "pandas": "1.4.3",
                    "python": "3.10.6"
                },
                "MAXBIN2": {
                    "maxbin2": "2.2.7"
                },
                "METABAT2_JGISUMMARIZEBAMCONTIGDEPTHS_SHORTREAD": {
                    "metabat2": 2.15
                },
                "METABAT2_METABAT2": {
                    "metabat2": 2.17
                },
                "METASPADESHYBRID": {
                    "spades": "4.1.0"
                },
                "MINIMAP2_HOST_ALIGN": {
                    "minimap2": "2.29-r1283"
                },
                "MINIMAP2_HOST_INDEX": {
                    "minimap2": "2.29-r1283"
                },
                "NANOPLOT_FILTERED": {
                    "nanoplot": "1.46.1"
                },
                "NANOPLOT_RAW": {
                    "nanoplot": "1.46.1"
                },
                "POOL_LONG_READS": {
                    "cat": 9.5
                },
                "POOL_SHORT_READS": {
                    "cat": 9.5
                },
                "PORECHOP_PORECHOP": {
                    "porechop": "0.2.4"
                },
                "PRODIGAL": {
                    "pigz": 2.6,
                    "prodigal": "2.6.3"
                },
                "PROKKA": {
                    "prokka": "1.14.6"
                },
                "QUAST": {
                    "metaquast": "5.0.2",
                    "python": "3.7.6"
                },
                "QUAST_BINS": {
                    "metaquast": "5.0.2",
                    "python": "3.7.6"
                },
                "SAMTOOLS_HOSTREMOVED_INDEX": {
                    "samtools": "1.22.1"
                },
                "SAMTOOLS_HOSTREMOVED_STATS": {
                    "samtools": "1.22.1"
                },
                "SAMTOOLS_HOSTREMOVED_UNMAPPED": {
                    "samtools": 1.21
                },
                "SEMIBIN_SINGLEEASYBIN": {
                    "SemiBin": "2.2.0"
                },
                "SEQKIT_STATS": {
                    "seqkit": "2.9.0"
                },
                "SPLIT_FASTA": {
                    "biopython": "1.74",
                    "pandas": "1.1.5",
                    "python": "3.6.7"
                },
                "Workflow": {
                    "nf-core/mag": "v5.5.0dev"
                }
            }
        ],
        "timestamp": "2026-05-15T10:06:40.957996257",
        "meta": {
            "nf-test": "0.9.5",
            "nextflow": "26.04.0"
        }
    },
    "log-checks": {
        "content": [
            "SPAdes hybrid: true",
            "assembly QUAST: true",
            "binning QUAST: true",
            "BUSCO: true",
            "SemiBin2: false",
            "Bowtie2: true",
            "Prokka: true"
        ],
        "timestamp": "2026-05-15T10:06:57.436634202",
        "meta": {
            "nf-test": "0.9.5",
            "nextflow": "26.04.0"
        }
    },
    "qc_longreads": {
        "content": [
            [
                "QC_longreads/Chopper/minigut_run0_chopper.fastq.gz",
                "QC_longreads/Chopper/minigut_sample2_run0_chopper.fastq.gz",
                "QC_longreads/NanoPlot/minigut/filtered_NanoPlot-report.html",
                "QC_longreads/NanoPlot/minigut/filtered_NanoStats.txt",
                "QC_longreads/NanoPlot/minigut/filtered_Non_weightedHistogramReadlength.html",
                "QC_longreads/NanoPlot/minigut/filtered_Non_weightedLogTransformed_HistogramReadlength.html",
                "QC_longreads/NanoPlot/minigut/filtered_WeightedHistogramReadlength.html",
                "QC_longreads/NanoPlot/minigut/filtered_WeightedLogTransformed_HistogramReadlength.html",
                "QC_longreads/NanoPlot/minigut/filtered_Yield_By_Length.html",
                "QC_longreads/NanoPlot/minigut/raw_NanoPlot-report.html",
                "QC_longreads/NanoPlot/minigut/raw_NanoStats.txt",
                "QC_longreads/NanoPlot/minigut/raw_Non_weightedHistogramReadlength.html",
                "QC_longreads/NanoPlot/minigut/raw_Non_weightedLogTransformed_HistogramReadlength.html",
                "QC_longreads/NanoPlot/minigut/raw_WeightedHistogramReadlength.html",
                "QC_longreads/NanoPlot/minigut/raw_WeightedLogTransformed_HistogramReadlength.html",
                "QC_longreads/NanoPlot/minigut/raw_Yield_By_Length.html",
                "QC_longreads/NanoPlot/minigut_sample2/filtered_NanoPlot-report.html",
                "QC_longreads/NanoPlot/minigut_sample2/filtered_NanoStats.txt",
                "QC_longreads/NanoPlot/minigut_sample2/filtered_Non_weightedHistogramReadlength.html",
                "QC_longreads/NanoPlot/minigut_sample2/filtered_Non_weightedLogTransformed_HistogramReadlength.html",
                "QC_longreads/NanoPlot/minigut_sample2/filtered_WeightedHistogramReadlength.html",
                "QC_longreads/NanoPlot/minigut_sample2/filtered_WeightedLogTransformed_HistogramReadlength.html",
                "QC_longreads/NanoPlot/minigut_sample2/filtered_Yield_By_Length.html",
                "QC_longreads/NanoPlot/minigut_sample2/raw_NanoPlot-report.html",
                "QC_longreads/NanoPlot/minigut_sample2/raw_NanoStats.txt",
                "QC_longreads/NanoPlot/minigut_sample2/raw_Non_weightedHistogramReadlength.html",
                "QC_longreads/NanoPlot/minigut_sample2/raw_Non_weightedLogTransformed_HistogramReadlength.html",
                "QC_longreads/NanoPlot/minigut_sample2/raw_WeightedHistogramReadlength.html",
                "QC_longreads/NanoPlot/minigut_sample2/raw_WeightedLogTransformed_HistogramReadlength.html",
                "QC_longreads/NanoPlot/minigut_sample2/raw_Yield_By_Length.html",
                "QC_longreads/minimap2/index/genome.hg38.chr21_10000bp_region.mmi",
                "QC_longreads/samtools/stats/minigut_0.stats",
                "QC_longreads/samtools/stats/minigut_sample2_0.stats"
            ],
            [
                "minigut_run0_chopper.fastq.gz:md5,ff8cd09fbb73cb7ca2a39d1dded680e3",
                "minigut_sample2_run0_chopper.fastq.gz:md5,ff8cd09fbb73cb7ca2a39d1dded680e3",
                "filtered_NanoStats.txt:md5,f88f0e39fb38c6106f3809fbd5745f78",
                "raw_NanoStats.txt:md5,12f26e909ca384e5b71a391c39f1e287",
                "filtered_NanoStats.txt:md5,f88f0e39fb38c6106f3809fbd5745f78",
                "raw_NanoStats.txt:md5,12f26e909ca384e5b71a391c39f1e287",
                "genome.hg38.chr21_10000bp_region.mmi:md5,41d7183050e07736691ae550f3a736e5",
                "minigut_0.stats:md5,e7ef22efc494097a3ad803e35d2b6469",
                "minigut_sample2_0.stats:md5,524883b7077f0c2ce4f8dc982a2db99f"
            ]
        ],
        "timestamp": "2026-05-15T10:06:42.434396636",
        "meta": {
            "nf-test": "0.9.5",
            "nextflow": "26.04.0"
        }
    },
    "assembly": {
        "content": [
            [
                "Assembly/SPAdesHybrid/QC/group-0/QUAST/basic_stats/GC_content_plot.pdf",
                "Assembly/SPAdesHybrid/QC/group-0/QUAST/basic_stats/Nx_plot.pdf",
                "Assembly/SPAdesHybrid/QC/group-0/QUAST/basic_stats/SPAdesHybrid-group-0_GC_content_plot.pdf",
                "Assembly/SPAdesHybrid/QC/group-0/QUAST/basic_stats/SPAdesHybrid-group-0_coverage_histogram.pdf",
                "Assembly/SPAdesHybrid/QC/group-0/QUAST/basic_stats/coverage_histogram.pdf",
                "Assembly/SPAdesHybrid/QC/group-0/QUAST/basic_stats/cumulative_plot.pdf",
                "Assembly/SPAdesHybrid/QC/group-0/QUAST/icarus.html",
                "Assembly/SPAdesHybrid/QC/group-0/QUAST/icarus_viewers/contig_size_viewer.html",
                "Assembly/SPAdesHybrid/QC/group-0/QUAST/metaquast.log",
                "Assembly/SPAdesHybrid/QC/group-0/QUAST/predicted_genes/SPAdesHybrid-group-0.rna.gff",
                "Assembly/SPAdesHybrid/QC/group-0/QUAST/predicted_genes/barrnap.log",
                "Assembly/SPAdesHybrid/QC/group-0/QUAST/quast.log",
                "Assembly/SPAdesHybrid/QC/group-0/QUAST/report.html",
                "Assembly/SPAdesHybrid/QC/group-0/QUAST/report.pdf",
                "Assembly/SPAdesHybrid/QC/group-0/QUAST/report.tex",
                "Assembly/SPAdesHybrid/QC/group-0/QUAST/report.tsv",
                "Assembly/SPAdesHybrid/QC/group-0/QUAST/report.txt",
                "Assembly/SPAdesHybrid/QC/group-0/QUAST/report_rawassemblies.tsv",
                "Assembly/SPAdesHybrid/QC/group-0/QUAST/transposed_report.tex",
                "Assembly/SPAdesHybrid/QC/group-0/QUAST/transposed_report.tsv",
                "Assembly/SPAdesHybrid/QC/group-0/QUAST/transposed_report.txt",
                "Assembly/SPAdesHybrid/QC/group-0/SPAdesHybrid-group-0-minigut.bowtie2.log",
                "Assembly/SPAdesHybrid/QC/group-0/SPAdesHybrid-group-0-minigut_sample2.bowtie2.log",
                "Assembly/SPAdesHybrid/SPAdesHybrid-group-0.assembly.gfa.gz",
                "Assembly/SPAdesHybrid/SPAdesHybrid-group-0.contigs.fa.gz",
                "Assembly/SPAdesHybrid/SPAdesHybrid-group-0.scaffolds.fa.gz",
                "Assembly/SPAdesHybrid/SPAdesHybrid-group-0.spades.log"
            ],
            [
                "SPAdesHybrid-group-0.rna.gff:md5,b31aba00bb64dd5ce6ce91db6aea2781",
                "barrnap.log:md5,d41d8cd98f00b204e9800998ecf8427e",
                "report.tex:md5,ff06ec2d9e54b8191b79d4505dd2e39f",
                "report.tsv:md5,8b3b864d238f52032b4722f0096ca106",
                "report.txt:md5,656713df1d775d368a7eedb6d95f74e2",
                "report_rawassemblies.tsv:md5,8b3b864d238f52032b4722f0096ca106",
                "transposed_report.tex:md5,8b4eda25449e3cf6ebf1e2dc54174b97",
                "transposed_report.tsv:md5,6512961f720ca2a28516059095ab45a5",
                "transposed_report.txt:md5,dd828fb8ed1d3f035265b2cb758e2029",
                "SPAdesHybrid-group-0.assembly.gfa.gz:md5,098d652386fc3a14139ce7a3df462da1",
                "SPAdesHybrid-group-0.contigs.fa.gz:md5,24b484daa807a94b5ef9a86b2929581b",
                "SPAdesHybrid-group-0.scaffolds.fa.gz:md5,3577466d6c5061d4897be1b538782f7c"
            ]
        ],
        "timestamp": "2026-05-15T10:06:44.385454348",
        "meta": {
            "nf-test": "0.9.5",
            "nextflow": "26.04.0"
        }
    },
    "binning": {
        "content": [
            [
                "GenomeBinning/MaxBin2/SPAdesHybrid-MaxBin2-group-0.abundance",
                "GenomeBinning/MaxBin2/SPAdesHybrid-MaxBin2-group-0.summary",
                "GenomeBinning/MaxBin2/bins/SPAdesHybrid-MaxBin2-group-0.001.fa.gz",
                "GenomeBinning/MaxBin2/bins/SPAdesHybrid-MaxBin2-group-0.002.fa.gz",
                "GenomeBinning/MaxBin2/discarded/SPAdesHybrid-MaxBin2-group-0.tooshort.gz",
                "GenomeBinning/MaxBin2/unbinned/discarded/SPAdesHybrid-MaxBin2-group-0.noclass.pooled.fa.gz",
                "GenomeBinning/MaxBin2/unbinned/discarded/SPAdesHybrid-MaxBin2-group-0.noclass.remaining.fa.gz",
                "GenomeBinning/MetaBAT2/bins/SPAdesHybrid-MetaBAT2-group-0.1.fa.gz",
                "GenomeBinning/MetaBAT2/bins/SPAdesHybrid-MetaBAT2-group-0.2.fa.gz",
                "GenomeBinning/MetaBAT2/discarded/SPAdesHybrid-MetaBAT2-group-0.lowDepth.fa.gz",
                "GenomeBinning/MetaBAT2/discarded/SPAdesHybrid-MetaBAT2-group-0.tooShort.fa.gz",
                "GenomeBinning/MetaBAT2/unbinned/discarded/SPAdesHybrid-MetaBAT2-group-0.unbinned.pooled.fa.gz",
                "GenomeBinning/MetaBAT2/unbinned/discarded/SPAdesHybrid-MetaBAT2-group-0.unbinned.remaining.fa.gz",
                "GenomeBinning/QC/BUSCO/SPAdesHybrid-MaxBin2-unclassified-unrefined-group-0/group-0-bacteria_odb10-busco.batch_summary.txt",
                "GenomeBinning/QC/BUSCO/SPAdesHybrid-MaxBin2-unclassified-unrefined-group-0/group-0-bacteria_odb10-busco.log",
                "GenomeBinning/QC/BUSCO/SPAdesHybrid-MaxBin2-unclassified-unrefined-group-0/group-0-bacteria_odb10-busco/SPAdesHybrid-MaxBin2-group-0.001.fa/run_bacteria_odb10/.bbtools_output/.checkpoint",
                "GenomeBinning/QC/BUSCO/SPAdesHybrid-MaxBin2-unclassified-unrefined-group-0/group-0-bacteria_odb10-busco/SPAdesHybrid-MaxBin2-group-0.001.fa/run_bacteria_odb10/full_table.tsv",
                "GenomeBinning/QC/BUSCO/SPAdesHybrid-MaxBin2-unclassified-unrefined-group-0/group-0-bacteria_odb10-busco/SPAdesHybrid-MaxBin2-group-0.001.fa/run_bacteria_odb10/missing_busco_list.tsv",
                "GenomeBinning/QC/BUSCO/SPAdesHybrid-MaxBin2-unclassified-unrefined-group-0/group-0-bacteria_odb10-busco/SPAdesHybrid-MaxBin2-group-0.001.fa/run_bacteria_odb10/short_summary.json",
                "GenomeBinning/QC/BUSCO/SPAdesHybrid-MaxBin2-unclassified-unrefined-group-0/group-0-bacteria_odb10-busco/SPAdesHybrid-MaxBin2-group-0.001.fa/run_bacteria_odb10/short_summary.txt",
                "GenomeBinning/QC/BUSCO/SPAdesHybrid-MaxBin2-unclassified-unrefined-group-0/group-0-bacteria_odb10-busco/SPAdesHybrid-MaxBin2-group-0.002.fa/run_bacteria_odb10/.bbtools_output/.checkpoint",
                "GenomeBinning/QC/BUSCO/SPAdesHybrid-MaxBin2-unclassified-unrefined-group-0/group-0-bacteria_odb10-busco/SPAdesHybrid-MaxBin2-group-0.002.fa/run_bacteria_odb10/full_table.tsv",
                "GenomeBinning/QC/BUSCO/SPAdesHybrid-MaxBin2-unclassified-unrefined-group-0/group-0-bacteria_odb10-busco/SPAdesHybrid-MaxBin2-group-0.002.fa/run_bacteria_odb10/missing_busco_list.tsv",
                "GenomeBinning/QC/BUSCO/SPAdesHybrid-MaxBin2-unclassified-unrefined-group-0/group-0-bacteria_odb10-busco/SPAdesHybrid-MaxBin2-group-0.002.fa/run_bacteria_odb10/short_summary.json",
                "GenomeBinning/QC/BUSCO/SPAdesHybrid-MaxBin2-unclassified-unrefined-group-0/group-0-bacteria_odb10-busco/SPAdesHybrid-MaxBin2-group-0.002.fa/run_bacteria_odb10/short_summary.txt",
                "GenomeBinning/QC/BUSCO/SPAdesHybrid-MaxBin2-unclassified-unrefined-group-0/group-0-bacteria_odb10-busco/batch_summary.txt",
                "GenomeBinning/QC/BUSCO/SPAdesHybrid-MaxBin2-unclassified-unrefined-group-0/short_summary.specific.bacteria_odb10.SPAdesHybrid-MaxBin2-group-0.001.fa.json",
                "GenomeBinning/QC/BUSCO/SPAdesHybrid-MaxBin2-unclassified-unrefined-group-0/short_summary.specific.bacteria_odb10.SPAdesHybrid-MaxBin2-group-0.001.fa.txt",
                "GenomeBinning/QC/BUSCO/SPAdesHybrid-MaxBin2-unclassified-unrefined-group-0/short_summary.specific.bacteria_odb10.SPAdesHybrid-MaxBin2-group-0.002.fa.json",
                "GenomeBinning/QC/BUSCO/SPAdesHybrid-MaxBin2-unclassified-unrefined-group-0/short_summary.specific.bacteria_odb10.SPAdesHybrid-MaxBin2-group-0.002.fa.txt",
                "GenomeBinning/QC/BUSCO/SPAdesHybrid-MetaBAT2-unclassified-unrefined-group-0/group-0-bacteria_odb10-busco.batch_summary.txt",
                "GenomeBinning/QC/BUSCO/SPAdesHybrid-MetaBAT2-unclassified-unrefined-group-0/group-0-bacteria_odb10-busco.log",
                "GenomeBinning/QC/BUSCO/SPAdesHybrid-MetaBAT2-unclassified-unrefined-group-0/group-0-bacteria_odb10-busco/SPAdesHybrid-MetaBAT2-group-0.1.fa/run_bacteria_odb10/.bbtools_output/.checkpoint",
                "GenomeBinning/QC/BUSCO/SPAdesHybrid-MetaBAT2-unclassified-unrefined-group-0/group-0-bacteria_odb10-busco/SPAdesHybrid-MetaBAT2-group-0.1.fa/run_bacteria_odb10/full_table.tsv",
                "GenomeBinning/QC/BUSCO/SPAdesHybrid-MetaBAT2-unclassified-unrefined-group-0/group-0-bacteria_odb10-busco/SPAdesHybrid-MetaBAT2-group-0.1.fa/run_bacteria_odb10/missing_busco_list.tsv",
                "GenomeBinning/QC/BUSCO/SPAdesHybrid-MetaBAT2-unclassified-unrefined-group-0/group-0-bacteria_odb10-busco/SPAdesHybrid-MetaBAT2-group-0.1.fa/run_bacteria_odb10/short_summary.json",
                "GenomeBinning/QC/BUSCO/SPAdesHybrid-MetaBAT2-unclassified-unrefined-group-0/group-0-bacteria_odb10-busco/SPAdesHybrid-MetaBAT2-group-0.1.fa/run_bacteria_odb10/short_summary.txt",
                "GenomeBinning/QC/BUSCO/SPAdesHybrid-MetaBAT2-unclassified-unrefined-group-0/group-0-bacteria_odb10-busco/SPAdesHybrid-MetaBAT2-group-0.2.fa/run_bacteria_odb10/.bbtools_output/.checkpoint",
                "GenomeBinning/QC/BUSCO/SPAdesHybrid-MetaBAT2-unclassified-unrefined-group-0/group-0-bacteria_odb10-busco/SPAdesHybrid-MetaBAT2-group-0.2.fa/run_bacteria_odb10/full_table.tsv",
                "GenomeBinning/QC/BUSCO/SPAdesHybrid-MetaBAT2-unclassified-unrefined-group-0/group-0-bacteria_odb10-busco/SPAdesHybrid-MetaBAT2-group-0.2.fa/run_bacteria_odb10/missing_busco_list.tsv",
                "GenomeBinning/QC/BUSCO/SPAdesHybrid-MetaBAT2-unclassified-unrefined-group-0/group-0-bacteria_odb10-busco/SPAdesHybrid-MetaBAT2-group-0.2.fa/run_bacteria_odb10/short_summary.json",
                "GenomeBinning/QC/BUSCO/SPAdesHybrid-MetaBAT2-unclassified-unrefined-group-0/group-0-bacteria_odb10-busco/SPAdesHybrid-MetaBAT2-group-0.2.fa/run_bacteria_odb10/short_summary.txt",
                "GenomeBinning/QC/BUSCO/SPAdesHybrid-MetaBAT2-unclassified-unrefined-group-0/group-0-bacteria_odb10-busco/batch_summary.txt",
                "GenomeBinning/QC/BUSCO/SPAdesHybrid-MetaBAT2-unclassified-unrefined-group-0/short_summary.specific.bacteria_odb10.SPAdesHybrid-MetaBAT2-group-0.1.fa.json",
                "GenomeBinning/QC/BUSCO/SPAdesHybrid-MetaBAT2-unclassified-unrefined-group-0/short_summary.specific.bacteria_odb10.SPAdesHybrid-MetaBAT2-group-0.1.fa.txt",
                "GenomeBinning/QC/BUSCO/SPAdesHybrid-MetaBAT2-unclassified-unrefined-group-0/short_summary.specific.bacteria_odb10.SPAdesHybrid-MetaBAT2-group-0.2.fa.json",
                "GenomeBinning/QC/BUSCO/SPAdesHybrid-MetaBAT2-unclassified-unrefined-group-0/short_summary.specific.bacteria_odb10.SPAdesHybrid-MetaBAT2-group-0.2.fa.txt",
                "GenomeBinning/QC/BUSCO/SPAdesHybrid-SemiBin2-unclassified-unrefined-group-0/group-0-bacteria_odb10-busco.batch_summary.txt",
                "GenomeBinning/QC/BUSCO/SPAdesHybrid-SemiBin2-unclassified-unrefined-group-0/group-0-bacteria_odb10-busco.log",
                "GenomeBinning/QC/BUSCO/SPAdesHybrid-SemiBin2-unclassified-unrefined-group-0/group-0-bacteria_odb10-busco/SPAdesHybrid-SemiBin2-group-0_0.fa/run_bacteria_odb10/.bbtools_output/.checkpoint",
                "GenomeBinning/QC/BUSCO/SPAdesHybrid-SemiBin2-unclassified-unrefined-group-0/group-0-bacteria_odb10-busco/SPAdesHybrid-SemiBin2-group-0_0.fa/run_bacteria_odb10/full_table.tsv",
                "GenomeBinning/QC/BUSCO/SPAdesHybrid-SemiBin2-unclassified-unrefined-group-0/group-0-bacteria_odb10-busco/SPAdesHybrid-SemiBin2-group-0_0.fa/run_bacteria_odb10/missing_busco_list.tsv",
                "GenomeBinning/QC/BUSCO/SPAdesHybrid-SemiBin2-unclassified-unrefined-group-0/group-0-bacteria_odb10-busco/SPAdesHybrid-SemiBin2-group-0_0.fa/run_bacteria_odb10/short_summary.json",
                "GenomeBinning/QC/BUSCO/SPAdesHybrid-SemiBin2-unclassified-unrefined-group-0/group-0-bacteria_odb10-busco/SPAdesHybrid-SemiBin2-group-0_0.fa/run_bacteria_odb10/short_summary.txt",
                "GenomeBinning/QC/BUSCO/SPAdesHybrid-SemiBin2-unclassified-unrefined-group-0/group-0-bacteria_odb10-busco/batch_summary.txt",
                "GenomeBinning/QC/BUSCO/SPAdesHybrid-SemiBin2-unclassified-unrefined-group-0/short_summary.specific.bacteria_odb10.SPAdesHybrid-SemiBin2-group-0_0.fa.json",
                "GenomeBinning/QC/BUSCO/SPAdesHybrid-SemiBin2-unclassified-unrefined-group-0/short_summary.specific.bacteria_odb10.SPAdesHybrid-SemiBin2-group-0_0.fa.txt",
                "GenomeBinning/QC/QUAST/SPAdesHybrid-MaxBin2-group-0.001.fa/basic_stats/GC_content_plot.pdf",
                "GenomeBinning/QC/QUAST/SPAdesHybrid-MaxBin2-group-0.001.fa/basic_stats/Nx_plot.pdf",
                "GenomeBinning/QC/QUAST/SPAdesHybrid-MaxBin2-group-0.001.fa/basic_stats/SPAdesHybrid-MaxBin2-group-0-001-fa_coverage_histogram.pdf",
                "GenomeBinning/QC/QUAST/SPAdesHybrid-MaxBin2-group-0.001.fa/basic_stats/SPAdesHybrid-MaxBin2-group-0.001.fa_GC_content_plot.pdf",
                "GenomeBinning/QC/QUAST/SPAdesHybrid-MaxBin2-group-0.001.fa/basic_stats/coverage_histogram.pdf",
                "GenomeBinning/QC/QUAST/SPAdesHybrid-MaxBin2-group-0.001.fa/basic_stats/cumulative_plot.pdf",
                "GenomeBinning/QC/QUAST/SPAdesHybrid-MaxBin2-group-0.001.fa/icarus.html",
                "GenomeBinning/QC/QUAST/SPAdesHybrid-MaxBin2-group-0.001.fa/icarus_viewers/contig_size_viewer.html",
                "GenomeBinning/QC/QUAST/SPAdesHybrid-MaxBin2-group-0.001.fa/metaquast.log",
                "GenomeBinning/QC/QUAST/SPAdesHybrid-MaxBin2-group-0.001.fa/predicted_genes/SPAdesHybrid-MaxBin2-group-0-001-fa.rna.gff",
                "GenomeBinning/QC/QUAST/SPAdesHybrid-MaxBin2-group-0.001.fa/predicted_genes/barrnap.log",
                "GenomeBinning/QC/QUAST/SPAdesHybrid-MaxBin2-group-0.001.fa/quast.log",
                "GenomeBinning/QC/QUAST/SPAdesHybrid-MaxBin2-group-0.001.fa/report.html",
                "GenomeBinning/QC/QUAST/SPAdesHybrid-MaxBin2-group-0.001.fa/report.pdf",
                "GenomeBinning/QC/QUAST/SPAdesHybrid-MaxBin2-group-0.001.fa/report.tex",
                "GenomeBinning/QC/QUAST/SPAdesHybrid-MaxBin2-group-0.001.fa/report.tsv",
                "GenomeBinning/QC/QUAST/SPAdesHybrid-MaxBin2-group-0.001.fa/report.txt",
                "GenomeBinning/QC/QUAST/SPAdesHybrid-MaxBin2-group-0.001.fa/transposed_report.tex",
                "GenomeBinning/QC/QUAST/SPAdesHybrid-MaxBin2-group-0.001.fa/transposed_report.tsv",
                "GenomeBinning/QC/QUAST/SPAdesHybrid-MaxBin2-group-0.001.fa/transposed_report.txt",
                "GenomeBinning/QC/QUAST/SPAdesHybrid-MaxBin2-group-0.002.fa/basic_stats/GC_content_plot.pdf",
                "GenomeBinning/QC/QUAST/SPAdesHybrid-MaxBin2-group-0.002.fa/basic_stats/Nx_plot.pdf",
                "GenomeBinning/QC/QUAST/SPAdesHybrid-MaxBin2-group-0.002.fa/basic_stats/SPAdesHybrid-MaxBin2-group-0-002-fa_coverage_histogram.pdf",
                "GenomeBinning/QC/QUAST/SPAdesHybrid-MaxBin2-group-0.002.fa/basic_stats/SPAdesHybrid-MaxBin2-group-0.002.fa_GC_content_plot.pdf",
                "GenomeBinning/QC/QUAST/SPAdesHybrid-MaxBin2-group-0.002.fa/basic_stats/coverage_histogram.pdf",
                "GenomeBinning/QC/QUAST/SPAdesHybrid-MaxBin2-group-0.002.fa/basic_stats/cumulative_plot.pdf",
                "GenomeBinning/QC/QUAST/SPAdesHybrid-MaxBin2-group-0.002.fa/icarus.html",
                "GenomeBinning/QC/QUAST/SPAdesHybrid-MaxBin2-group-0.002.fa/icarus_viewers/contig_size_viewer.html",
                "GenomeBinning/QC/QUAST/SPAdesHybrid-MaxBin2-group-0.002.fa/metaquast.log",
                "GenomeBinning/QC/QUAST/SPAdesHybrid-MaxBin2-group-0.002.fa/predicted_genes/SPAdesHybrid-MaxBin2-group-0-002-fa.rna.gff",
                "GenomeBinning/QC/QUAST/SPAdesHybrid-MaxBin2-group-0.002.fa/predicted_genes/barrnap.log",
                "GenomeBinning/QC/QUAST/SPAdesHybrid-MaxBin2-group-0.002.fa/quast.log",
                "GenomeBinning/QC/QUAST/SPAdesHybrid-MaxBin2-group-0.002.fa/report.html",
                "GenomeBinning/QC/QUAST/SPAdesHybrid-MaxBin2-group-0.002.fa/report.pdf",
                "GenomeBinning/QC/QUAST/SPAdesHybrid-MaxBin2-group-0.002.fa/report.tex",
                "GenomeBinning/QC/QUAST/SPAdesHybrid-MaxBin2-group-0.002.fa/report.tsv",
                "GenomeBinning/QC/QUAST/SPAdesHybrid-MaxBin2-group-0.002.fa/report.txt",
                "GenomeBinning/QC/QUAST/SPAdesHybrid-MaxBin2-group-0.002.fa/transposed_report.tex",
                "GenomeBinning/QC/QUAST/SPAdesHybrid-MaxBin2-group-0.002.fa/transposed_report.tsv",
                "GenomeBinning/QC/QUAST/SPAdesHybrid-MaxBin2-group-0.002.fa/transposed_report.txt",
                "GenomeBinning/QC/QUAST/SPAdesHybrid-MaxBin2-unclassified-unrefined-group-0-quast_summary.tsv",
                "GenomeBinning/QC/QUAST/SPAdesHybrid-MetaBAT2-group-0.1.fa/basic_stats/GC_content_plot.pdf",
                "GenomeBinning/QC/QUAST/SPAdesHybrid-MetaBAT2-group-0.1.fa/basic_stats/Nx_plot.pdf",
                "GenomeBinning/QC/QUAST/SPAdesHybrid-MetaBAT2-group-0.1.fa/basic_stats/SPAdesHybrid-MetaBAT2-group-0-1-fa_coverage_histogram.pdf",
                "GenomeBinning/QC/QUAST/SPAdesHybrid-MetaBAT2-group-0.1.fa/basic_stats/SPAdesHybrid-MetaBAT2-group-0.1.fa_GC_content_plot.pdf",
                "GenomeBinning/QC/QUAST/SPAdesHybrid-MetaBAT2-group-0.1.fa/basic_stats/coverage_histogram.pdf",
                "GenomeBinning/QC/QUAST/SPAdesHybrid-MetaBAT2-group-0.1.fa/basic_stats/cumulative_plot.pdf",
                "GenomeBinning/QC/QUAST/SPAdesHybrid-MetaBAT2-group-0.1.fa/icarus.html",
                "GenomeBinning/QC/QUAST/SPAdesHybrid-MetaBAT2-group-0.1.fa/icarus_viewers/contig_size_viewer.html",
                "GenomeBinning/QC/QUAST/SPAdesHybrid-MetaBAT2-group-0.1.fa/metaquast.log",
                "GenomeBinning/QC/QUAST/SPAdesHybrid-MetaBAT2-group-0.1.fa/predicted_genes/SPAdesHybrid-MetaBAT2-group-0-1-fa.rna.gff",
                "GenomeBinning/QC/QUAST/SPAdesHybrid-MetaBAT2-group-0.1.fa/predicted_genes/barrnap.log",
                "GenomeBinning/QC/QUAST/SPAdesHybrid-MetaBAT2-group-0.1.fa/quast.log",
                "GenomeBinning/QC/QUAST/SPAdesHybrid-MetaBAT2-group-0.1.fa/report.html",
                "GenomeBinning/QC/QUAST/SPAdesHybrid-MetaBAT2-group-0.1.fa/report.pdf",
                "GenomeBinning/QC/QUAST/SPAdesHybrid-MetaBAT2-group-0.1.fa/report.tex",
                "GenomeBinning/QC/QUAST/SPAdesHybrid-MetaBAT2-group-0.1.fa/report.tsv",
                "GenomeBinning/QC/QUAST/SPAdesHybrid-MetaBAT2-group-0.1.fa/report.txt",
                "GenomeBinning/QC/QUAST/SPAdesHybrid-MetaBAT2-group-0.1.fa/transposed_report.tex",
                "GenomeBinning/QC/QUAST/SPAdesHybrid-MetaBAT2-group-0.1.fa/transposed_report.tsv",
                "GenomeBinning/QC/QUAST/SPAdesHybrid-MetaBAT2-group-0.1.fa/transposed_report.txt",
                "GenomeBinning/QC/QUAST/SPAdesHybrid-MetaBAT2-group-0.2.fa/basic_stats/GC_content_plot.pdf",
                "GenomeBinning/QC/QUAST/SPAdesHybrid-MetaBAT2-group-0.2.fa/basic_stats/Nx_plot.pdf",
                "GenomeBinning/QC/QUAST/SPAdesHybrid-MetaBAT2-group-0.2.fa/basic_stats/SPAdesHybrid-MetaBAT2-group-0-2-fa_coverage_histogram.pdf",
                "GenomeBinning/QC/QUAST/SPAdesHybrid-MetaBAT2-group-0.2.fa/basic_stats/SPAdesHybrid-MetaBAT2-group-0.2.fa_GC_content_plot.pdf",
                "GenomeBinning/QC/QUAST/SPAdesHybrid-MetaBAT2-group-0.2.fa/basic_stats/coverage_histogram.pdf",
                "GenomeBinning/QC/QUAST/SPAdesHybrid-MetaBAT2-group-0.2.fa/basic_stats/cumulative_plot.pdf",
                "GenomeBinning/QC/QUAST/SPAdesHybrid-MetaBAT2-group-0.2.fa/icarus.html",
                "GenomeBinning/QC/QUAST/SPAdesHybrid-MetaBAT2-group-0.2.fa/icarus_viewers/contig_size_viewer.html",
                "GenomeBinning/QC/QUAST/SPAdesHybrid-MetaBAT2-group-0.2.fa/metaquast.log",
                "GenomeBinning/QC/QUAST/SPAdesHybrid-MetaBAT2-group-0.2.fa/predicted_genes/SPAdesHybrid-MetaBAT2-group-0-2-fa.rna.gff",
                "GenomeBinning/QC/QUAST/SPAdesHybrid-MetaBAT2-group-0.2.fa/predicted_genes/barrnap.log",
                "GenomeBinning/QC/QUAST/SPAdesHybrid-MetaBAT2-group-0.2.fa/quast.log",
                "GenomeBinning/QC/QUAST/SPAdesHybrid-MetaBAT2-group-0.2.fa/report.html",
                "GenomeBinning/QC/QUAST/SPAdesHybrid-MetaBAT2-group-0.2.fa/report.pdf",
                "GenomeBinning/QC/QUAST/SPAdesHybrid-MetaBAT2-group-0.2.fa/report.tex",
                "GenomeBinning/QC/QUAST/SPAdesHybrid-MetaBAT2-group-0.2.fa/report.tsv",
                "GenomeBinning/QC/QUAST/SPAdesHybrid-MetaBAT2-group-0.2.fa/report.txt",
                "GenomeBinning/QC/QUAST/SPAdesHybrid-MetaBAT2-group-0.2.fa/transposed_report.tex",
                "GenomeBinning/QC/QUAST/SPAdesHybrid-MetaBAT2-group-0.2.fa/transposed_report.tsv",
                "GenomeBinning/QC/QUAST/SPAdesHybrid-MetaBAT2-group-0.2.fa/transposed_report.txt",
                "GenomeBinning/QC/QUAST/SPAdesHybrid-MetaBAT2-unclassified-unrefined-group-0-quast_summary.tsv",
                "GenomeBinning/QC/QUAST/SPAdesHybrid-SemiBin2-group-0_0.fa/basic_stats/GC_content_plot.pdf",
                "GenomeBinning/QC/QUAST/SPAdesHybrid-SemiBin2-group-0_0.fa/basic_stats/Nx_plot.pdf",
                "GenomeBinning/QC/QUAST/SPAdesHybrid-SemiBin2-group-0_0.fa/basic_stats/SPAdesHybrid-SemiBin2-group-0_0-fa_coverage_histogram.pdf",
                "GenomeBinning/QC/QUAST/SPAdesHybrid-SemiBin2-group-0_0.fa/basic_stats/SPAdesHybrid-SemiBin2-group-0_0.fa_GC_content_plot.pdf",
                "GenomeBinning/QC/QUAST/SPAdesHybrid-SemiBin2-group-0_0.fa/basic_stats/coverage_histogram.pdf",
                "GenomeBinning/QC/QUAST/SPAdesHybrid-SemiBin2-group-0_0.fa/basic_stats/cumulative_plot.pdf",
                "GenomeBinning/QC/QUAST/SPAdesHybrid-SemiBin2-group-0_0.fa/icarus.html",
                "GenomeBinning/QC/QUAST/SPAdesHybrid-SemiBin2-group-0_0.fa/icarus_viewers/contig_size_viewer.html",
                "GenomeBinning/QC/QUAST/SPAdesHybrid-SemiBin2-group-0_0.fa/metaquast.log",
                "GenomeBinning/QC/QUAST/SPAdesHybrid-SemiBin2-group-0_0.fa/predicted_genes/SPAdesHybrid-SemiBin2-group-0_0-fa.rna.gff",
                "GenomeBinning/QC/QUAST/SPAdesHybrid-SemiBin2-group-0_0.fa/predicted_genes/barrnap.log",
                "GenomeBinning/QC/QUAST/SPAdesHybrid-SemiBin2-group-0_0.fa/quast.log",
                "GenomeBinning/QC/QUAST/SPAdesHybrid-SemiBin2-group-0_0.fa/report.html",
                "GenomeBinning/QC/QUAST/SPAdesHybrid-SemiBin2-group-0_0.fa/report.pdf",
                "GenomeBinning/QC/QUAST/SPAdesHybrid-SemiBin2-group-0_0.fa/report.tex",
                "GenomeBinning/QC/QUAST/SPAdesHybrid-SemiBin2-group-0_0.fa/report.tsv",
                "GenomeBinning/QC/QUAST/SPAdesHybrid-SemiBin2-group-0_0.fa/report.txt",
                "GenomeBinning/QC/QUAST/SPAdesHybrid-SemiBin2-group-0_0.fa/transposed_report.tex",
                "GenomeBinning/QC/QUAST/SPAdesHybrid-SemiBin2-group-0_0.fa/transposed_report.tsv",
                "GenomeBinning/QC/QUAST/SPAdesHybrid-SemiBin2-group-0_0.fa/transposed_report.txt",
                "GenomeBinning/QC/QUAST/SPAdesHybrid-SemiBin2-unclassified-unrefined-group-0-quast_summary.tsv",
                "GenomeBinning/QC/busco_summary.tsv",
                "GenomeBinning/QC/quast_bin_summary.tsv",
                "GenomeBinning/SemiBin2/bins/SPAdesHybrid-SemiBin2-group-0_0.fa.gz",
                "GenomeBinning/SemiBin2/log/SPAdesHybrid-SemiBin2-group-0.SemiBinRun.log",
                "GenomeBinning/bin_summary.tsv",
                "GenomeBinning/contig_to_bin/contig_to_bin_map.tsv",
                "GenomeBinning/depths/bins/bin_depths_summary.tsv",
                "GenomeBinning/depths/bins/versions.yml",
                "GenomeBinning/depths/contigs/SPAdesHybrid-group-0-depth.txt.gz"
            ],
            [
                "SPAdesHybrid-MaxBin2-group-0.abundance:md5,877006bf16a779c40e8519e40ac0b2f7",
                "SPAdesHybrid-MaxBin2-group-0.summary:md5,68e1f566d87d1efb124874ffbe77f6b1",
                "SPAdesHybrid-MaxBin2-group-0.001.fa.gz:md5,70462c0ca23cb505f321ee88e9af3ec3",
                "SPAdesHybrid-MaxBin2-group-0.002.fa.gz:md5,d3f36b9040413d59471a2f874a27a035",
                "SPAdesHybrid-MaxBin2-group-0.tooshort.gz:md5,ed5f9bbbf933fdb04ad6feeab3c3232e",
                "SPAdesHybrid-MaxBin2-group-0.noclass.pooled.fa.gz:md5,d41d8cd98f00b204e9800998ecf8427e",
                "SPAdesHybrid-MaxBin2-group-0.noclass.remaining.fa.gz:md5,d41d8cd98f00b204e9800998ecf8427e",
                "SPAdesHybrid-MetaBAT2-group-0.1.fa.gz:md5,3257d5d32b27b50d7e747143e259ebb8",
                "SPAdesHybrid-MetaBAT2-group-0.2.fa.gz:md5,2e06d611f3d7a5f7d0390d582febc04a",
                "SPAdesHybrid-MetaBAT2-group-0.lowDepth.fa.gz:md5,d41d8cd98f00b204e9800998ecf8427e",
                "SPAdesHybrid-MetaBAT2-group-0.tooShort.fa.gz:md5,f8cc4fb85f6f32882424ea2ddb3f5340",
                "SPAdesHybrid-MetaBAT2-group-0.unbinned.remaining.fa.gz:md5,20d175e6d02afac554f49292195a2d85",
                "full_table.tsv:md5,3f9fe091e8f925e8ae57c0c27360bd5f",
                "missing_busco_list.tsv:md5,8a6477cb2c1fa70d00737ff83cb5025c",
                "full_table.tsv:md5,b4bd010caf926f55f4f5af409486d297",
                "missing_busco_list.tsv:md5,a010a934bd0873df2f9ce56b0ea656ec",
                "full_table.tsv:md5,b4bd010caf926f55f4f5af409486d297",
                "missing_busco_list.tsv:md5,a010a934bd0873df2f9ce56b0ea656ec",
                "full_table.tsv:md5,72cb255b56087e6571aaaa912a7ee543",
                "missing_busco_list.tsv:md5,e23067e29e590c11349ca5bd313d8a8a",
                "full_table.tsv:md5,30ada1ea0714d48836560dc455397cd9",
                "missing_busco_list.tsv:md5,42b629b283934ccc3c31f6176e21e5f6",
                "SPAdesHybrid-MaxBin2-group-0-001-fa.rna.gff:md5,a1e4e599ea5aa9b7086a50adc1ef3c15",
                "barrnap.log:md5,d41d8cd98f00b204e9800998ecf8427e",
                "report.tex:md5,54f710165339677832a5e9d5f46b5853",
                "report.tsv:md5,0d962341116e528a70da462f1c28a69a",
                "report.txt:md5,4186bf5d79f9cb6660e51a1d52e974cb",
                "transposed_report.tex:md5,5dba02ffb2162cf059737096b035185e",
                "transposed_report.tsv:md5,57ad394966ff4a61cde5ed3430ca5553",
                "transposed_report.txt:md5,faa01347a59f54c84ef113c85a4522c1",
                "SPAdesHybrid-MaxBin2-group-0-002-fa.rna.gff:md5,d32ec382ed29aba824370237a0147a85",
                "barrnap.log:md5,d41d8cd98f00b204e9800998ecf8427e",
                "report.tex:md5,d56089de1fffdb582d592b483a7b8e70",
                "report.tsv:md5,378cc911fbd27b41d6b481f4558bdb77",
                "report.txt:md5,c6c8460e400178ec626c00c0b6f745a1",
                "transposed_report.tex:md5,5dc4980ece2c284259f615357ef2921d",
                "transposed_report.tsv:md5,3197d6aa3b67c3a26c4c65eca50a0682",
                "transposed_report.txt:md5,7e8d5b88870d7095f63df296f5983f3b",
                "SPAdesHybrid-MaxBin2-unclassified-unrefined-group-0-quast_summary.tsv:md5,fb599bd78702476fda0ea6c4f402aa3b",
                "SPAdesHybrid-MetaBAT2-group-0-1-fa.rna.gff:md5,7c3d714441cd804ee5811309d2a79a31",
                "barrnap.log:md5,d41d8cd98f00b204e9800998ecf8427e",
                "report.tex:md5,512321126dc1c4d9b9a192ba3d1cdfab",
                "report.tsv:md5,49119bed16bfe42edc1f7eea4cc88285",
                "report.txt:md5,268849302381a1274215eb204b009617",
                "transposed_report.tex:md5,893cd3e8fff41c9fab0163cd494b5a2b",
                "transposed_report.tsv:md5,0cf75f8c23e764ae56d0e94e35bb416f",
                "transposed_report.txt:md5,17b7b7f331f2df604e12dd1d2788eb67",
                "SPAdesHybrid-MetaBAT2-group-0-2-fa.rna.gff:md5,df19e1b84ba6f691d20c72b397c88abf",
                "barrnap.log:md5,d41d8cd98f00b204e9800998ecf8427e",
                "report.tex:md5,bb02fff1678478530e9292ce5af12d76",
                "report.tsv:md5,a667ff5d4b3f1599160eda327e1e50e9",
                "report.txt:md5,6a234a365690835fa526ff6471df155a",
                "transposed_report.tex:md5,7ebb33ca6498fee27774cc8065d787dc",
                "transposed_report.tsv:md5,448d9b8ea794805a8e7926eb91e27fcd",
                "transposed_report.txt:md5,b9d84f6289c307e141b380b64635d3e9",
                "SPAdesHybrid-MetaBAT2-unclassified-unrefined-group-0-quast_summary.tsv:md5,7b1bca0b597a96de5ba8eeb416445a7c",
                "SPAdesHybrid-SemiBin2-group-0_0-fa.rna.gff:md5,6db5d2c49a6850198978bab453c95997",
                "barrnap.log:md5,d41d8cd98f00b204e9800998ecf8427e",
                "report.tex:md5,ad92a58a6f0928a528f553403cf31148",
                "report.tsv:md5,146fdc121f6546d656ab71c5af8a6c19",
                "report.txt:md5,3103d29bef46754b2b229fdbfe5f5dfe",
                "transposed_report.tex:md5,65fde16881a282a1f3cfa2cdb322560a",
                "transposed_report.tsv:md5,986df78c36d13e2180935da07c5ead6b",
                "transposed_report.txt:md5,19fe7341658d2be5bf9e00044fbdafc7",
                "SPAdesHybrid-SemiBin2-unclassified-unrefined-group-0-quast_summary.tsv:md5,986df78c36d13e2180935da07c5ead6b",
                "quast_bin_summary.tsv:md5,4b5fc2b1ab14308f66de26de76c7a839",
                "SPAdesHybrid-SemiBin2-group-0_0.fa.gz:md5,0282da678e865f3a23cc62da81f0840b",
                "bin_summary.tsv:md5,583c41695985c891b1d991be72357be3",
                "contig_to_bin_map.tsv:md5,69d7e4ae7275c26dc37ed166e9b37e61",
                "bin_depths_summary.tsv:md5,40e8bc07d984e2492af5815590c2158d",
                "versions.yml:md5,553ee8a62e65d93ce1163bb16314da29"
            ]
        ],
        "timestamp": "2026-05-15T10:06:46.437902608",
        "meta": {
            "nf-test": "0.9.5",
            "nextflow": "26.04.0"
        }
    },
    "content-checks": {
        "content": [
            "MaxBin2 bins non-empty: true",
            "MaxBin2 unbinned/discarded non-empty: true",
            "MetaBAT2 bins non-empty: true",
            "MetaBAT2 unbinned/discarded non-empty: true",
            "SemiBin2 bins non-empty: true",
            "Prokka GBK files contain LOCUS: true",
            "Prokka SQN files non-empty: true",
            "Bin summary row count matches bins: true"
        ],
        "timestamp": "2026-05-04T16:23:36.511781566",
        "meta": {
            "nf-test": "0.9.5",
            "nextflow": "26.04.0"
        }
    },
    "qc_shortreads": {
        "content": [
            [
                "QC_shortreads/fastp/minigut/minigut_run0_fastp.fastp.html",
                "QC_shortreads/fastp/minigut/minigut_run0_fastp.fastp.json",
                "QC_shortreads/fastp/minigut_sample2/minigut_sample2_run0_fastp.fastp.html",
                "QC_shortreads/fastp/minigut_sample2/minigut_sample2_run0_fastp.fastp.json",
                "QC_shortreads/fastqc/minigut_run0_raw_1_fastqc.html",
                "QC_shortreads/fastqc/minigut_run0_raw_2_fastqc.html",
                "QC_shortreads/fastqc/minigut_run0_trimmed_1_fastqc.html",
                "QC_shortreads/fastqc/minigut_run0_trimmed_2_fastqc.html",
                "QC_shortreads/fastqc/minigut_sample2_run0_raw_1_fastqc.html",
                "QC_shortreads/fastqc/minigut_sample2_run0_raw_2_fastqc.html",
                "QC_shortreads/fastqc/minigut_sample2_run0_trimmed_1_fastqc.html",
                "QC_shortreads/fastqc/minigut_sample2_run0_trimmed_2_fastqc.html",
                "QC_shortreads/remove_host/minigut_run0_host_removed.bowtie2.log",
                "QC_shortreads/remove_host/minigut_sample2_run0_host_removed.bowtie2.log",
                "QC_shortreads/remove_phix/minigut_run0_phix_removed.bowtie2.log",
                "QC_shortreads/remove_phix/minigut_sample2_run0_phix_removed.bowtie2.log"
            ],
            [
                "minigut_run0_fastp.fastp.json:md5,c637a0037923b601e72297ff4585d023",
                "minigut_sample2_run0_fastp.fastp.json:md5,fc5c5ba39ed5ee9ba34cb7ee724c783f",
                "minigut_run0_host_removed.bowtie2.log:md5,7f8750bca9c172f14c13703bfaa9aaa5",
                "minigut_sample2_run0_host_removed.bowtie2.log:md5,fb967944891311058a2c8f2255cfe118"
            ]
        ],
        "timestamp": "2026-05-15T10:06:40.980081869",
        "meta": {
            "nf-test": "0.9.5",
            "nextflow": "26.04.0"
        }
    },
    "multiqc": {
        "content": [
            [
                "multiqc/multiqc_data/bowtie2_pe_plot.yaml",
                "multiqc/multiqc_data/busco_plot_bacteria_odb10.yaml",
                "multiqc/multiqc_data/fastp-insert-size-plot.yaml",
                "multiqc/multiqc_data/fastp-seq-content-gc-plot_Read_1_After_filtering.yaml",
                "multiqc/multiqc_data/fastp-seq-content-gc-plot_Read_1_Before_filtering.yaml",
                "multiqc/multiqc_data/fastp-seq-content-gc-plot_Read_2_After_filtering.yaml",
                "multiqc/multiqc_data/fastp-seq-content-gc-plot_Read_2_Before_filtering.yaml",
                "multiqc/multiqc_data/fastp-seq-content-n-plot_Read_1_After_filtering.yaml",
                "multiqc/multiqc_data/fastp-seq-content-n-plot_Read_1_Before_filtering.yaml",
                "multiqc/multiqc_data/fastp-seq-content-n-plot_Read_2_After_filtering.yaml",
                "multiqc/multiqc_data/fastp-seq-content-n-plot_Read_2_Before_filtering.yaml",
                "multiqc/multiqc_data/fastp-seq-quality-plot_Read_1_After_filtering.yaml",
                "multiqc/multiqc_data/fastp-seq-quality-plot_Read_1_Before_filtering.yaml",
                "multiqc/multiqc_data/fastp-seq-quality-plot_Read_2_After_filtering.yaml",
                "multiqc/multiqc_data/fastp-seq-quality-plot_Read_2_Before_filtering.yaml",
                "multiqc/multiqc_data/fastp_filtered_reads_plot.yaml",
                "multiqc/multiqc_data/fastqc-1-status-check-heatmap.yaml",
                "multiqc/multiqc_data/fastqc-1_per_base_n_content_plot.yaml",
                "multiqc/multiqc_data/fastqc-1_per_base_sequence_quality_plot.yaml",
                "multiqc/multiqc_data/fastqc-1_per_sequence_gc_content_plot_Counts.yaml",
                "multiqc/multiqc_data/fastqc-1_per_sequence_gc_content_plot_Percentages.yaml",
                "multiqc/multiqc_data/fastqc-1_per_sequence_quality_scores_plot.yaml",
                "multiqc/multiqc_data/fastqc-1_sequence_counts_plot.yaml",
                "multiqc/multiqc_data/fastqc-1_sequence_duplication_levels_plot.yaml",
                "multiqc/multiqc_data/fastqc-status-check-heatmap.yaml",
                "multiqc/multiqc_data/fastqc_per_base_n_content_plot.yaml",
                "multiqc/multiqc_data/fastqc_per_base_sequence_quality_plot.yaml",
                "multiqc/multiqc_data/fastqc_per_sequence_gc_content_plot_Counts.yaml",
                "multiqc/multiqc_data/fastqc_per_sequence_gc_content_plot_Percentages.yaml",
                "multiqc/multiqc_data/fastqc_per_sequence_quality_scores_plot.yaml",
                "multiqc/multiqc_data/fastqc_sequence_counts_plot.yaml",
                "multiqc/multiqc_data/fastqc_sequence_duplication_levels_plot.yaml",
                "multiqc/multiqc_data/fastqc_sequence_length_distribution_plot.yaml",
                "multiqc/multiqc_data/llms-full.txt",
                "multiqc/multiqc_data/multiqc.log",
                "multiqc/multiqc_data/multiqc.parquet",
                "multiqc/multiqc_data/multiqc_bowtie2.yaml",
                "multiqc/multiqc_data/multiqc_bowtie2_bowtie2-1.yaml",
                "multiqc/multiqc_data/multiqc_bowtie2_bowtie2-2.yaml",
                "multiqc/multiqc_data/multiqc_busco.yaml",
                "multiqc/multiqc_data/multiqc_citations.yaml",
                "multiqc/multiqc_data/multiqc_data.json",
                "multiqc/multiqc_data/multiqc_fastp.yaml",
                "multiqc/multiqc_data/multiqc_fastqc.yaml",
                "multiqc/multiqc_data/multiqc_fastqc_fastqc-1.yaml",
                "multiqc/multiqc_data/multiqc_general_stats.yaml",
                "multiqc/multiqc_data/multiqc_prokka.yaml",
                "multiqc/multiqc_data/multiqc_quast.yaml",
                "multiqc/multiqc_data/multiqc_quast_quast-1.yaml",
                "multiqc/multiqc_data/multiqc_software_versions.yaml",
                "multiqc/multiqc_data/multiqc_sources.yaml",
                "multiqc/multiqc_data/porechop.yaml",
                "multiqc/multiqc_data/prokka_plot.yaml",
                "multiqc/multiqc_data/quast_num_contigs.yaml",
                "multiqc/multiqc_data/quast_table.yaml",
                "multiqc/multiqc_plots/pdf/bowtie2_pe_plot-cnt.pdf",
                "multiqc/multiqc_plots/pdf/bowtie2_pe_plot-pct.pdf",
                "multiqc/multiqc_plots/pdf/busco_plot_bacteria_odb10-cnt.pdf",
                "multiqc/multiqc_plots/pdf/busco_plot_bacteria_odb10-pct.pdf",
                "multiqc/multiqc_plots/pdf/fastp-insert-size-plot.pdf",
                "multiqc/multiqc_plots/pdf/fastp-seq-content-gc-plot_Read_1_After_filtering.pdf",
                "multiqc/multiqc_plots/pdf/fastp-seq-content-gc-plot_Read_1_Before_filtering.pdf",
                "multiqc/multiqc_plots/pdf/fastp-seq-content-gc-plot_Read_2_After_filtering.pdf",
                "multiqc/multiqc_plots/pdf/fastp-seq-content-gc-plot_Read_2_Before_filtering.pdf",
                "multiqc/multiqc_plots/pdf/fastp-seq-content-n-plot_Read_1_After_filtering.pdf",
                "multiqc/multiqc_plots/pdf/fastp-seq-content-n-plot_Read_1_Before_filtering.pdf",
                "multiqc/multiqc_plots/pdf/fastp-seq-content-n-plot_Read_2_After_filtering.pdf",
                "multiqc/multiqc_plots/pdf/fastp-seq-content-n-plot_Read_2_Before_filtering.pdf",
                "multiqc/multiqc_plots/pdf/fastp-seq-quality-plot_Read_1_After_filtering.pdf",
                "multiqc/multiqc_plots/pdf/fastp-seq-quality-plot_Read_1_Before_filtering.pdf",
                "multiqc/multiqc_plots/pdf/fastp-seq-quality-plot_Read_2_After_filtering.pdf",
                "multiqc/multiqc_plots/pdf/fastp-seq-quality-plot_Read_2_Before_filtering.pdf",
                "multiqc/multiqc_plots/pdf/fastp_filtered_reads_plot-cnt.pdf",
                "multiqc/multiqc_plots/pdf/fastp_filtered_reads_plot-pct.pdf",
                "multiqc/multiqc_plots/pdf/fastqc-1-status-check-heatmap.pdf",
                "multiqc/multiqc_plots/pdf/fastqc-1_per_base_n_content_plot.pdf",
                "multiqc/multiqc_plots/pdf/fastqc-1_per_base_sequence_quality_plot.pdf",
                "multiqc/multiqc_plots/pdf/fastqc-1_per_sequence_gc_content_plot_Counts.pdf",
                "multiqc/multiqc_plots/pdf/fastqc-1_per_sequence_gc_content_plot_Percentages.pdf",
                "multiqc/multiqc_plots/pdf/fastqc-1_per_sequence_quality_scores_plot.pdf",
                "multiqc/multiqc_plots/pdf/fastqc-1_sequence_counts_plot-cnt.pdf",
                "multiqc/multiqc_plots/pdf/fastqc-1_sequence_counts_plot-pct.pdf",
                "multiqc/multiqc_plots/pdf/fastqc-1_sequence_duplication_levels_plot.pdf",
                "multiqc/multiqc_plots/pdf/fastqc-status-check-heatmap.pdf",
                "multiqc/multiqc_plots/pdf/fastqc_per_base_n_content_plot.pdf",
                "multiqc/multiqc_plots/pdf/fastqc_per_base_sequence_quality_plot.pdf",
                "multiqc/multiqc_plots/pdf/fastqc_per_sequence_gc_content_plot_Counts.pdf",
                "multiqc/multiqc_plots/pdf/fastqc_per_sequence_gc_content_plot_Percentages.pdf",
                "multiqc/multiqc_plots/pdf/fastqc_per_sequence_quality_scores_plot.pdf",
                "multiqc/multiqc_plots/pdf/fastqc_sequence_counts_plot-cnt.pdf",
                "multiqc/multiqc_plots/pdf/fastqc_sequence_counts_plot-pct.pdf",
                "multiqc/multiqc_plots/pdf/fastqc_sequence_duplication_levels_plot.pdf",
                "multiqc/multiqc_plots/pdf/fastqc_sequence_length_distribution_plot.pdf",
                "multiqc/multiqc_plots/pdf/prokka_plot-cnt.pdf",
                "multiqc/multiqc_plots/pdf/prokka_plot-pct.pdf",
                "multiqc/multiqc_plots/pdf/quast_num_contigs-cnt.pdf",
                "multiqc/multiqc_plots/pdf/quast_num_contigs-pct.pdf",
                "multiqc/multiqc_plots/pdf/quast_table.pdf",
                "multiqc/multiqc_plots/png/bowtie2_pe_plot-cnt.png",
                "multiqc/multiqc_plots/png/bowtie2_pe_plot-pct.png",
                "multiqc/multiqc_plots/png/busco_plot_bacteria_odb10-cnt.png",
                "multiqc/multiqc_plots/png/busco_plot_bacteria_odb10-pct.png",
                "multiqc/multiqc_plots/png/fastp-insert-size-plot.png",
                "multiqc/multiqc_plots/png/fastp-seq-content-gc-plot_Read_1_After_filtering.png",
                "multiqc/multiqc_plots/png/fastp-seq-content-gc-plot_Read_1_Before_filtering.png",
                "multiqc/multiqc_plots/png/fastp-seq-content-gc-plot_Read_2_After_filtering.png",
                "multiqc/multiqc_plots/png/fastp-seq-content-gc-plot_Read_2_Before_filtering.png",
                "multiqc/multiqc_plots/png/fastp-seq-content-n-plot_Read_1_After_filtering.png",
                "multiqc/multiqc_plots/png/fastp-seq-content-n-plot_Read_1_Before_filtering.png",
                "multiqc/multiqc_plots/png/fastp-seq-content-n-plot_Read_2_After_filtering.png",
                "multiqc/multiqc_plots/png/fastp-seq-content-n-plot_Read_2_Before_filtering.png",
                "multiqc/multiqc_plots/png/fastp-seq-quality-plot_Read_1_After_filtering.png",
                "multiqc/multiqc_plots/png/fastp-seq-quality-plot_Read_1_Before_filtering.png",
                "multiqc/multiqc_plots/png/fastp-seq-quality-plot_Read_2_After_filtering.png",
                "multiqc/multiqc_plots/png/fastp-seq-quality-plot_Read_2_Before_filtering.png",
                "multiqc/multiqc_plots/png/fastp_filtered_reads_plot-cnt.png",
                "multiqc/multiqc_plots/png/fastp_filtered_reads_plot-pct.png",
                "multiqc/multiqc_plots/png/fastqc-1-status-check-heatmap.png",
                "multiqc/multiqc_plots/png/fastqc-1_per_base_n_content_plot.png",
                "multiqc/multiqc_plots/png/fastqc-1_per_base_sequence_quality_plot.png",
                "multiqc/multiqc_plots/png/fastqc-1_per_sequence_gc_content_plot_Counts.png",
                "multiqc/multiqc_plots/png/fastqc-1_per_sequence_gc_content_plot_Percentages.png",
                "multiqc/multiqc_plots/png/fastqc-1_per_sequence_quality_scores_plot.png",
                "multiqc/multiqc_plots/png/fastqc-1_sequence_counts_plot-cnt.png",
                "multiqc/multiqc_plots/png/fastqc-1_sequence_counts_plot-pct.png",
                "multiqc/multiqc_plots/png/fastqc-1_sequence_duplication_levels_plot.png",
                "multiqc/multiqc_plots/png/fastqc-status-check-heatmap.png",
                "multiqc/multiqc_plots/png/fastqc_per_base_n_content_plot.png",
                "multiqc/multiqc_plots/png/fastqc_per_base_sequence_quality_plot.png",
                "multiqc/multiqc_plots/png/fastqc_per_sequence_gc_content_plot_Counts.png",
                "multiqc/multiqc_plots/png/fastqc_per_sequence_gc_content_plot_Percentages.png",
                "multiqc/multiqc_plots/png/fastqc_per_sequence_quality_scores_plot.png",
                "multiqc/multiqc_plots/png/fastqc_sequence_counts_plot-cnt.png",
                "multiqc/multiqc_plots/png/fastqc_sequence_counts_plot-pct.png",
                "multiqc/multiqc_plots/png/fastqc_sequence_duplication_levels_plot.png",
                "multiqc/multiqc_plots/png/fastqc_sequence_length_distribution_plot.png",
                "multiqc/multiqc_plots/png/prokka_plot-cnt.png",
                "multiqc/multiqc_plots/png/prokka_plot-pct.png",
                "multiqc/multiqc_plots/png/quast_num_contigs-cnt.png",
                "multiqc/multiqc_plots/png/quast_num_contigs-pct.png",
                "multiqc/multiqc_plots/png/quast_table.png",
                "multiqc/multiqc_plots/svg/bowtie2_pe_plot-cnt.svg",
                "multiqc/multiqc_plots/svg/bowtie2_pe_plot-pct.svg",
                "multiqc/multiqc_plots/svg/busco_plot_bacteria_odb10-cnt.svg",
                "multiqc/multiqc_plots/svg/busco_plot_bacteria_odb10-pct.svg",
                "multiqc/multiqc_plots/svg/fastp-insert-size-plot.svg",
                "multiqc/multiqc_plots/svg/fastp-seq-content-gc-plot_Read_1_After_filtering.svg",
                "multiqc/multiqc_plots/svg/fastp-seq-content-gc-plot_Read_1_Before_filtering.svg",
                "multiqc/multiqc_plots/svg/fastp-seq-content-gc-plot_Read_2_After_filtering.svg",
                "multiqc/multiqc_plots/svg/fastp-seq-content-gc-plot_Read_2_Before_filtering.svg",
                "multiqc/multiqc_plots/svg/fastp-seq-content-n-plot_Read_1_After_filtering.svg",
                "multiqc/multiqc_plots/svg/fastp-seq-content-n-plot_Read_1_Before_filtering.svg",
                "multiqc/multiqc_plots/svg/fastp-seq-content-n-plot_Read_2_After_filtering.svg",
                "multiqc/multiqc_plots/svg/fastp-seq-content-n-plot_Read_2_Before_filtering.svg",
                "multiqc/multiqc_plots/svg/fastp-seq-quality-plot_Read_1_After_filtering.svg",
                "multiqc/multiqc_plots/svg/fastp-seq-quality-plot_Read_1_Before_filtering.svg",
                "multiqc/multiqc_plots/svg/fastp-seq-quality-plot_Read_2_After_filtering.svg",
                "multiqc/multiqc_plots/svg/fastp-seq-quality-plot_Read_2_Before_filtering.svg",
                "multiqc/multiqc_plots/svg/fastp_filtered_reads_plot-cnt.svg",
                "multiqc/multiqc_plots/svg/fastp_filtered_reads_plot-pct.svg",
                "multiqc/multiqc_plots/svg/fastqc-1-status-check-heatmap.svg",
                "multiqc/multiqc_plots/svg/fastqc-1_per_base_n_content_plot.svg",
                "multiqc/multiqc_plots/svg/fastqc-1_per_base_sequence_quality_plot.svg",
                "multiqc/multiqc_plots/svg/fastqc-1_per_sequence_gc_content_plot_Counts.svg",
                "multiqc/multiqc_plots/svg/fastqc-1_per_sequence_gc_content_plot_Percentages.svg",
                "multiqc/multiqc_plots/svg/fastqc-1_per_sequence_quality_scores_plot.svg",
                "multiqc/multiqc_plots/svg/fastqc-1_sequence_counts_plot-cnt.svg",
                "multiqc/multiqc_plots/svg/fastqc-1_sequence_counts_plot-pct.svg",
                "multiqc/multiqc_plots/svg/fastqc-1_sequence_duplication_levels_plot.svg",
                "multiqc/multiqc_plots/svg/fastqc-status-check-heatmap.svg",
                "multiqc/multiqc_plots/svg/fastqc_per_base_n_content_plot.svg",
                "multiqc/multiqc_plots/svg/fastqc_per_base_sequence_quality_plot.svg",
                "multiqc/multiqc_plots/svg/fastqc_per_sequence_gc_content_plot_Counts.svg",
                "multiqc/multiqc_plots/svg/fastqc_per_sequence_gc_content_plot_Percentages.svg",
                "multiqc/multiqc_plots/svg/fastqc_per_sequence_quality_scores_plot.svg",
                "multiqc/multiqc_plots/svg/fastqc_sequence_counts_plot-cnt.svg",
                "multiqc/multiqc_plots/svg/fastqc_sequence_counts_plot-pct.svg",
                "multiqc/multiqc_plots/svg/fastqc_sequence_duplication_levels_plot.svg",
                "multiqc/multiqc_plots/svg/fastqc_sequence_length_distribution_plot.svg",
                "multiqc/multiqc_plots/svg/prokka_plot-cnt.svg",
                "multiqc/multiqc_plots/svg/prokka_plot-pct.svg",
                "multiqc/multiqc_plots/svg/quast_num_contigs-cnt.svg",
                "multiqc/multiqc_plots/svg/quast_num_contigs-pct.svg",
                "multiqc/multiqc_plots/svg/quast_table.svg",
                "multiqc/multiqc_report.html"
            ],
            [
                "bowtie2_pe_plot.yaml:md5,8a2047a5538fd51ce725faedec5487c3",
                "busco_plot_bacteria_odb10.yaml:md5,06b8c949a536350ff6f8fe83394c1a9c",
                "fastp-insert-size-plot.yaml:md5,02d324f6ace8d834193b822ce180ce48",
                "fastp-seq-content-gc-plot_Read_1_After_filtering.yaml:md5,6a2cb29d315e6f885f959c2f4c1c3ef9",
                "fastp-seq-content-gc-plot_Read_1_Before_filtering.yaml:md5,03ef1d13caf93d7965f7ec1032fe4334",
                "fastp-seq-content-gc-plot_Read_2_After_filtering.yaml:md5,7d1a519b24512133709ca23fcf4a17e1",
                "fastp-seq-content-gc-plot_Read_2_Before_filtering.yaml:md5,e6d9b1b9679151177f5430d13a81c9cc",
                "fastp-seq-content-n-plot_Read_1_After_filtering.yaml:md5,02057aac1a9d1c49db3ad4fc38136839",
                "fastp-seq-content-n-plot_Read_1_Before_filtering.yaml:md5,08a1e245681d96f248726e7e88e480e0",
                "fastp-seq-content-n-plot_Read_2_After_filtering.yaml:md5,2cc963faa1a69392e7a1146115a93336",
                "fastp-seq-content-n-plot_Read_2_Before_filtering.yaml:md5,59b24e93999bd1956042ceb99e1aebdd",
                "fastp-seq-quality-plot_Read_1_After_filtering.yaml:md5,368bf02e2489616294750a995aad99ca",
                "fastp-seq-quality-plot_Read_1_Before_filtering.yaml:md5,6ba9c53438ffcc89070793068d04485c",
                "fastp-seq-quality-plot_Read_2_After_filtering.yaml:md5,902bcc7eba91949063af4721992afe5d",
                "fastp-seq-quality-plot_Read_2_Before_filtering.yaml:md5,374b02092ca359a6040320a0245627e3",
                "fastp_filtered_reads_plot.yaml:md5,a692d52da8e1480e28626e99da06e364",
                "fastqc-1-status-check-heatmap.yaml:md5,1225e6830abcf2b395ddf17a5be832d4",
                "fastqc-1_per_base_n_content_plot.yaml:md5,c9adbf3efa47aefba10c69b69dfde565",
                "fastqc-1_per_base_sequence_quality_plot.yaml:md5,69256508237425da8d133ab5341ec6b4",
                "fastqc-1_per_sequence_gc_content_plot_Counts.yaml:md5,a133b155aa52359c81ce3e087bc427e0",
                "fastqc-1_per_sequence_gc_content_plot_Percentages.yaml:md5,427d2bccdf58acef7a92931f2dcfffb9",
                "fastqc-1_per_sequence_quality_scores_plot.yaml:md5,0cfdf748859569540733c1a3301de075",
                "fastqc-1_sequence_counts_plot.yaml:md5,c90771d9315de84e97d9e78c032e3b80",
                "fastqc-1_sequence_duplication_levels_plot.yaml:md5,7d1897f021fef7ca2bca60b4656cb6b2",
                "fastqc-status-check-heatmap.yaml:md5,4ae38f40ad28d2a0d597b32c8e46ae40",
                "fastqc_per_base_n_content_plot.yaml:md5,4bc1a99a6472c3b91b9b428332cee9a5",
                "fastqc_per_base_sequence_quality_plot.yaml:md5,919270b1261b401e46fa05c696470616",
                "fastqc_per_sequence_gc_content_plot_Counts.yaml:md5,7e2fd1522b5ecb644b116309f79ba710",
                "fastqc_per_sequence_gc_content_plot_Percentages.yaml:md5,5206b7d309f60cbe21b216ac2b1748ec",
                "fastqc_per_sequence_quality_scores_plot.yaml:md5,c4248f979fbd59a4c906ad41ba11b0db",
                "fastqc_sequence_counts_plot.yaml:md5,9aac65e684109c463fe7d115e9f20606",
                "fastqc_sequence_duplication_levels_plot.yaml:md5,0e965af482c5d4b24d08bdb3b6837dc9",
                "fastqc_sequence_length_distribution_plot.yaml:md5,544632a9eea3271872e97c99482237cf",
                "multiqc_bowtie2.yaml:md5,72037456e22f1daf9f1ad197bd3aedc8",
                "multiqc_bowtie2_bowtie2-1.yaml:md5,72037456e22f1daf9f1ad197bd3aedc8",
                "multiqc_bowtie2_bowtie2-2.yaml:md5,10fc49b623518f680240c24e2e07dc01",
                "multiqc_busco.yaml:md5,33c2cfea98d5ada05adec2df519fb7b7",
                "multiqc_citations.yaml:md5,49f79471c1620b06da08b1acb97a1e56",
                "multiqc_fastp.yaml:md5,ff4fe8f96e7c304ea399605accc49309",
                "multiqc_fastqc.yaml:md5,73d757b21a60f2dc068857b6fc6c4ff9",
                "multiqc_fastqc_fastqc-1.yaml:md5,db2e5e4e0b16c4ef7cd8cbbff06c40eb",
                "multiqc_general_stats.yaml:md5,5f43ccabb322ce2a3a1420146f23696a",
                "multiqc_prokka.yaml:md5,eb20274660c75267739f583fbc04a33d",
                "multiqc_quast.yaml:md5,1fbcaf51a7f9a3bec78e3b1cbdfc1c05",
                "multiqc_quast_quast-1.yaml:md5,46425a4116a7373ab846047b26040218",
                "porechop.yaml:md5,828d96e2822bb4b4108ab706c00c4450",
                "prokka_plot.yaml:md5,8447668355cce401f9701dca6d41cfbe",
                "quast_num_contigs.yaml:md5,1b137308b05b6fa352f0beae0f9a52a8",
                "quast_table.yaml:md5,58435e5fee6223ee80dd91ec980fcd82"
            ]
        ],
        "timestamp": "2026-05-15T10:06:50.956889261",
        "meta": {
            "nf-test": "0.9.5",
            "nextflow": "26.04.0"
        }
    },
    "summary-rows": {
        "content": [
            "Bin summary: 5",
            "QUAST bin summary: 5",
            "BUSCO summary: 5"
        ],
        "timestamp": "2026-05-15T10:06:55.11201008",
        "meta": {
            "nf-test": "0.9.5",
            "nextflow": "26.04.0"
        }
    }
}